<html>
<body>
<pre>
<h1>µVision Build Log</h1>
<h2>Tool Versions:</h2>
IDE-Version: µVision V5.24.2.0
Copyright (C) 2017 ARM Ltd and ARM Germany GmbH. All rights reserved.
License Information: SCSE Hardware 1, NTU, LIC=----
 
Tool Versions:
Toolchain:       MDK-Lite  Version: 5.24.1
Toolchain Path:  C:\Keil_v5\ARM\ARMCC\Bin
C Compiler:      Armcc.exe V5.06 update 5 (build 528)
Assembler:       Armasm.exe V5.06 update 5 (build 528)
Linker/Locator:  ArmLink.exe V5.06 update 5 (build 528)
Library Manager: ArmAr.exe V5.06 update 5 (build 528)
Hex Converter:   FromElf.exe V5.06 update 5 (build 528)
CPU DLL:         SARMCM3.DLL V5.24.1
Dialog DLL:      DCM.DLL V1.16.0.0
Target DLL:      STLink\ST-LINKIII-KEIL_SWO.dll V3.0.1.0
Dialog DLL:      TCM.DLL V1.32.0.0
 
<h2>Project:</h2>
C:\Users\CHAN0990\Desktop\Ming Han\lab1.uvproj
Project File Date:  09/05/2024

<h2>Output:</h2>
*** Using Compiler 'V5.06 update 5 (build 528)', folder: 'C:\Keil_v5\ARM\ARMCC\Bin'
Rebuild target 'HelloWorld'
assembling startup_stm32f40_41xxx.s...
compiling stm32f4xx_it.c...
compiling misc.c...
compiling system_stm32f4xx.c...
compiling stm32f4xx_gpio.c...
compiling sys.c...
compiling stm32f4xx_pwr.c...
compiling stm32f4xx_syscfg.c...
compiling stm32f4xx_tim.c...
compiling stm32f4xx_i2c.c...
compiling stm32f4xx_usart.c...
compiling main.c...
.\LibraryFiles\Hardware\buz.h(19): warning:  #1-D: last line of file ends without a newline
  #endif
main.c(31): warning:  #1-D: last line of file ends without a newline
  }
main.c: 2 warnings, 0 errors
compiling delay.c...
compiling stm32f4xx_rcc.c...
compiling system.c...
.\LibraryFiles\Hardware\buz.h(19): warning:  #1-D: last line of file ends without a newline
  #endif
LibraryFiles\SYSTEM\sys\system.c(14): warning:  #223-D: function "OLED_Init" declared implicitly
  	OLED_Init();
LibraryFiles\SYSTEM\sys\system.c: 2 warnings, 0 errors
compiling led.c...
.\LibraryFiles\Hardware\buz.h(19): warning:  #1-D: last line of file ends without a newline
  #endif
LibraryFiles\Hardware\led.c: 1 warning, 0 errors
compiling croutine.c...
compiling show.c...
.\LibraryFiles\Hardware\buz.h(19): warning:  #1-D: last line of file ends without a newline
  #endif
LibraryFiles\Hardware\show.c(43): warning:  #167-D: argument of type "char *" is incompatible with parameter of type "const uint8_t *"
     OLED_ShowString(0,10, s);
LibraryFiles\Hardware\show.c(56): warning:  #1-D: last line of file ends without a newline
   }
LibraryFiles\Hardware\show.c: 3 warnings, 0 errors
compiling oled.c...
.\LibraryFiles\Hardware\buz.h(19): warning:  #1-D: last line of file ends without a newline
  #endif
LibraryFiles\Hardware\oled.c: 1 warning, 0 errors
compiling buz.c...
.\LibraryFiles\Hardware\buz.h(19): warning:  #1-D: last line of file ends without a newline
  #endif
LibraryFiles\Hardware\buz.h(19): warning:  #1-D: last line of file ends without a newline
  #endif
LibraryFiles\Hardware\buz.c: 2 warnings, 0 errors
compiling list.c...
compiling event_groups.c...
compiling heap_4.c...
compiling queue.c...
compiling port.c...
compiling stream_buffer.c...
compiling timers.c...
compiling tasks.c...
linking...
Program Size: Code=8158 RO-data=3086 RW-data=164 ZI-data=23980  
FromELF: creating hex file...
".\Objects\lab1.axf" - 0 Error(s), 11 Warning(s).
Build Time Elapsed:  00:00:04
</pre>
</body>
</html>
