<html>
<body>
<pre>
<h1>µVision Build Log</h1>
<h2>Tool Versions:</h2>
IDE-Version: µVision V5.24.2.0
Copyright (C) 2017 ARM Ltd and ARM Germany GmbH. All rights reserved.
License Information: SCSE Hardware 1, NTU, LIC=----
 
Tool Versions:
Toolchain:       MDK-Lite  Version: 5.24.1
Toolchain Path:  C:\Keil_v5\ARM\ARMCC\Bin
C Compiler:      Armcc.exe V5.06 update 5 (build 528)
Assembler:       Armasm.exe V5.06 update 5 (build 528)
Linker/Locator:  ArmLink.exe V5.06 update 5 (build 528)
Library Manager: ArmAr.exe V5.06 update 5 (build 528)
Hex Converter:   FromElf.exe V5.06 update 5 (build 528)
CPU DLL:         SARMCM3.DLL V5.24.1
Dialog DLL:      DCM.DLL V1.16.0.0
Target DLL:      STLink\ST-LINKIII-KEIL_SWO.dll V3.0.1.0
Dialog DLL:      TCM.DLL V1.32.0.0
 
<h2>Project:</h2>
C:\Users\chan0990\Desktop\ce3103\lab1.uvproj
Project File Date:  09/19/2024

<h2>Output:</h2>
*** Using Compiler 'V5.06 update 5 (build 528)', folder: 'C:\Keil_v5\ARM\ARMCC\Bin'
Rebuild target 'HelloWorld'
assembling startup_stm32f40_41xxx.s...
compiling sys.c...
compiling system_stm32f4xx.c...
compiling misc.c...
compiling stm32f4xx_it.c...
compiling stm32f4xx_syscfg.c...
compiling stm32f4xx_usart.c...
compiling stm32f4xx_gpio.c...
compiling stm32f4xx_i2c.c...
compiling stm32f4xx_pwr.c...
compiling stm32f4xx_rcc.c...
compiling main.c...
.\LibraryFiles\Hardware\buz.h(19): warning:  #1-D: last line of file ends without a newline
  #endif
.\LibraryFiles\Hardware\uart.h(17): warning:  #1-D: last line of file ends without a newline
  #endif
.\LibraryFiles\Hardware\button.h(17): warning:  #1-D: last line of file ends without a newline
  #endif
main.c(80): warning:  #1-D: last line of file ends without a newline
  }
 with parameter of type "TimerCallbackFunction_t"
    xTimer = xTimerCreate("timer", 5000, 
dTRUE, 0, led_task);
main.c: 5 warnings, 0 errors
compiling delay.c...
compiling system.c...
.\LibraryFiles\Hardware\buz.h(19): warning:  #1-D: last line of file ends without a newline
  #endif
.\LibraryFiles\Hardware\uart.h(17): warning:  #1-D: last line of file ends without a newline
  #endif
.\LibraryFiles\Hardware\button.h(17): warning:  #1-D: last line of file ends without a newline
  #endif
LibraryFiles\SYSTEM\sys\system.c(16): warning:  #223-D: function "uart3_init" declared implicitly
  	uart3_init(115200);
LibraryFiles\SYSTEM\sys\system.c: 4 warnings, 0 errors
compiling stm32f4xx_tim.c...
compiling led.c...
.\LibraryFiles\Hardware\buz.h(19): warning:  #1-D: last line of file ends without a newline
  #endif
.\LibraryFiles\Hardware\uart.h(17): warning:  #1-D: last line of file ends without a newline
  #endif
.\LibraryFiles\Hardware\button.h(17): warning:  #1-D: last line of file ends without a newline
  #endif
LibraryFiles\Hardware\led.c: 3 warnings, 0 errors
compiling croutine.c...
compiling list.c...
compiling uart.c...
.\LibraryFiles\Hardware\buz.h(19): warning:  #1-D: last line of file ends without a newline
  #endif
.\LibraryFiles\Hardware\uart.h(17): warning:  #1-D: last line of file ends without a newline
  #endif
.\LibraryFiles\Hardware\button.h(17): warning:  #1-D: last line of file ends without a newline
  #endif
LibraryFiles\Hardware\uart.c(61): warning:  #1-D: last line of file ends without a newline
  }
LibraryFiles\Hardware\uart.c: 4 warnings, 0 errors
compiling oled.c...
.\LibraryFiles\Hardware\buz.h(19): warning:  #1-D: last line of file ends without a newline
  #endif
.\LibraryFiles\Hardware\uart.h(17): warning:  #1-D: last line of file ends without a newline
  #endif
.\LibraryFiles\Hardware\button.h(17): warning:  #1-D: last line of file ends without a newline
  #endif
LibraryFiles\Hardware\oled.c: 3 warnings, 0 errors
compiling playSong.c...
.\LibraryFiles\Hardware\buz.h(19): warning:  #1-D: last line of file ends without a newline
  #endif
.\LibraryFiles\Hardware\uart.h(17): warning:  #1-D: last line of file ends without a newline
  #endif
.\LibraryFiles\Hardware\button.h(17): warning:  #1-D: last line of file ends without a newline
  #endif
LibraryFiles\Hardware\playSong.c(94): warning:  #1-D: last line of file ends without a newline
  }
LibraryFiles\Hardware\playSong.c(71): warning:  #177-D: function "playSong"  was declared but never referenced
  static void playSong(uint8_t *song) {
LibraryFiles\Hardware\playSong.c: 5 warnings, 0 errors
compiling heap_4.c...
compiling buz.c...
.\LibraryFiles\Hardware\buz.h(19): warning:  #1-D: last line of file ends without a newline
  #endif
.\LibraryFiles\Hardware\uart.h(17): warning:  #1-D: last line of file ends without a newline
  #endif
.\LibraryFiles\Hardware\button.h(17): warning:  #1-D: last line of file ends without a newline
  #endif
LibraryFiles\Hardware\buz.h(19): warning:  #1-D: last line of file ends without a newline
  #endif
LibraryFiles\Hardware\buz.c: 4 warnings, 0 errors
compiling event_groups.c...
compiling show.c...
.\LibraryFiles\Hardware\buz.h(19): warning:  #1-D: last line of file ends without a newline
  #endif
.\LibraryFiles\Hardware\uart.h(17): warning:  #1-D: last line of file ends without a newline
  #endif
.\LibraryFiles\Hardware\button.h(17): warning:  #1-D: last line of file ends without a newline
  #endif
LibraryFiles\Hardware\show.c(28): warning:  #167-D: argument of type "char *" is incompatible with parameter of type "const uint8_t *"
      OLED_ShowString(0, 10, s);
LibraryFiles\Hardware\show.c: 4 warnings, 0 errors
compiling stream_buffer.c...
compiling button.c...
.\LibraryFiles\Hardware\buz.h(19): warning:  #1-D: last line of file ends without a newline
  #endif
.\LibraryFiles\Hardware\uart.h(17): warning:  #1-D: last line of file ends without a newline
  #endif
.\LibraryFiles\Hardware\button.h(17): warning:  #1-D: last line of file ends without a newline
  #endif
LibraryFiles\Hardware\playSong.c(94): warning:  #1-D: last line of file ends without a newline
  }
LibraryFiles\Hardware\button.c(31): warning:  #1-D: last line of file ends without a newline
  }
LibraryFiles\Hardware\button.c: 5 warnings, 0 errors
compiling queue.c...
compiling timers.c...
compiling port.c...
compiling tasks.c...
linking...
Program Size: Code=9446 RO-data=3194 RW-data=240 ZI-data=23992  
FromELF: creating hex file...
".\Objects\lab1.axf" - 0 Error(s), 36 Warning(s).
Build Time Elapsed:  00:00:04
</pre>
</body>
</html>
