Component: ARM Compiler 5.06 update 5 (build 528) Tool: armlink [4d35e2]

==============================================================================

Section Cross References

    main.o(i.USART3_IRQHandler) refers to stm32f4xx_usart.o(i.USART_GetITStatus) for USART_GetITStatus
    main.o(i.USART3_IRQHandler) refers to stm32f4xx_usart.o(i.USART_ReceiveData) for USART_ReceiveData
    main.o(i.USART3_IRQHandler) refers to oled.o(i.OLED_Clear) for OLED_Clear
    main.o(i.USART3_IRQHandler) refers to oled.o(i.OLED_ShowString) for OLED_ShowString
    main.o(i.USART3_IRQHandler) refers to timers.o(i.xTimerGenericCommand) for xTimerGenericCommand
    main.o(i.USART3_IRQHandler) refers to oled.o(i.OLED_Refresh_Gram) for OLED_Refresh_Gram
    main.o(i.USART3_IRQHandler) refers to main.o(.data) for .data
    main.o(i.USART3_IRQHandler) refers to main.o(.bss) for .bss
    main.o(i.main) refers to timers.o(i.xTimerCreate) for xTimerCreate
    main.o(i.main) refers to system.o(i.systemInit) for systemInit
    main.o(i.main) refers to tasks.o(i.xTaskGetTickCount) for xTaskGetTickCount
    main.o(i.main) refers to timers.o(i.xTimerGenericCommand) for xTimerGenericCommand
    main.o(i.main) refers to tasks.o(i.xTaskCreate) for xTaskCreate
    main.o(i.main) refers to tasks.o(i.vTaskStartScheduler) for vTaskStartScheduler
    main.o(i.main) refers to led.o(i.led_task) for led_task
    main.o(i.main) refers to main.o(.data) for .data
    main.o(i.main) refers to main.o(i.start_task) for start_task
    main.o(i.start_task) refers to port.o(i.vPortEnterCritical) for vPortEnterCritical
    main.o(i.start_task) refers to tasks.o(i.xTaskCreate) for xTaskCreate
    main.o(i.start_task) refers to tasks.o(i.vTaskDelete) for vTaskDelete
    main.o(i.start_task) refers to port.o(i.vPortExitCritical) for vPortExitCritical
    main.o(i.start_task) refers to button.o(i.button_task) for button_task
    main.o(i.start_task) refers to uart.o(i.uart_task) for uart_task
    main.o(i.start_task) refers to main.o(.data) for .data
    startup_stm32f40_41xxx.o(STACK) refers (Special) to heapauxi.o(.text) for __use_two_region_memory
    startup_stm32f40_41xxx.o(HEAP) refers (Special) to heapauxi.o(.text) for __use_two_region_memory
    startup_stm32f40_41xxx.o(RESET) refers (Special) to heapauxi.o(.text) for __use_two_region_memory
    startup_stm32f40_41xxx.o(RESET) refers to startup_stm32f40_41xxx.o(STACK) for __initial_sp
    startup_stm32f40_41xxx.o(RESET) refers to startup_stm32f40_41xxx.o(.text) for Reset_Handler
    startup_stm32f40_41xxx.o(RESET) refers to stm32f4xx_it.o(i.NMI_Handler) for NMI_Handler
    startup_stm32f40_41xxx.o(RESET) refers to stm32f4xx_it.o(i.HardFault_Handler) for HardFault_Handler
    startup_stm32f40_41xxx.o(RESET) refers to stm32f4xx_it.o(i.MemManage_Handler) for MemManage_Handler
    startup_stm32f40_41xxx.o(RESET) refers to stm32f4xx_it.o(i.BusFault_Handler) for BusFault_Handler
    startup_stm32f40_41xxx.o(RESET) refers to stm32f4xx_it.o(i.UsageFault_Handler) for UsageFault_Handler
    startup_stm32f40_41xxx.o(RESET) refers to port.o(.emb_text) for SVC_Handler
    startup_stm32f40_41xxx.o(RESET) refers to stm32f4xx_it.o(i.DebugMon_Handler) for DebugMon_Handler
    startup_stm32f40_41xxx.o(RESET) refers to delay.o(i.SysTick_Handler) for SysTick_Handler
    startup_stm32f40_41xxx.o(RESET) refers to main.o(i.USART3_IRQHandler) for USART3_IRQHandler
    startup_stm32f40_41xxx.o(.text) refers (Special) to heapauxi.o(.text) for __use_two_region_memory
    startup_stm32f40_41xxx.o(.text) refers to system_stm32f4xx.o(i.SystemInit) for SystemInit
    startup_stm32f40_41xxx.o(.text) refers to __main.o(!!!main) for __main
    startup_stm32f40_41xxx.o(.text) refers to startup_stm32f40_41xxx.o(HEAP) for Heap_Mem
    startup_stm32f40_41xxx.o(.text) refers to startup_stm32f40_41xxx.o(STACK) for Stack_Mem
    system_stm32f4xx.o(i.SystemCoreClockUpdate) refers to system_stm32f4xx.o(.data) for .data
    system_stm32f4xx.o(i.SystemInit) refers to system_stm32f4xx.o(i.SetSysClock) for SetSysClock
    stm32f4xx_gpio.o(i.GPIO_DeInit) refers to stm32f4xx_rcc.o(i.RCC_AHB1PeriphResetCmd) for RCC_AHB1PeriphResetCmd
    stm32f4xx_i2c.o(i.I2C_DeInit) refers to stm32f4xx_rcc.o(i.RCC_APB1PeriphResetCmd) for RCC_APB1PeriphResetCmd
    stm32f4xx_i2c.o(i.I2C_Init) refers to stm32f4xx_rcc.o(i.RCC_GetClocksFreq) for RCC_GetClocksFreq
    stm32f4xx_pwr.o(i.PWR_DeInit) refers to stm32f4xx_rcc.o(i.RCC_APB1PeriphResetCmd) for RCC_APB1PeriphResetCmd
    stm32f4xx_rcc.o(i.RCC_GetClocksFreq) refers to stm32f4xx_rcc.o(.data) for .data
    stm32f4xx_rcc.o(i.RCC_WaitForHSEStartUp) refers to stm32f4xx_rcc.o(i.RCC_GetFlagStatus) for RCC_GetFlagStatus
    stm32f4xx_syscfg.o(i.SYSCFG_DeInit) refers to stm32f4xx_rcc.o(i.RCC_APB2PeriphResetCmd) for RCC_APB2PeriphResetCmd
    stm32f4xx_tim.o(i.TIM_DeInit) refers to stm32f4xx_rcc.o(i.RCC_APB2PeriphResetCmd) for RCC_APB2PeriphResetCmd
[...]
    ../clib/signal.c                         0x00000000   Number         0  defsig_abrt_inner.o ABSOLUTE
    ../clib/signal.c                         0x00000000   Number         0  defsig_general.o ABSOLUTE
    ../clib/signal.c                         0x00000000   Number         0  __raise.o ABSOLUTE
    ../clib/signal.s                         0x00000000   Number         0  defsig.o ABSOLUTE
    ../clib/stdlib.c                         0x00000000   Number         0  exit.o ABSOLUTE
    ../clib/string.c                         0x00000000   Number         0  strcpy.o ABSOLUTE
    ../clib/string.c                         0x00000000   Number         0  strlen.o ABSOLUTE
    ../fplib/fpinit.s                        0x00000000   Number         0  fpinit.o ABSOLUTE
    LibraryFiles\CORE\stm32f4xx_it.c         0x00000000   Number         0  stm32f4xx_it.o ABSOLUTE
    LibraryFiles\CORE\system_stm32f4xx.c     0x00000000   Number         0  system_stm32f4xx.o ABSOLUTE
    LibraryFiles\FreeRTOS_CORE\croutine.c    0x00000000   Number         0  croutine.o ABSOLUTE
    LibraryFiles\FreeRTOS_CORE\event_groups.c 0x00000000   Number         0  event_groups.o ABSOLUTE
    LibraryFiles\FreeRTOS_CORE\list.c        0x00000000   Number         0  list.o ABSOLUTE
    LibraryFiles\FreeRTOS_CORE\queue.c       0x00000000   Number         0  queue.o ABSOLUTE
    LibraryFiles\FreeRTOS_CORE\stream_buffer.c 0x00000000   Number         0  stream_buffer.o ABSOLUTE
    LibraryFiles\FreeRTOS_CORE\tasks.c       0x00000000   Number         0  tasks.o ABSOLUTE
    LibraryFiles\FreeRTOS_CORE\timers.c      0x00000000   Number         0  timers.o ABSOLUTE
    LibraryFiles\FreeRTOS_PORTABLE\heap_4.c  0x00000000   Number         0  heap_4.o ABSOLUTE
    LibraryFiles\FreeRTOS_PORTABLE\port.c    0x00000000   Number         0  port.o ABSOLUTE
    LibraryFiles\Hardware\button.c           0x00000000   Number         0  button.o ABSOLUTE
    LibraryFiles\Hardware\buz.c              0x00000000   Number         0  buz.o ABSOLUTE
    LibraryFiles\Hardware\led.c              0x00000000   Number         0  led.o ABSOLUTE
    LibraryFiles\Hardware\oled.c             0x00000000   Number         0  oled.o ABSOLUTE
    LibraryFiles\Hardware\playSong.c         0x00000000   Number         0  playsong.o ABSOLUTE
    LibraryFiles\Hardware\show.c             0x00000000   Number         0  show.o ABSOLUTE
    LibraryFiles\Hardware\uart.c             0x00000000   Number         0  uart.o ABSOLUTE
    LibraryFiles\STM32F4xx_Driver\src\misc.c 0x00000000   Number         0  misc.o ABSOLUTE
    LibraryFiles\STM32F4xx_Driver\src\stm32f4xx_gpio.c 0x00000000   Number         0  stm32f4xx_gpio.o ABSOLUTE
    LibraryFiles\STM32F4xx_Driver\src\stm32f4xx_i2c.c 0x00000000   Number         0  stm32f4xx_i2c.o ABSOLUTE
    LibraryFiles\STM32F4xx_Driver\src\stm32f4xx_pwr.c 0x00000000   Number         0  stm32f4xx_pwr.o ABSOLUTE
    LibraryFiles\STM32F4xx_Driver\src\stm32f4xx_rcc.c 0x00000000   Number         0  stm32f4xx_rcc.o ABSOLUTE
    LibraryFiles\STM32F4xx_Driver\src\stm32f4xx_syscfg.c 0x00000000   Number         0  stm32f4xx_syscfg.o ABSOLUTE
    LibraryFiles\STM32F4xx_Driver\src\stm32f4xx_tim.c 0x00000000   Number         0  stm32f4xx_tim.o ABSOLUTE
    LibraryFiles\STM32F4xx_Driver\src\stm32f4xx_usart.c 0x00000000   Number         0  stm32f4xx_usart.o ABSOLUTE
    LibraryFiles\SYSTEM\delay\delay.c        0x00000000   Number         0  delay.o ABSOLUTE
    LibraryFiles\SYSTEM\sys\sys.c            0x00000000   Number         0  sys.o ABSOLUTE
    LibraryFiles\SYSTEM\sys\system.c         0x00000000   Number         0  system.o ABSOLUTE
    LibraryFiles\\CORE\\stm32f4xx_it.c       0x00000000   Number         0  stm32f4xx_it.o ABSOLUTE
    LibraryFiles\\CORE\\system_stm32f4xx.c   0x00000000   Number         0  system_stm32f4xx.o ABSOLUTE
    LibraryFiles\\FreeRTOS_CORE\\croutine.c  0x00000000   Number         0  croutine.o ABSOLUTE
    LibraryFiles\\FreeRTOS_CORE\\event_groups.c 0x00000000   Number         0  event_groups.o ABSOLUTE
    LibraryFiles\\FreeRTOS_CORE\\list.c      0x00000000   Number         0  list.o ABSOLUTE
    LibraryFiles\\FreeRTOS_CORE\\queue.c     0x00000000   Number         0  queue.o ABSOLUTE
    LibraryFiles\\FreeRTOS_CORE\\stream_buffer.c 0x00000000   Number         0  stream_buffer.o ABSOLUTE
    LibraryFiles\\FreeRTOS_CORE\\tasks.c     0x00000000   Number         0  tasks.o ABSOLUTE
    LibraryFiles\\FreeRTOS_CORE\\timers.c    0x00000000   Number         0  timers.o ABSOLUTE
    LibraryFiles\\FreeRTOS_PORTABLE\\heap_4.c 0x00000000   Number         0  heap_4.o ABSOLUTE
    LibraryFiles\\FreeRTOS_PORTABLE\\port.c  0x00000000   Number         0  port.o ABSOLUTE
    LibraryFiles\\Hardware\\button.c         0x00000000   Number         0  button.o ABSOLUTE
    LibraryFiles\\Hardware\\buz.c            0x00000000   Number         0  buz.o ABSOLUTE
    LibraryFiles\\Hardware\\led.c            0x00000000   Number         0  led.o ABSOLUTE
    LibraryFiles\\Hardware\\oled.c           0x00000000   Number         0  oled.o ABSOLUTE
    LibraryFiles\\Hardware\\playSong.c       0x00000000   Number         0  playsong.o ABSOLUTE
    LibraryFiles\\Hardware\\show.c           0x00000000   Number         0  show.o ABSOLUTE
    LibraryFiles\\Hardware\\uart.c           0x00000000   Number         0  uart.o ABSOLUTE
    LibraryFiles\\STM32F4xx_Driver\\src\\misc.c 0x00000000   Number         0  misc.o ABSOLUTE
    LibraryFiles\\STM32F4xx_Driver\\src\\stm32f4xx_gpio.c 0x00000000   Number         0  stm32f4xx_gpio.o ABSOLUTE
    LibraryFiles\\STM32F4xx_Driver\\src\\stm32f4xx_i2c.c 0x00000000   Number         0  stm32f4xx_i2c.o ABSOLUTE
    LibraryFiles\\STM32F4xx_Driver\\src\\stm32f4xx_pwr.c 0x00000000   Number         0  stm32f4xx_pwr.o ABSOLUTE
    LibraryFiles\\STM32F4xx_Driver\\src\\stm32f4xx_rcc.c 0x00000000   Number         0  stm32f4xx_rcc.o ABSOLUTE
    LibraryFiles\\STM32F4xx_Driver\\src\\stm32f4xx_syscfg.c 0x00000000   Number         0  stm32f4xx_syscfg.o ABSOLUTE
    LibraryFiles\\STM32F4xx_Driver\\src\\stm32f4xx_tim.c 0x00000000   Number         0  stm32f4xx_tim.o ABSOLUTE
    LibraryFiles\\STM32F4xx_Driver\\src\\stm32f4xx_usart.c 0x00000000   Number         0  stm32f4xx_usart.o ABSOLUTE
    LibraryFiles\\SYSTEM\\delay\\delay.c     0x00000000   Number         0  delay.o ABSOLUTE
    LibraryFiles\\SYSTEM\\sys\\sys.c         0x00000000   Number         0  sys.o ABSOLUTE
    LibraryFiles\\SYSTEM\\sys\\system.c      0x00000000   Number         0  system.o ABSOLUTE
    dc.s                                     0x00000000   Number         0  dc.o ABSOLUTE
    main.c                                   0x00000000   Number         0  main.o ABSOLUTE
    main.c                                   0x00000000   Number         0  main.o ABSOLUTE
    startup_stm32f40_41xxx.s                 0x00000000   Number         0  startup_stm32f40_41xxx.o ABSOLUTE
    RESET                                    0x08000000   Section      392  startup_stm32f40_41xxx.o(RESET)
    !!!main                                  0x08000188   Section        8  __main.o(!!!main)
    !!!scatter                               0x08000190   Section       52  __scatter.o(!!!scatter)
    !!handler_copy                           0x080001c4   Section       26  __scatter_copy.o(!!handler_copy)
    !!handler_zi                             0x080001e0   Section       28  __scatter_zi.o(!!handler_zi)
    .ARM.Collect$$libinit$$00000000          0x080001fc   Section        2  libinit.o(.ARM.Collect$$libinit$$00000000)
    .ARM.Collect$$libinit$$00000001          0x080001fe   Section        4  libinit2.o(.ARM.Collect$$libinit$$00000001)
    .ARM.Collect$$libinit$$00000004          0x08000202   Section        0  libinit2.o(.ARM.Collect$$libinit$$00000004)
    .ARM.Collect$$libinit$$0000000A          0x08000202   Section        0  libinit2.o(.ARM.Collect$$libinit$$0000000A)
    .ARM.Collect$$libinit$$0000000C          0x08000202   Section        0  libinit2.o(.ARM.Collect$$libinit$$0000000C)
    .ARM.Collect$$libinit$$0000000E          0x08000202   Section        0  libinit2.o(.ARM.Collect$$libinit$$0000000E)
    .ARM.Collect$$libinit$$00000011          0x08000202   Section        0  libinit2.o(.ARM.Collect$$libinit$$00000011)
    .ARM.Collect$$libinit$$00000013          0x08000202   Section        0  libinit2.o(.ARM.Collect$$libinit$$00000013)
    .ARM.Collect$$libinit$$00000015          0x08000202   Section        0  libinit2.o(.ARM.Collect$$libinit$$00000015)
    .ARM.Collect$$libinit$$00000017          0x08000202   Section        0  libinit2.o(.ARM.Collect$$libinit$$00000017)
    .ARM.Collect$$libinit$$00000019          0x08000202   Section        0  libinit2.o(.ARM.Collect$$libinit$$00000019)
    .ARM.Collect$$libinit$$0000001B          0x08000202   Section        0  libinit2.o(.ARM.Collect$$libinit$$0000001B)
    .ARM.Collect$$libinit$$0000001D          0x08000202   Section        0  libinit2.o(.ARM.Collect$$libinit$$0000001D)
    .ARM.Collect$$libinit$$0000001F          0x08000202   Section        0  libinit2.o(.ARM.Collect$$libinit$$0000001F)
    .ARM.Collect$$libinit$$00000021          0x08000202   Section        0  libinit2.o(.ARM.Collect$$libinit$$00000021)
    .ARM.Collect$$libinit$$00000023          0x08000202   Section        0  libinit2.o(.ARM.Collect$$libinit$$00000023)
    .ARM.Collect$$libinit$$00000025          0x08000202   Section        0  libinit2.o(.ARM.Collect$$libinit$$00000025)
    .ARM.Collect$$libinit$$0000002C          0x08000202   Section        0  libinit2.o(.ARM.Collect$$libinit$$0000002C)
    .ARM.Collect$$libinit$$0000002E          0x08000202   Section        0  libinit2.o(.ARM.Collect$$libinit$$0000002E)
    .ARM.Collect$$libinit$$00000030          0x08000202   Section        0  libinit2.o(.ARM.Collect$$libinit$$00000030)
    .ARM.Collect$$libinit$$00000032          0x08000202   Section        0  libinit2.o(.ARM.Collect$$libinit$$00000032)
    .ARM.Collect$$libinit$$00000033          0x08000202   Section        2  libinit2.o(.ARM.Collect$$libinit$$00000033)
    .ARM.Collect$$libshutdown$$00000000      0x08000204   Section        2  libshutdown.o(.ARM.Collect$$libshutdown$$00000000)
    .ARM.Collect$$libshutdown$$00000002      0x08000206   Section        0  libshutdown2.o(.ARM.Collect$$libshutdown$$00000002)
    .ARM.Collect$$libshutdown$$00000004      0x08000206   Section        0  libshutdown2.o(.ARM.Collect$$libshutdown$$00000004)
    .ARM.Collect$$libshutdown$$00000007      0x08000206   Section        0  libshutdown2.o(.ARM.Collect$$libshutdown$$00000007)
    .ARM.Collect$$libshutdown$$0000000A      0x08000206   Section        0  libshutdown2.o(.ARM.Collect$$libshutdown$$0000000A)
    .ARM.Collect$$libshutdown$$0000000C      0x08000206   Section        0  libshutdown2.o(.ARM.Collect$$libshutdown$$0000000C)
    .ARM.Collect$$libshutdown$$0000000F      0x08000206   Section        0  libshutdown2.o(.ARM.Collect$$libshutdown$$0000000F)
    .ARM.Collect$$libshutdown$$00000010      0x08000206   Section        2  libshutdown2.o(.ARM.Collect$$libshutdown$$00000010)
    .ARM.Collect$$rtentry$$00000000          0x08000208   Section        0  __rtentry.o(.ARM.Collect$$rtentry$$00000000)
    .ARM.Collect$$rtentry$$00000002          0x08000208   Section        0  __rtentry2.o(.ARM.Collect$$rtentry$$00000002)
    .ARM.Collect$$rtentry$$00000004          0x08000208   Section        6  __rtentry4.o(.ARM.Collect$$rtentry$$00000004)
    .ARM.Collect$$rtentry$$00000009          0x0800020e   Section        0  __rtentry2.o(.ARM.Collect$$rtentry$$00000009)
    .ARM.Collect$$rtentry$$0000000A          0x0800020e   Section        4  __rtentry2.o(.ARM.Collect$$rtentry$$0000000A)
    .ARM.Collect$$rtentry$$0000000C          0x08000212   Section        0  __rtentry2.o(.ARM.Collect$$rtentry$$0000000C)
    .ARM.Collect$$rtentry$$0000000D          0x08000212   Section        8  __rtentry2.o(.ARM.Collect$$rtentry$$0000000D)
    .ARM.Collect$$rtexit$$00000000           0x0800021a   Section        2  rtexit.o(.ARM.Collect$$rtexit$$00000000)
    .ARM.Collect$$rtexit$$00000002           0x0800021c   Section        0  rtexit2.o(.ARM.Collect$$rtexit$$00000002)
    .ARM.Collect$$rtexit$$00000003           0x0800021c   Section        4  rtexit2.o(.ARM.Collect$$rtexit$$00000003)
    .ARM.Collect$$rtexit$$00000004           0x08000220   Section        6  rtexit2.o(.ARM.Collect$$rtexit$$00000004)
    .emb_text                                0x08000228   Section      190  port.o(.emb_text)
    $v0                                      0x08000228   Number         0  port.o(.emb_text)
    .text                                    0x080002e8   Section       64  startup_stm32f40_41xxx.o(.text)
    $v0                                      0x080002e8   Number         0  startup_stm32f40_41xxx.o(.text)
    .text                                    0x08000328   Section      138  rt_memcpy_v6.o(.text)
    .text                                    0x080003b2   Section       16  aeabi_memset.o(.text)
    .text                                    0x080003c2   Section       68  rt_memclr.o(.text)
    .text                                    0x08000406   Section       78  rt_memclr_w.o(.text)
    .text                                    0x08000454   Section        0  heapauxi.o(.text)
    .text                                    0x0800045a   Section      100  rt_memcpy_w.o(.text)
    .text                                    0x080004be   Section       74  sys_stackheap_outer.o(.text)
    .text                                    0x08000508   Section        0  exit.o(.text)
    .text                                    0x0800051c   Section        8  libspace.o(.text)
    .text                                    0x08000524   Section        0  sys_exit.o(.text)
    .text                                    0x08000530   Section        2  use_no_semi.o(.text)
    .text                                    0x08000532   Section        0  indicate_semi.o(.text)
    i.BUTTON_Init                            0x08000534   Section        0  button.o(i.BUTTON_Init)
    i.BUZ_Init                               0x08000568   Section        0  buz.o(i.BUZ_Init)
    i.BusFault_Handler                       0x080005a8   Section        0  stm32f4xx_it.o(i.BusFault_Handler)
    i.DebugMon_Handler                       0x080005aa   Section        0  stm32f4xx_it.o(i.DebugMon_Handler)
    i.GPIO_Init                              0x080005ac   Section        0  stm32f4xx_gpio.o(i.GPIO_Init)
    i.GPIO_PinAFConfig                       0x08000624   Section        0  stm32f4xx_gpio.o(i.GPIO_PinAFConfig)
    i.GPIO_SetBits                           0x08000644   Section        0  stm32f4xx_gpio.o(i.GPIO_SetBits)
    i.HardFault_Handler                      0x08000648   Section        0  stm32f4xx_it.o(i.HardFault_Handler)
    i.LED_Init                               0x0800064c   Section        0  led.o(i.LED_Init)
    i.MemManage_Handler                      0x0800068c   Section        0  stm32f4xx_it.o(i.MemManage_Handler)
    i.NMI_Handler                            0x0800068e   Section        0  stm32f4xx_it.o(i.NMI_Handler)
    i.NVIC_Init                              0x08000690   Section        0  misc.o(i.NVIC_Init)
    i.NVIC_PriorityGroupConfig               0x080006f4   Section        0  misc.o(i.NVIC_PriorityGroupConfig)
    i.OLED_Clear                             0x08000708   Section        0  oled.o(i.OLED_Clear)
    i.OLED_DrawPoint                         0x08000734   Section        0  oled.o(i.OLED_DrawPoint)
    i.OLED_Init                              0x08000770   Section        0  oled.o(i.OLED_Init)
    i.OLED_Refresh_Gram                      0x080008a0   Section        0  oled.o(i.OLED_Refresh_Gram)
    i.OLED_ShowChar                          0x080008e8   Section        0  oled.o(i.OLED_ShowChar)
    i.OLED_ShowString                        0x0800096c   Section        0  oled.o(i.OLED_ShowString)
    i.OLED_WR_Byte                           0x080009ac   Section        0  oled.o(i.OLED_WR_Byte)
    i.PWR_BackupAccessCmd                    0x080009f0   Section        0  stm32f4xx_pwr.o(i.PWR_BackupAccessCmd)
    i.RCC_AHB1PeriphClockCmd                 0x080009fc   Section        0  stm32f4xx_rcc.o(i.RCC_AHB1PeriphClockCmd)
    i.RCC_APB1PeriphClockCmd                 0x08000a14   Section        0  stm32f4xx_rcc.o(i.RCC_APB1PeriphClockCmd)
    i.RCC_GetClocksFreq                      0x08000a2c   Section        0  stm32f4xx_rcc.o(i.RCC_GetClocksFreq)
    i.RCC_LSEConfig                          0x08000abc   Section        0  stm32f4xx_rcc.o(i.RCC_LSEConfig)
    i.SetSysClock                            0x08000ad8   Section        0  system_stm32f4xx.o(i.SetSysClock)
    SetSysClock                              0x08000ad9   Thumb Code   162  system_stm32f4xx.o(i.SetSysClock)
    i.SysTick_CLKSourceConfig                0x08000b8c   Section        0  misc.o(i.SysTick_CLKSourceConfig)
    i.SysTick_Handler                        0x08000ba4   Section        0  delay.o(i.SysTick_Handler)
    i.SystemInit                             0x08000bb8   Section        0  system_stm32f4xx.o(i.SystemInit)
    i.USART3_IRQHandler                      0x08000c14   Section        0  main.o(i.USART3_IRQHandler)
    i.USART_Cmd                              0x08000ca0   Section        0  stm32f4xx_usart.o(i.USART_Cmd)
    i.USART_GetITStatus                      0x08000cb4   Section        0  stm32f4xx_usart.o(i.USART_GetITStatus)
    i.USART_ITConfig                         0x08000cf2   Section        0  stm32f4xx_usart.o(i.USART_ITConfig)
    i.USART_Init                             0x08000d24   Section        0  stm32f4xx_usart.o(i.USART_Init)
    i.USART_ReceiveData                      0x08000dd0   Section        0  stm32f4xx_usart.o(i.USART_ReceiveData)
    i.UsageFault_Handler                     0x08000dd8   Section        0  stm32f4xx_it.o(i.UsageFault_Handler)
    i.button_task                            0x08000ddc   Section        0  button.o(i.button_task)
    i.delay_init                             0x08000e0c   Section        0  delay.o(i.delay_init)
    i.delay_ms                               0x08000e44   Section        0  delay.o(i.delay_ms)
    i.delay_us                               0x08000e7c   Section        0  delay.o(i.delay_us)
    i.led_task                               0x08000eb0   Section        0  led.o(i.led_task)
    i.main                                   0x08000ec4   Section        0  main.o(i.main)
    i.playSong                               0x08000f30   Section        0  button.o(i.playSong)
    playSong                                 0x08000f31   Thumb Code   202  button.o(i.playSong)
    i.prvAddCurrentTaskToDelayedList         0x08001004   Section        0  tasks.o(i.prvAddCurrentTaskToDelayedList)
    prvAddCurrentTaskToDelayedList           0x08001005   Thumb Code   128  tasks.o(i.prvAddCurrentTaskToDelayedList)
    i.prvAddNewTaskToReadyList               0x0800108c   Section        0  tasks.o(i.prvAddNewTaskToReadyList)
    prvAddNewTaskToReadyList                 0x0800108d   Thumb Code   200  tasks.o(i.prvAddNewTaskToReadyList)
    i.prvCheckForValidListAndQueue           0x08001160   Section        0  timers.o(i.prvCheckForValidListAndQueue)
    prvCheckForValidListAndQueue             0x08001161   Thumb Code    62  timers.o(i.prvCheckForValidListAndQueue)
    i.prvCopyDataFromQueue                   0x080011b0   Section        0  queue.o(i.prvCopyDataFromQueue)
    prvCopyDataFromQueue                     0x080011b1   Thumb Code    38  queue.o(i.prvCopyDataFromQueue)
    i.prvCopyDataToQueue                     0x080011d6   Section        0  queue.o(i.prvCopyDataToQueue)
    prvCopyDataToQueue                       0x080011d7   Thumb Code   108  queue.o(i.prvCopyDataToQueue)
    i.prvDeleteTCB                           0x08001242   Section        0  tasks.o(i.prvDeleteTCB)
    prvDeleteTCB                             0x08001243   Thumb Code    20  tasks.o(i.prvDeleteTCB)
    i.prvHeapInit                            0x08001258   Section        0  heap_4.o(i.prvHeapInit)
    prvHeapInit                              0x08001259   Thumb Code    60  heap_4.o(i.prvHeapInit)
    i.prvIdleTask                            0x0800129c   Section        0  tasks.o(i.prvIdleTask)
    prvIdleTask                              0x0800129d   Thumb Code    70  tasks.o(i.prvIdleTask)
    i.prvInitialiseNewTask                   0x080012f0   Section        0  tasks.o(i.prvInitialiseNewTask)
    prvInitialiseNewTask                     0x080012f1   Thumb Code   132  tasks.o(i.prvInitialiseNewTask)
    i.prvInsertBlockIntoFreeList             0x08001374   Section        0  heap_4.o(i.prvInsertBlockIntoFreeList)
    prvInsertBlockIntoFreeList               0x08001375   Thumb Code    72  heap_4.o(i.prvInsertBlockIntoFreeList)
    i.prvInsertTimerInActiveList             0x080013c0   Section        0  timers.o(i.prvInsertTimerInActiveList)
    prvInsertTimerInActiveList               0x080013c1   Thumb Code    52  timers.o(i.prvInsertTimerInActiveList)
    i.prvIsQueueEmpty                        0x080013f8   Section        0  queue.o(i.prvIsQueueEmpty)
    prvIsQueueEmpty                          0x080013f9   Thumb Code    26  queue.o(i.prvIsQueueEmpty)
    i.prvNotifyQueueSetContainer             0x08001412   Section        0  queue.o(i.prvNotifyQueueSetContainer)
    prvNotifyQueueSetContainer               0x08001413   Thumb Code    78  queue.o(i.prvNotifyQueueSetContainer)
    i.prvProcessExpiredTimer                 0x08001460   Section        0  timers.o(i.prvProcessExpiredTimer)
    prvProcessExpiredTimer                   0x08001461   Thumb Code    58  timers.o(i.prvProcessExpiredTimer)
    i.prvProcessReceivedCommands             0x080014a0   Section        0  timers.o(i.prvProcessReceivedCommands)
    prvProcessReceivedCommands               0x080014a1   Thumb Code   222  timers.o(i.prvProcessReceivedCommands)
    i.prvProcessTimerOrBlockTask             0x08001584   Section        0  timers.o(i.prvProcessTimerOrBlockTask)
    prvProcessTimerOrBlockTask               0x08001585   Thumb Code    98  timers.o(i.prvProcessTimerOrBlockTask)
    i.prvReloadTimer                         0x080015f0   Section        0  timers.o(i.prvReloadTimer)
    prvReloadTimer                           0x080015f1   Thumb Code    40  timers.o(i.prvReloadTimer)
    i.prvResetNextTaskUnblockTime            0x08001618   Section        0  tasks.o(i.prvResetNextTaskUnblockTime)
    prvResetNextTaskUnblockTime              0x08001619   Thumb Code    24  tasks.o(i.prvResetNextTaskUnblockTime)
    i.prvSampleTimeNow                       0x08001634   Section        0  timers.o(i.prvSampleTimeNow)
    prvSampleTimeNow                         0x08001635   Thumb Code    66  timers.o(i.prvSampleTimeNow)
    i.prvTaskExitError                       0x0800167c   Section        0  port.o(i.prvTaskExitError)
    prvTaskExitError                         0x0800167d   Thumb Code    16  port.o(i.prvTaskExitError)
    i.prvTimerTask                           0x0800168c   Section        0  timers.o(i.prvTimerTask)
    prvTimerTask                             0x0800168d   Thumb Code    34  timers.o(i.prvTimerTask)
    i.prvUnlockQueue                         0x080016b4   Section        0  queue.o(i.prvUnlockQueue)
    prvUnlockQueue                           0x080016b5   Thumb Code   118  queue.o(i.prvUnlockQueue)
    i.pvPortMalloc                           0x0800172c   Section        0  heap_4.o(i.pvPortMalloc)
    i.pxPortInitialiseStack                  0x080017c4   Section        0  port.o(i.pxPortInitialiseStack)
    i.start_task                             0x080017f0   Section        0  main.o(i.start_task)
    i.systemInit                             0x08001850   Section        0  system.o(i.systemInit)
    i.uart3_init                             0x0800187c   Section        0  uart.o(i.uart3_init)
    i.uart_task                              0x0800192c   Section        0  uart.o(i.uart_task)
    i.usart3_send                            0x08001964   Section        0  uart.o(i.usart3_send)
    i.uxListRemove                           0x08001978   Section        0  list.o(i.uxListRemove)
    i.uxTaskGetNumberOfTasks                 0x080019a0   Section        0  tasks.o(i.uxTaskGetNumberOfTasks)
    i.vListInitialise                        0x080019ac   Section        0  list.o(i.vListInitialise)
    i.vListInitialiseItem                    0x080019c2   Section        0  list.o(i.vListInitialiseItem)
    i.vListInsert                            0x080019c8   Section        0  list.o(i.vListInsert)
    i.vListInsertEnd                         0x080019f8   Section        0  list.o(i.vListInsertEnd)
    i.vPortEnterCritical                     0x08001a10   Section        0  port.o(i.vPortEnterCritical)
    i.vPortExitCritical                      0x08001a38   Section        0  port.o(i.vPortExitCritical)
    i.vPortFree                              0x08001a4c   Section        0  heap_4.o(i.vPortFree)
    i.vPortSetupTimerInterrupt               0x08001a90   Section        0  port.o(i.vPortSetupTimerInterrupt)
    i.vPortValidateInterruptPriority         0x08001ab4   Section        0  port.o(i.vPortValidateInterruptPriority)
    i.vQueueAddToRegistry                    0x08001ad0   Section        0  queue.o(i.vQueueAddToRegistry)
    i.vQueueWaitForMessageRestricted         0x08001b0c   Section        0  queue.o(i.vQueueWaitForMessageRestricted)
    i.vTaskDelay                             0x08001b50   Section        0  tasks.o(i.vTaskDelay)
    i.vTaskDelete                            0x08001b88   Section        0  tasks.o(i.vTaskDelete)
    i.vTaskInternalSetTimeOutState           0x08001c28   Section        0  tasks.o(i.vTaskInternalSetTimeOutState)
    i.vTaskMissedYield                       0x08001c38   Section        0  tasks.o(i.vTaskMissedYield)
    i.vTaskPlaceOnEventList                  0x08001c44   Section        0  tasks.o(i.vTaskPlaceOnEventList)
    i.vTaskPlaceOnEventListRestricted        0x08001c68   Section        0  tasks.o(i.vTaskPlaceOnEventListRestricted)
    i.vTaskStartScheduler                    0x08001ca8   Section        0  tasks.o(i.vTaskStartScheduler)
    i.vTaskSuspendAll                        0x08001d00   Section        0  tasks.o(i.vTaskSuspendAll)
    i.vTaskSwitchContext                     0x08001d10   Section        0  tasks.o(i.vTaskSwitchContext)
    i.xPortStartScheduler                    0x08001d58   Section        0  port.o(i.xPortStartScheduler)
    i.xPortSysTickHandler                    0x08001df4   Section        0  port.o(i.xPortSysTickHandler)
    i.xQueueGenericCreate                    0x08001e20   Section        0  queue.o(i.xQueueGenericCreate)
    i.xQueueGenericReset                     0x08001e74   Section        0  queue.o(i.xQueueGenericReset)
    i.xQueueGenericSend                      0x08001eec   Section        0  queue.o(i.xQueueGenericSend)
    i.xQueueGenericSendFromISR               0x08001ff0   Section        0  queue.o(i.xQueueGenericSendFromISR)
    i.xQueueReceive                          0x08002088   Section        0  queue.o(i.xQueueReceive)
    i.xTaskCheckForTimeOut                   0x08002168   Section        0  tasks.o(i.xTaskCheckForTimeOut)
    i.xTaskCreate                            0x080021c0   Section        0  tasks.o(i.xTaskCreate)
    i.xTaskGetSchedulerState                 0x0800221c   Section        0  tasks.o(i.xTaskGetSchedulerState)
    i.xTaskGetTickCount                      0x08002238   Section        0  tasks.o(i.xTaskGetTickCount)
    i.xTaskIncrementTick                     0x08002244   Section        0  tasks.o(i.xTaskIncrementTick)
    i.xTaskPriorityDisinherit                0x08002330   Section        0  tasks.o(i.xTaskPriorityDisinherit)
    i.xTaskRemoveFromEventList               0x080023c0   Section        0  tasks.o(i.xTaskRemoveFromEventList)
    i.xTaskResumeAll                         0x0800248c   Section        0  tasks.o(i.xTaskResumeAll)
    i.xTimerCreate                           0x0800258c   Section        0  timers.o(i.xTimerCreate)
    i.xTimerCreateTimerTask                  0x080025d8   Section        0  timers.o(i.xTimerCreateTimerTask)
    i.xTimerGenericCommand                   0x08002614   Section        0  timers.o(i.xTimerGenericCommand)
    x$fpl$fpinit                             0x08002664   Section       10  fpinit.o(x$fpl$fpinit)
    $v0                                      0x08002664   Number         0  fpinit.o(x$fpl$fpinit)
    .constdata                               0x0800266e   Section     2660  oled.o(.constdata)
    .conststring                             0x080030d4   Section      105  button.o(.conststring)
    .data                                    0x20000000   Section       12  main.o(.data)
    i                                        0x20000000   Data           1  main.o(.data)
    .data                                    0x2000000c   Section       20  system_stm32f4xx.o(.data)
    .data                                    0x20000020   Section       16  stm32f4xx_rcc.o(.data)
    APBAHBPrescTable                         0x20000020   Data          16  stm32f4xx_rcc.o(.data)
    .data                                    0x20000030   Section        8  delay.o(.data)
    fac_us                                   0x20000030   Data           1  delay.o(.data)
    fac_ms                                   0x20000032   Data           2  delay.o(.data)
    sysTickCnt                               0x20000034   Data           4  delay.o(.data)
    .data                                    0x20000038   Section       60  button.o(.data)
    song                                     0x20000038   Data           4  button.o(.data)
    notes                                    0x2000003c   Data          56  button.o(.data)
    .data                                    0x20000074   Section       64  tasks.o(.data)
    uxDeletedTasksWaitingCleanUp             0x20000078   Data           4  tasks.o(.data)
    uxCurrentNumberOfTasks                   0x2000007c   Data           4  tasks.o(.data)
    xTickCount                               0x20000080   Data           4  tasks.o(.data)
    uxTopReadyPriority                       0x20000084   Data           4  tasks.o(.data)
    xSchedulerRunning                        0x20000088   Data           4  tasks.o(.data)
    xPendedTicks                             0x2000008c   Data           4  tasks.o(.data)
    xYieldPending                            0x20000090   Data           4  tasks.o(.data)
    xNumOfOverflows                          0x20000094   Data           4  tasks.o(.data)
    uxTaskNumber                             0x20000098   Data           4  tasks.o(.data)
    xNextTaskUnblockTime                     0x2000009c   Data           4  tasks.o(.data)
    xIdleTaskHandle                          0x200000a0   Data           4  tasks.o(.data)
    uxSchedulerSuspended                     0x200000a8   Data           4  tasks.o(.data)
    pxDelayedTaskList                        0x200000ac   Data           4  tasks.o(.data)
    pxOverflowDelayedTaskList                0x200000b0   Data           4  tasks.o(.data)
    .data                                    0x200000b4   Section       20  timers.o(.data)
    xTimerQueue                              0x200000b4   Data           4  timers.o(.data)
    xTimerTaskHandle                         0x200000b8   Data           4  timers.o(.data)
    xLastTime                                0x200000bc   Data           4  timers.o(.data)
    pxCurrentTimerList                       0x200000c0   Data           4  timers.o(.data)
    pxOverflowTimerList                      0x200000c4   Data           4  timers.o(.data)
    .data                                    0x200000c8   Section       28  heap_4.o(.data)
    pxEnd                                    0x200000c8   Data           4  heap_4.o(.data)
    xFreeBytesRemaining                      0x200000cc   Data           4  heap_4.o(.data)
    xMinimumEverFreeBytesRemaining           0x200000d0   Data           4  heap_4.o(.data)
    xNumberOfSuccessfulAllocations           0x200000d4   Data           4  heap_4.o(.data)
    xNumberOfSuccessfulFrees                 0x200000d8   Data           4  heap_4.o(.data)
    xStart                                   0x200000dc   Data           8  heap_4.o(.data)
    .data                                    0x200000e4   Section       12  port.o(.data)
    ucMaxSysCallPriority                     0x200000e4   Data           1  port.o(.data)
    uxCriticalNesting                        0x200000e8   Data           4  port.o(.data)
    ulMaxPRIGROUPValue                       0x200000ec   Data           4  port.o(.data)
    .bss                                     0x200000f0   Section       10  main.o(.bss)
    rxbuf                                    0x200000f0   Data          10  main.o(.bss)
    .bss                                     0x200000fa   Section     1024  oled.o(.bss)
    .bss                                     0x200004fc   Section       64  queue.o(.bss)
    .bss                                     0x2000053c   Section      740  tasks.o(.bss)
    pxReadyTasksLists                        0x2000053c   Data         640  tasks.o(.bss)
    xDelayedTaskList1                        0x200007bc   Data          20  tasks.o(.bss)
    xDelayedTaskList2                        0x200007d0   Data          20  tasks.o(.bss)
    xPendingReadyList                        0x200007e4   Data          20  tasks.o(.bss)
    xTasksWaitingTermination                 0x200007f8   Data          20  tasks.o(.bss)
    xSuspendedTaskList                       0x2000080c   Data          20  tasks.o(.bss)
    .bss                                     0x20000820   Section       40  timers.o(.bss)
    xActiveTimerList1                        0x20000820   Data          20  timers.o(.bss)
    xActiveTimerList2                        0x20000834   Data          20  timers.o(.bss)
    .bss                                     0x20000848   Section    20480  heap_4.o(.bss)
    ucHeap                                   0x20000848   Data       20480  heap_4.o(.bss)
    .bss                                     0x20005848   Section       96  libspace.o(.bss)
    HEAP                                     0x200058a8   Section      512  startup_stm32f40_41xxx.o(HEAP)
    Heap_Mem                                 0x200058a8   Data         512  startup_stm32f40_41xxx.o(HEAP)
    STACK                                    0x20005aa8   Section     1024  startup_stm32f40_41xxx.o(STACK)
    Stack_Mem                                0x20005aa8   Data        1024  startup_stm32f40_41xxx.o(STACK)
    __initial_sp                             0x20005ea8   Data           0  startup_stm32f40_41xxx.o(STACK)

    Global Symbols

    Symbol Name                              Value     Ov Type        Size  Object(Section)

    BuildAttributes$$THM_ISAv4$E$P$D$K$B$S$7EM$VFPi3$EXTD16$VFPS$VFMA$PE$A:L22UL41UL21$X:L11$S22US41US21$IEEE1$IW$USESV6$~STKCKD$USESV7$~SHL$OSPACE$ROPI$EBA8$UX$STANDARDLIB$REQ8$PRES8$EABIv2 0x00000000   Number         0  anon$$obj.o ABSOLUTE
    __ARM_use_no_argv                        0x00000000   Number         0  main.o ABSOLUTE
    __ARM_exceptions_init                     - Undefined Weak Reference
    __alloca_initialize                       - Undefined Weak Reference
    __arm_preinit_                            - Undefined Weak Reference
    __cpp_initialize__aeabi_                  - Undefined Weak Reference
    __cxa_finalize                            - Undefined Weak Reference
    __rt_locale                               - Undefined Weak Reference
    __sigvec_lookup                           - Undefined Weak Reference
    _atexit_init                              - Undefined Weak Reference
    _call_atexit_fns                          - Undefined Weak Reference
    _clock_init                               - Undefined Weak Reference
    _fp_trap_init                             - Undefined Weak Reference
    _fp_trap_shutdown                         - Undefined Weak Reference
    _get_lc_collate                           - Undefined Weak Reference
    _get_lc_ctype                             - Undefined Weak Reference
    _get_lc_monetary                          - Undefined Weak Reference
    _get_lc_numeric                           - Undefined Weak Reference
    _get_lc_time                              - Undefined Weak Reference
    _getenv_init                              - Undefined Weak Reference
    _handle_redirection                       - Undefined Weak Reference
    _init_alloc                               - Undefined Weak Reference
    _init_user_alloc                          - Undefined Weak Reference
    _initio                                   - Undefined Weak Reference
    _printf_mbtowc                            - Undefined Weak Reference
    _printf_post_padding                      - Undefined Weak Reference
    _printf_pre_padding                       - Undefined Weak Reference
    _printf_truncate_signed                   - Undefined Weak Reference
    _printf_truncate_unsigned                 - Undefined Weak Reference
    _rand_init                                - Undefined Weak Reference
    _signal_finish                            - Undefined Weak Reference
    _signal_init                              - Undefined Weak Reference
    _terminate_alloc                          - Undefined Weak Reference
    _terminate_user_alloc                     - Undefined Weak Reference
    _terminateio                              - Undefined Weak Reference
    __Vectors_Size                           0x00000188   Number         0  startup_stm32f40_41xxx.o ABSOLUTE
    __Vectors                                0x08000000   Data           4  startup_stm32f40_41xxx.o(RESET)
    __Vectors_End                            0x08000188   Data           0  startup_stm32f40_41xxx.o(RESET)
    __main                                   0x08000189   Thumb Code     8  __main.o(!!!main)
    __scatterload                            0x08000191   Thumb Code     0  __scatter.o(!!!scatter)
    __scatterload_rt2                        0x08000191   Thumb Code    44  __scatter.o(!!!scatter)
    __scatterload_rt2_thumb_only             0x08000191   Thumb Code     0  __scatter.o(!!!scatter)
    __scatterload_null                       0x0800019f   Thumb Code     0  __scatter.o(!!!scatter)
    __scatterload_copy                       0x080001c5   Thumb Code    26  __scatter_copy.o(!!handler_copy)
    __scatterload_zeroinit                   0x080001e1   Thumb Code    28  __scatter_zi.o(!!handler_zi)
    __rt_lib_init                            0x080001fd   Thumb Code     0  libinit.o(.ARM.Collect$$libinit$$00000000)
    __rt_lib_init_fp_1                       0x080001ff   Thumb Code     0  libinit2.o(.ARM.Collect$$libinit$$00000001)
    __rt_lib_init_alloca_1                   0x08000203   Thumb Code     0  libinit2.o(.ARM.Collect$$libinit$$0000002E)
    __rt_lib_init_argv_1                     0x08000203   Thumb Code     0  libinit2.o(.ARM.Collect$$libinit$$0000002C)
    __rt_lib_init_atexit_1                   0x08000203   Thumb Code     0  libinit2.o(.ARM.Collect$$libinit$$0000001B)
    __rt_lib_init_clock_1                    0x08000203   Thumb Code     0  libinit2.o(.ARM.Collect$$libinit$$00000021)
    __rt_lib_init_cpp_1                      0x08000203   Thumb Code     0  libinit2.o(.ARM.Collect$$libinit$$00000032)
    __rt_lib_init_exceptions_1               0x08000203   Thumb Code     0  libinit2.o(.ARM.Collect$$libinit$$00000030)
    __rt_lib_init_fp_trap_1                  0x08000203   Thumb Code     0  libinit2.o(.ARM.Collect$$libinit$$0000001F)
    __rt_lib_init_getenv_1                   0x08000203   Thumb Code     0  libinit2.o(.ARM.Collect$$libinit$$00000023)
    __rt_lib_init_heap_1                     0x08000203   Thumb Code     0  libinit2.o(.ARM.Collect$$libinit$$0000000A)
    __rt_lib_init_lc_collate_1               0x08000203   Thumb Code     0  libinit2.o(.ARM.Collect$$libinit$$00000011)
    __rt_lib_init_lc_ctype_1                 0x08000203   Thumb Code     0  libinit2.o(.ARM.Collect$$libinit$$00000013)
    __rt_lib_init_lc_monetary_1              0x08000203   Thumb Code     0  libinit2.o(.ARM.Collect$$libinit$$00000015)
    __rt_lib_init_lc_numeric_1               0x08000203   Thumb Code     0  libinit2.o(.ARM.Collect$$libinit$$00000017)
    __rt_lib_init_lc_time_1                  0x08000203   Thumb Code     0  libinit2.o(.ARM.Collect$$libinit$$00000019)
    __rt_lib_init_preinit_1                  0x08000203   Thumb Code     0  libinit2.o(.ARM.Collect$$libinit$$00000004)
    __rt_lib_init_rand_1                     0x08000203   Thumb Code     0  libinit2.o(.ARM.Collect$$libinit$$0000000E)
    __rt_lib_init_return                     0x08000203   Thumb Code     0  libinit2.o(.ARM.Collect$$libinit$$00000033)
    __rt_lib_init_signal_1                   0x08000203   Thumb Code     0  libinit2.o(.ARM.Collect$$libinit$$0000001D)
    __rt_lib_init_stdio_1                    0x08000203   Thumb Code     0  libinit2.o(.ARM.Collect$$libinit$$00000025)
    __rt_lib_init_user_alloc_1               0x08000203   Thumb Code     0  libinit2.o(.ARM.Collect$$libinit$$0000000C)
    __rt_lib_shutdown                        0x08000205   Thumb Code     0  libshutdown.o(.ARM.Collect$$libshutdown$$00000000)
    __rt_lib_shutdown_cpp_1                  0x08000207   Thumb Code     0  libshutdown2.o(.ARM.Collect$$libshutdown$$00000002)
    __rt_lib_shutdown_fp_trap_1              0x08000207   Thumb Code     0  libshutdown2.o(.ARM.Collect$$libshutdown$$00000007)
    __rt_lib_shutdown_heap_1                 0x08000207   Thumb Code     0  libshutdown2.o(.ARM.Collect$$libshutdown$$0000000F)
    __rt_lib_shutdown_return                 0x08000207   Thumb Code     0  libshutdown2.o(.ARM.Collect$$libshutdown$$00000010)
    __rt_lib_shutdown_signal_1               0x08000207   Thumb Code     0  libshutdown2.o(.ARM.Collect$$libshutdown$$0000000A)
    __rt_lib_shutdown_stdio_1                0x08000207   Thumb Code     0  libshutdown2.o(.ARM.Collect$$libshutdown$$00000004)
    __rt_lib_shutdown_user_alloc_1           0x08000207   Thumb Code     0  libshutdown2.o(.ARM.Collect$$libshutdown$$0000000C)
    __rt_entry                               0x08000209   Thumb Code     0  __rtentry.o(.ARM.Collect$$rtentry$$00000000)
    __rt_entry_presh_1                       0x08000209   Thumb Code     0  __rtentry2.o(.ARM.Collect$$rtentry$$00000002)
    __rt_entry_sh                            0x08000209   Thumb Code     0  __rtentry4.o(.ARM.Collect$$rtentry$$00000004)
    __rt_entry_li                            0x0800020f   Thumb Code     0  __rtentry2.o(.ARM.Collect$$rtentry$$0000000A)
    __rt_entry_postsh_1                      0x0800020f   Thumb Code     0  __rtentry2.o(.ARM.Collect$$rtentry$$00000009)
    __rt_entry_main                          0x08000213   Thumb Code     0  __rtentry2.o(.ARM.Collect$$rtentry$$0000000D)
    __rt_entry_postli_1                      0x08000213   Thumb Code     0  __rtentry2.o(.ARM.Collect$$rtentry$$0000000C)
    __rt_exit                                0x0800021b   Thumb Code     0  rtexit.o(.ARM.Collect$$rtexit$$00000000)
    __rt_exit_ls                             0x0800021d   Thumb Code     0  rtexit2.o(.ARM.Collect$$rtexit$$00000003)
    __rt_exit_prels_1                        0x0800021d   Thumb Code     0  rtexit2.o(.ARM.Collect$$rtexit$$00000002)
    __rt_exit_exit                           0x08000221   Thumb Code     0  rtexit2.o(.ARM.Collect$$rtexit$$00000004)
    SVC_Handler                              0x08000229   Thumb Code    28  port.o(.emb_text)
    __asm___6_port_c_39a90d8d__prvStartFirstTask 0x08000249   Thumb Code    36  port.o(.emb_text)
    __asm___6_port_c_39a90d8d__prvEnableVFP  0x08000271   Thumb Code    16  port.o(.emb_text)
    PendSV_Handler                           0x08000285   Thumb Code    88  port.o(.emb_text)
    vPortGetIPSR                             0x080002e1   Thumb Code     6  port.o(.emb_text)
    Reset_Handler                            0x080002e9   Thumb Code     8  startup_stm32f40_41xxx.o(.text)
    ADC_IRQHandler                           0x08000303   Thumb Code     0  startup_stm32f40_41xxx.o(.text)
    CAN1_RX0_IRQHandler                      0x08000303   Thumb Code     0  startup_stm32f40_41xxx.o(.text)
    CAN1_RX1_IRQHandler                      0x08000303   Thumb Code     0  startup_stm32f40_41xxx.o(.text)
    CAN1_SCE_IRQHandler                      0x08000303   Thumb Code     0  startup_stm32f40_41xxx.o(.text)
    CAN1_TX_IRQHandler                       0x08000303   Thumb Code     0  startup_stm32f40_41xxx.o(.text)
    CAN2_RX0_IRQHandler                      0x08000303   Thumb Code     0  startup_stm32f40_41xxx.o(.text)
    CAN2_RX1_IRQHandler                      0x08000303   Thumb Code     0  startup_stm32f40_41xxx.o(.text)
    CAN2_SCE_IRQHandler                      0x08000303   Thumb Code     0  startup_stm32f40_41xxx.o(.text)
    CAN2_TX_IRQHandler                       0x08000303   Thumb Code     0  startup_stm32f40_41xxx.o(.text)
    CRYP_IRQHandler                          0x08000303   Thumb Code     0  startup_stm32f40_41xxx.o(.text)
    DCMI_IRQHandler                          0x08000303   Thumb Code     0  startup_stm32f40_41xxx.o(.text)
    DMA1_Stream0_IRQHandler                  0x08000303   Thumb Code     0  startup_stm32f40_41xxx.o(.text)
    DMA1_Stream1_IRQHandler                  0x08000303   Thumb Code     0  startup_stm32f40_41xxx.o(.text)
    DMA1_Stream2_IRQHandler                  0x08000303   Thumb Code     0  startup_stm32f40_41xxx.o(.text)
    DMA1_Stream3_IRQHandler                  0x08000303   Thumb Code     0  startup_stm32f40_41xxx.o(.text)
    DMA1_Stream4_IRQHandler                  0x08000303   Thumb Code     0  startup_stm32f40_41xxx.o(.text)
    DMA1_Stream5_IRQHandler                  0x08000303   Thumb Code     0  startup_stm32f40_41xxx.o(.text)
    DMA1_Stream6_IRQHandler                  0x08000303   Thumb Code     0  startup_stm32f40_41xxx.o(.text)
    DMA1_Stream7_IRQHandler                  0x08000303   Thumb Code     0  startup_stm32f40_41xxx.o(.text)
    DMA2_Stream0_IRQHandler                  0x08000303   Thumb Code     0  startup_stm32f40_41xxx.o(.text)
    DMA2_Stream1_IRQHandler                  0x08000303   Thumb Code     0  startup_stm32f40_41xxx.o(.text)
    DMA2_Stream2_IRQHandler                  0x08000303   Thumb Code     0  startup_stm32f40_41xxx.o(.text)
    DMA2_Stream3_IRQHandler                  0x08000303   Thumb Code     0  startup_stm32f40_41xxx.o(.text)
    DMA2_Stream4_IRQHandler                  0x08000303   Thumb Code     0  startup_stm32f40_41xxx.o(.text)
    DMA2_Stream5_IRQHandler                  0x08000303   Thumb Code     0  startup_stm32f40_41xxx.o(.text)
    DMA2_Stream6_IRQHandler                  0x08000303   Thumb Code     0  startup_stm32f40_41xxx.o(.text)
    DMA2_Stream7_IRQHandler                  0x08000303   Thumb Code     0  startup_stm32f40_41xxx.o(.text)
    ETH_IRQHandler                           0x08000303   Thumb Code     0  startup_stm32f40_41xxx.o(.text)
    ETH_WKUP_IRQHandler                      0x08000303   Thumb Code     0  startup_stm32f40_41xxx.o(.text)
    EXTI0_IRQHandler                         0x08000303   Thumb Code     0  startup_stm32f40_41xxx.o(.text)
    EXTI15_10_IRQHandler                     0x08000303   Thumb Code     0  startup_stm32f40_41xxx.o(.text)
    EXTI1_IRQHandler                         0x08000303   Thumb Code     0  startup_stm32f40_41xxx.o(.text)
    EXTI2_IRQHandler                         0x08000303   Thumb Code     0  startup_stm32f40_41xxx.o(.text)
    EXTI3_IRQHandler                         0x08000303   Thumb Code     0  startup_stm32f40_41xxx.o(.text)
    EXTI4_IRQHandler                         0x08000303   Thumb Code     0  startup_stm32f40_41xxx.o(.text)
    EXTI9_5_IRQHandler                       0x08000303   Thumb Code     0  startup_stm32f40_41xxx.o(.text)
    FLASH_IRQHandler                         0x08000303   Thumb Code     0  startup_stm32f40_41xxx.o(.text)
    FPU_IRQHandler                           0x08000303   Thumb Code     0  startup_stm32f40_41xxx.o(.text)
    FSMC_IRQHandler                          0x08000303   Thumb Code     0  startup_stm32f40_41xxx.o(.text)
    HASH_RNG_IRQHandler                      0x08000303   Thumb Code     0  startup_stm32f40_41xxx.o(.text)
    I2C1_ER_IRQHandler                       0x08000303   Thumb Code     0  startup_stm32f40_41xxx.o(.text)
    I2C1_EV_IRQHandler                       0x08000303   Thumb Code     0  startup_stm32f40_41xxx.o(.text)
    I2C2_ER_IRQHandler                       0x08000303   Thumb Code     0  startup_stm32f40_41xxx.o(.text)
    I2C2_EV_IRQHandler                       0x08000303   Thumb Code     0  startup_stm32f40_41xxx.o(.text)
    I2C3_ER_IRQHandler                       0x08000303   Thumb Code     0  startup_stm32f40_41xxx.o(.text)
    I2C3_EV_IRQHandler                       0x08000303   Thumb Code     0  startup_stm32f40_41xxx.o(.text)
    OTG_FS_IRQHandler                        0x08000303   Thumb Code     0  startup_stm32f40_41xxx.o(.text)
    OTG_FS_WKUP_IRQHandler                   0x08000303   Thumb Code     0  startup_stm32f40_41xxx.o(.text)
    OTG_HS_EP1_IN_IRQHandler                 0x08000303   Thumb Code     0  startup_stm32f40_41xxx.o(.text)
    OTG_HS_EP1_OUT_IRQHandler                0x08000303   Thumb Code     0  startup_stm32f40_41xxx.o(.text)
    OTG_HS_IRQHandler                        0x08000303   Thumb Code     0  startup_stm32f40_41xxx.o(.text)
    OTG_HS_WKUP_IRQHandler                   0x08000303   Thumb Code     0  startup_stm32f40_41xxx.o(.text)
    PVD_IRQHandler                           0x08000303   Thumb Code     0  startup_stm32f40_41xxx.o(.text)
    RCC_IRQHandler                           0x08000303   Thumb Code     0  startup_stm32f40_41xxx.o(.text)
    RTC_Alarm_IRQHandler                     0x08000303   Thumb Code     0  startup_stm32f40_41xxx.o(.text)
    RTC_WKUP_IRQHandler                      0x08000303   Thumb Code     0  startup_stm32f40_41xxx.o(.text)
    SDIO_IRQHandler                          0x08000303   Thumb Code     0  startup_stm32f40_41xxx.o(.text)
    SPI1_IRQHandler                          0x08000303   Thumb Code     0  startup_stm32f40_41xxx.o(.text)
    SPI2_IRQHandler                          0x08000303   Thumb Code     0  startup_stm32f40_41xxx.o(.text)
    SPI3_IRQHandler                          0x08000303   Thumb Code     0  startup_stm32f40_41xxx.o(.text)
    TAMP_STAMP_IRQHandler                    0x08000303   Thumb Code     0  startup_stm32f40_41xxx.o(.text)
    TIM1_BRK_TIM9_IRQHandler                 0x08000303   Thumb Code     0  startup_stm32f40_41xxx.o(.text)
    TIM1_CC_IRQHandler                       0x08000303   Thumb Code     0  startup_stm32f40_41xxx.o(.text)
    TIM1_TRG_COM_TIM11_IRQHandler            0x08000303   Thumb Code     0  startup_stm32f40_41xxx.o(.text)
    TIM1_UP_TIM10_IRQHandler                 0x08000303   Thumb Code     0  startup_stm32f40_41xxx.o(.text)
    TIM2_IRQHandler                          0x08000303   Thumb Code     0  startup_stm32f40_41xxx.o(.text)
    TIM3_IRQHandler                          0x08000303   Thumb Code     0  startup_stm32f40_41xxx.o(.text)
    TIM4_IRQHandler                          0x08000303   Thumb Code     0  startup_stm32f40_41xxx.o(.text)
    TIM5_IRQHandler                          0x08000303   Thumb Code     0  startup_stm32f40_41xxx.o(.text)
    TIM6_DAC_IRQHandler                      0x08000303   Thumb Code     0  startup_stm32f40_41xxx.o(.text)
    TIM7_IRQHandler                          0x08000303   Thumb Code     0  startup_stm32f40_41xxx.o(.text)
    TIM8_BRK_TIM12_IRQHandler                0x08000303   Thumb Code     0  startup_stm32f40_41xxx.o(.text)
    TIM8_CC_IRQHandler                       0x08000303   Thumb Code     0  startup_stm32f40_41xxx.o(.text)
    TIM8_TRG_COM_TIM14_IRQHandler            0x08000303   Thumb Code     0  startup_stm32f40_41xxx.o(.text)
    TIM8_UP_TIM13_IRQHandler                 0x08000303   Thumb Code     0  startup_stm32f40_41xxx.o(.text)
    UART4_IRQHandler                         0x08000303   Thumb Code     0  startup_stm32f40_41xxx.o(.text)
    UART5_IRQHandler                         0x08000303   Thumb Code     0  startup_stm32f40_41xxx.o(.text)
    USART1_IRQHandler                        0x08000303   Thumb Code     0  startup_stm32f40_41xxx.o(.text)
    USART2_IRQHandler                        0x08000303   Thumb Code     0  startup_stm32f40_41xxx.o(.text)
    USART6_IRQHandler                        0x08000303   Thumb Code     0  startup_stm32f40_41xxx.o(.text)
    WWDG_IRQHandler                          0x08000303   Thumb Code     0  startup_stm32f40_41xxx.o(.text)
    __user_initial_stackheap                 0x08000305   Thumb Code     0  startup_stm32f40_41xxx.o(.text)
    __aeabi_memcpy                           0x08000329   Thumb Code     0  rt_memcpy_v6.o(.text)
    __rt_memcpy                              0x08000329   Thumb Code   138  rt_memcpy_v6.o(.text)
    _memcpy_lastbytes                        0x0800038f   Thumb Code     0  rt_memcpy_v6.o(.text)
    __aeabi_memset                           0x080003b3   Thumb Code    16  aeabi_memset.o(.text)
    __aeabi_memclr                           0x080003c3   Thumb Code     0  rt_memclr.o(.text)
    __rt_memclr                              0x080003c3   Thumb Code    68  rt_memclr.o(.text)
    _memset                                  0x080003c7   Thumb Code     0  rt_memclr.o(.text)
    __aeabi_memclr4                          0x08000407   Thumb Code     0  rt_memclr_w.o(.text)
    __aeabi_memclr8                          0x08000407   Thumb Code     0  rt_memclr_w.o(.text)
    __rt_memclr_w                            0x08000407   Thumb Code    78  rt_memclr_w.o(.text)
    _memset_w                                0x0800040b   Thumb Code     0  rt_memclr_w.o(.text)
    __use_two_region_memory                  0x08000455   Thumb Code     2  heapauxi.o(.text)
    __rt_heap_escrow$2region                 0x08000457   Thumb Code     2  heapauxi.o(.text)
    __rt_heap_expand$2region                 0x08000459   Thumb Code     2  heapauxi.o(.text)
    __aeabi_memcpy4                          0x0800045b   Thumb Code     0  rt_memcpy_w.o(.text)
    __aeabi_memcpy8                          0x0800045b   Thumb Code     0  rt_memcpy_w.o(.text)
    __rt_memcpy_w                            0x0800045b   Thumb Code   100  rt_memcpy_w.o(.text)
    _memcpy_lastbytes_aligned                0x080004a3   Thumb Code     0  rt_memcpy_w.o(.text)
    __user_setup_stackheap                   0x080004bf   Thumb Code    74  sys_stackheap_outer.o(.text)
    exit                                     0x08000509   Thumb Code    18  exit.o(.text)
    __user_libspace                          0x0800051d   Thumb Code     8  libspace.o(.text)
    __user_perproc_libspace                  0x0800051d   Thumb Code     0  libspace.o(.text)
    __user_perthread_libspace                0x0800051d   Thumb Code     0  libspace.o(.text)
    _sys_exit                                0x08000525   Thumb Code     8  sys_exit.o(.text)
    __I$use$semihosting                      0x08000531   Thumb Code     0  use_no_semi.o(.text)
    __use_no_semihosting_swi                 0x08000531   Thumb Code     2  use_no_semi.o(.text)
    __semihosting_library_function           0x08000533   Thumb Code     0  indicate_semi.o(.text)
    BUTTON_Init                              0x08000535   Thumb Code    48  button.o(i.BUTTON_Init)
    BUZ_Init                                 0x08000569   Thumb Code    58  buz.o(i.BUZ_Init)
    BusFault_Handler                         0x080005a9   Thumb Code     2  stm32f4xx_it.o(i.BusFault_Handler)
    DebugMon_Handler                         0x080005ab   Thumb Code     2  stm32f4xx_it.o(i.DebugMon_Handler)
    GPIO_Init                                0x080005ad   Thumb Code   120  stm32f4xx_gpio.o(i.GPIO_Init)
    GPIO_PinAFConfig                         0x08000625   Thumb Code    32  stm32f4xx_gpio.o(i.GPIO_PinAFConfig)
    GPIO_SetBits                             0x08000645   Thumb Code     4  stm32f4xx_gpio.o(i.GPIO_SetBits)
    HardFault_Handler                        0x08000649   Thumb Code     2  stm32f4xx_it.o(i.HardFault_Handler)
    LED_Init                                 0x0800064d   Thumb Code    58  led.o(i.LED_Init)
    MemManage_Handler                        0x0800068d   Thumb Code     2  stm32f4xx_it.o(i.MemManage_Handler)
    NMI_Handler                              0x0800068f   Thumb Code     2  stm32f4xx_it.o(i.NMI_Handler)
    NVIC_Init                                0x08000691   Thumb Code    96  misc.o(i.NVIC_Init)
    NVIC_PriorityGroupConfig                 0x080006f5   Thumb Code    10  misc.o(i.NVIC_PriorityGroupConfig)
    OLED_Clear                               0x08000709   Thumb Code    38  oled.o(i.OLED_Clear)
    OLED_DrawPoint                           0x08000735   Thumb Code    54  oled.o(i.OLED_DrawPoint)
    OLED_Init                                0x08000771   Thumb Code   294  oled.o(i.OLED_Init)
    OLED_Refresh_Gram                        0x080008a1   Thumb Code    66  oled.o(i.OLED_Refresh_Gram)
    OLED_ShowChar                            0x080008e9   Thumb Code   124  oled.o(i.OLED_ShowChar)
    OLED_ShowString                          0x0800096d   Thumb Code    62  oled.o(i.OLED_ShowString)
    OLED_WR_Byte                             0x080009ad   Thumb Code    62  oled.o(i.OLED_WR_Byte)
    PWR_BackupAccessCmd                      0x080009f1   Thumb Code     6  stm32f4xx_pwr.o(i.PWR_BackupAccessCmd)
    RCC_AHB1PeriphClockCmd                   0x080009fd   Thumb Code    18  stm32f4xx_rcc.o(i.RCC_AHB1PeriphClockCmd)
    RCC_APB1PeriphClockCmd                   0x08000a15   Thumb Code    18  stm32f4xx_rcc.o(i.RCC_APB1PeriphClockCmd)
    RCC_GetClocksFreq                        0x08000a2d   Thumb Code   132  stm32f4xx_rcc.o(i.RCC_GetClocksFreq)
    RCC_LSEConfig                            0x08000abd   Thumb Code    22  stm32f4xx_rcc.o(i.RCC_LSEConfig)
    SysTick_CLKSourceConfig                  0x08000b8d   Thumb Code    24  misc.o(i.SysTick_CLKSourceConfig)
    SysTick_Handler                          0x08000ba5   Thumb Code    20  delay.o(i.SysTick_Handler)
    SystemInit                               0x08000bb9   Thumb Code    74  system_stm32f4xx.o(i.SystemInit)
    USART3_IRQHandler                        0x08000c15   Thumb Code   106  main.o(i.USART3_IRQHandler)
    USART_Cmd                                0x08000ca1   Thumb Code    20  stm32f4xx_usart.o(i.USART_Cmd)
    USART_GetITStatus                        0x08000cb5   Thumb Code    62  stm32f4xx_usart.o(i.USART_GetITStatus)
    USART_ITConfig                           0x08000cf3   Thumb Code    48  stm32f4xx_usart.o(i.USART_ITConfig)
    USART_Init                               0x08000d25   Thumb Code   164  stm32f4xx_usart.o(i.USART_Init)
    USART_ReceiveData                        0x08000dd1   Thumb Code     8  stm32f4xx_usart.o(i.USART_ReceiveData)
    UsageFault_Handler                       0x08000dd9   Thumb Code     2  stm32f4xx_it.o(i.UsageFault_Handler)
    button_task                              0x08000ddd   Thumb Code    34  button.o(i.button_task)
    delay_init                               0x08000e0d   Thumb Code    50  delay.o(i.delay_init)
    delay_ms                                 0x08000e45   Thumb Code    50  delay.o(i.delay_ms)
    delay_us                                 0x08000e7d   Thumb Code    48  delay.o(i.delay_us)
    led_task                                 0x08000eb1   Thumb Code    14  led.o(i.led_task)
    main                                     0x08000ec5   Thumb Code    76  main.o(i.main)
    pvPortMalloc                             0x0800172d   Thumb Code   146  heap_4.o(i.pvPortMalloc)
    pxPortInitialiseStack                    0x080017c5   Thumb Code    40  port.o(i.pxPortInitialiseStack)
    start_task                               0x080017f1   Thumb Code    58  main.o(i.start_task)
    systemInit                               0x08001851   Thumb Code    44  system.o(i.systemInit)
    uart3_init                               0x0800187d   Thumb Code   168  uart.o(i.uart3_init)
    uart_task                                0x0800192d   Thumb Code    40  uart.o(i.uart_task)
    usart3_send                              0x08001965   Thumb Code    14  uart.o(i.usart3_send)
    uxListRemove                             0x08001979   Thumb Code    38  list.o(i.uxListRemove)
    uxTaskGetNumberOfTasks                   0x080019a1   Thumb Code     6  tasks.o(i.uxTaskGetNumberOfTasks)
    vListInitialise                          0x080019ad   Thumb Code    22  list.o(i.vListInitialise)
    vListInitialiseItem                      0x080019c3   Thumb Code     6  list.o(i.vListInitialiseItem)
    vListInsert                              0x080019c9   Thumb Code    48  list.o(i.vListInsert)
    vListInsertEnd                           0x080019f9   Thumb Code    24  list.o(i.vListInsertEnd)
    vPortEnterCritical                       0x08001a11   Thumb Code    32  port.o(i.vPortEnterCritical)
    vPortExitCritical                        0x08001a39   Thumb Code    16  port.o(i.vPortExitCritical)
    vPortFree                                0x08001a4d   Thumb Code    64  heap_4.o(i.vPortFree)
    vPortSetupTimerInterrupt                 0x08001a91   Thumb Code    32  port.o(i.vPortSetupTimerInterrupt)
    vPortValidateInterruptPriority           0x08001ab5   Thumb Code    24  port.o(i.vPortValidateInterruptPriority)
    vQueueAddToRegistry                      0x08001ad1   Thumb Code    54  queue.o(i.vQueueAddToRegistry)
    vQueueWaitForMessageRestricted           0x08001b0d   Thumb Code    68  queue.o(i.vQueueWaitForMessageRestricted)
    vTaskDelay                               0x08001b51   Thumb Code    48  tasks.o(i.vTaskDelay)
    vTaskDelete                              0x08001b89   Thumb Code   144  tasks.o(i.vTaskDelete)
    vTaskInternalSetTimeOutState             0x08001c29   Thumb Code    12  tasks.o(i.vTaskInternalSetTimeOutState)
    vTaskMissedYield                         0x08001c39   Thumb Code     8  tasks.o(i.vTaskMissedYield)
    vTaskPlaceOnEventList                    0x08001c45   Thumb Code    30  tasks.o(i.vTaskPlaceOnEventList)
    vTaskPlaceOnEventListRestricted          0x08001c69   Thumb Code    58  tasks.o(i.vTaskPlaceOnEventListRestricted)
    vTaskStartScheduler                      0x08001ca9   Thumb Code    72  tasks.o(i.vTaskStartScheduler)
    vTaskSuspendAll                          0x08001d01   Thumb Code    10  tasks.o(i.vTaskSuspendAll)
    vTaskSwitchContext                       0x08001d11   Thumb Code    64  tasks.o(i.vTaskSwitchContext)
    xPortStartScheduler                      0x08001d59   Thumb Code   138  port.o(i.xPortStartScheduler)
    xPortSysTickHandler                      0x08001df5   Thumb Code    38  port.o(i.xPortSysTickHandler)
    xQueueGenericCreate                      0x08001e21   Thumb Code    84  queue.o(i.xQueueGenericCreate)
    xQueueGenericReset                       0x08001e75   Thumb Code   120  queue.o(i.xQueueGenericReset)
    xQueueGenericSend                        0x08001eed   Thumb Code   254  queue.o(i.xQueueGenericSend)
    xQueueGenericSendFromISR                 0x08001ff1   Thumb Code   150  queue.o(i.xQueueGenericSendFromISR)
    xQueueReceive                            0x08002089   Thumb Code   220  queue.o(i.xQueueReceive)
    xTaskCheckForTimeOut                     0x08002169   Thumb Code    82  tasks.o(i.xTaskCheckForTimeOut)
    xTaskCreate                              0x080021c1   Thumb Code    92  tasks.o(i.xTaskCreate)
    xTaskGetSchedulerState                   0x0800221d   Thumb Code    22  tasks.o(i.xTaskGetSchedulerState)
    xTaskGetTickCount                        0x08002239   Thumb Code     6  tasks.o(i.xTaskGetTickCount)
    xTaskIncrementTick                       0x08002245   Thumb Code   226  tasks.o(i.xTaskIncrementTick)
    xTaskPriorityDisinherit                  0x08002331   Thumb Code   134  tasks.o(i.xTaskPriorityDisinherit)
    xTaskRemoveFromEventList                 0x080023c1   Thumb Code   190  tasks.o(i.xTaskRemoveFromEventList)
    xTaskResumeAll                           0x0800248d   Thumb Code   242  tasks.o(i.xTaskResumeAll)
    xTimerCreate                             0x0800258d   Thumb Code    74  timers.o(i.xTimerCreate)
    xTimerCreateTimerTask                    0x080025d9   Thumb Code    44  timers.o(i.xTimerCreateTimerTask)
    xTimerGenericCommand                     0x08002615   Thumb Code    74  timers.o(i.xTimerGenericCommand)
    _fp_init                                 0x08002665   Thumb Code    10  fpinit.o(x$fpl$fpinit)
    __fplib_config_fpu_vfp                   0x0800266d   Thumb Code     0  fpinit.o(x$fpl$fpinit)
    __fplib_config_pureend_doubles           0x0800266d   Thumb Code     0  fpinit.o(x$fpl$fpinit)
    oled_asc2_1206                           0x0800266e   Data        1140  oled.o(.constdata)
    oled_asc2_1608                           0x08002ae2   Data        1520  oled.o(.constdata)
    Region$$Table$$Base                      0x08003140   Number         0  anon$$obj.o(Region$$Table)
    Region$$Table$$Limit                     0x08003160   Number         0  anon$$obj.o(Region$$Table)
    StartTask_Handler                        0x20000004   Data           4  main.o(.data)
    xTimer                                   0x20000008   Data           4  main.o(.data)
    SystemCoreClock                          0x2000000c   Data           4  system_stm32f4xx.o(.data)
    AHBPrescTable                            0x20000010   Data          16  system_stm32f4xx.o(.data)
    pxCurrentTCB                             0x20000074   Data           4  tasks.o(.data)
    uxTopUsedPriority                        0x200000a4   Data           4  tasks.o(.data)
    OLED_GRAM                                0x200000fa   Data        1024  oled.o(.bss)
    xQueueRegistry                           0x200004fc   Data          64  queue.o(.bss)
    __libspace_start                         0x20005848   Data          96  libspace.o(.bss)
    __temporary_stack_top$libspace           0x200058a8   Data           0  libspace.o(.bss)



==============================================================================

Memory Map of the image

  Image Entry point : 0x08000189

  Load Region LR_IROM1 (Base: 0x08000000, Size: 0x00003250, Max: 0x00080000, ABSOLUTE)

    Execution Region ER_IROM1 (Exec base: 0x08000000, Load base: 0x08000000, Size: 0x00003160, Max: 0x00080000, ABSOLUTE)

    Exec Addr    Load Addr    Size         Type   Attr      Idx    E Section Name        Object

    0x08000000   0x08000000   0x00000188   Data   RO          234    RESET               startup_stm32f40_41xxx.o
    0x08000188   0x08000188   0x00000008   Code   RO         3677  * !!!main             c_w.l(__main.o)
    0x08000190   0x08000190   0x00000034   Code   RO         3847    !!!scatter          c_w.l(__scatter.o)
    0x080001c4   0x080001c4   0x0000001a   Code   RO         3849    !!handler_copy      c_w.l(__scatter_copy.o)
    0x080001de   0x080001de   0x00000002   PAD
    0x080001e0   0x080001e0   0x0000001c   Code   RO         3851    !!handler_zi        c_w.l(__scatter_zi.o)
    0x080001fc   0x080001fc   0x00000002   Code   RO         3717    .ARM.Collect$$libinit$$00000000  c_w.l(libinit.o)
    0x080001fe   0x080001fe   0x00000004   Code   RO         3723    .ARM.Collect$$libinit$$00000001  c_w.l(libinit2.o)
    0x08000202   0x08000202   0x00000000   Code   RO         3726    .ARM.Collect$$libinit$$00000004  c_w.l(libinit2.o)
    0x08000202   0x08000202   0x00000000   Code   RO         3729    .ARM.Collect$$libinit$$0000000A  c_w.l(libinit2.o)
    0x08000202   0x08000202   0x00000000   Code   RO         3731    .ARM.Collect$$libinit$$0000000C  c_w.l(libinit2.o)
    0x08000202   0x08000202   0x00000000   Code   RO         3733    .ARM.Collect$$libinit$$0000000E  c_w.l(libinit2.o)
    0x08000202   0x08000202   0x00000000   Code   RO         3736    .ARM.Collect$$libinit$$00000011  c_w.l(libinit2.o)
    0x08000202   0x08000202   0x00000000   Code   RO         3738    .ARM.Collect$$libinit$$00000013  c_w.l(libinit2.o)
    0x08000202   0x08000202   0x00000000   Code   RO         3740    .ARM.Collect$$libinit$$00000015  c_w.l(libinit2.o)
    0x08000202   0x08000202   0x00000000   Code   RO         3742    .ARM.Collect$$libinit$$00000017  c_w.l(libinit2.o)
    0x08000202   0x08000202   0x00000000   Code   RO         3744    .ARM.Collect$$libinit$$00000019  c_w.l(libinit2.o)
    0x08000202   0x08000202   0x00000000   Code   RO         3746    .ARM.Collect$$libinit$$0000001B  c_w.l(libinit2.o)
    0x08000202   0x08000202   0x00000000   Code   RO         3748    .ARM.Collect$$libinit$$0000001D  c_w.l(libinit2.o)
    0x08000202   0x08000202   0x00000000   Code   RO         3750    .ARM.Collect$$libinit$$0000001F  c_w.l(libinit2.o)
    0x08000202   0x08000202   0x00000000   Code   RO         3752    .ARM.Collect$$libinit$$00000021  c_w.l(libinit2.o)
    0x08000202   0x08000202   0x00000000   Code   RO         3754    .ARM.Collect$$libinit$$00000023  c_w.l(libinit2.o)
    0x08000202   0x08000202   0x00000000   Code   RO         3756    .ARM.Collect$$libinit$$00000025  c_w.l(libinit2.o)
    0x08000202   0x08000202   0x00000000   Code   RO         3760    .ARM.Collect$$libinit$$0000002C  c_w.l(libinit2.o)
    0x08000202   0x08000202   0x00000000   Code   RO         3762    .ARM.Collect$$libinit$$0000002E  c_w.l(libinit2.o)
    0x08000202   0x08000202   0x00000000   Code   RO         3764    .ARM.Collect$$libinit$$00000030  c_w.l(libinit2.o)
    0x08000202   0x08000202   0x00000000   Code   RO         3766    .ARM.Collect$$libinit$$00000032  c_w.l(libinit2.o)
    0x08000202   0x08000202   0x00000002   Code   RO         3767    .ARM.Collect$$libinit$$00000033  c_w.l(libinit2.o)
    0x08000204   0x08000204   0x00000002   Code   RO         3787    .ARM.Collect$$libshutdown$$00000000  c_w.l(libshutdown.o)
    0x08000206   0x08000206   0x00000000   Code   RO         3800    .ARM.Collect$$libshutdown$$00000002  c_w.l(libshutdown2.o)
    0x08000206   0x08000206   0x00000000   Code   RO         3802    .ARM.Collect$$libshutdown$$00000004  c_w.l(libshutdown2.o)
    0x08000206   0x08000206   0x00000000   Code   RO         3805    .ARM.Collect$$libshutdown$$00000007  c_w.l(libshutdown2.o)
    0x08000206   0x08000206   0x00000000   Code   RO         3808    .ARM.Collect$$libshutdown$$0000000A  c_w.l(libshutdown2.o)
    0x08000206   0x08000206   0x00000000   Code   RO         3810    .ARM.Collect$$libshutdown$$0000000C  c_w.l(libshutdown2.o)
    0x08000206   0x08000206   0x00000000   Code   RO         3813    .ARM.Collect$$libshutdown$$0000000F  c_w.l(libshutdown2.o)
    0x08000206   0x08000206   0x00000002   Code   RO         3814    .ARM.Collect$$libshutdown$$00000010  c_w.l(libshutdown2.o)
    0x08000208   0x08000208   0x00000000   Code   RO         3679    .ARM.Collect$$rtentry$$00000000  c_w.l(__rtentry.o)
    0x08000208   0x08000208   0x00000000   Code   RO         3692    .ARM.Collect$$rtentry$$00000002  c_w.l(__rtentry2.o)
    0x08000208   0x08000208   0x00000006   Code   RO         3704    .ARM.Collect$$rtentry$$00000004  c_w.l(__rtentry4.o)
    0x0800020e   0x0800020e   0x00000000   Code   RO         3694    .ARM.Collect$$rtentry$$00000009  c_w.l(__rtentry2.o)
    0x0800020e   0x0800020e   0x00000004   Code   RO         3695    .ARM.Collect$$rtentry$$0000000A  c_w.l(__rtentry2.o)
    0x08000212   0x08000212   0x00000000   Code   RO         3697    .ARM.Collect$$rtentry$$0000000C  c_w.l(__rtentry2.o)
    0x08000212   0x08000212   0x00000008   Code   RO         3698    .ARM.Collect$$rtentry$$0000000D  c_w.l(__rtentry2.o)
    0x0800021a   0x0800021a   0x00000002   Code   RO         3721    .ARM.Collect$$rtexit$$00000000  c_w.l(rtexit.o)
    0x0800021c   0x0800021c   0x00000000   Code   RO         3769    .ARM.Collect$$rtexit$$00000002  c_w.l(rtexit2.o)
    0x0800021c   0x0800021c   0x00000004   Code   RO         3770    .ARM.Collect$$rtexit$$00000003  c_w.l(rtexit2.o)
    0x08000220   0x08000220   0x00000006   Code   RO         3771    .ARM.Collect$$rtexit$$00000004  c_w.l(rtexit2.o)
    0x08000226   0x08000226   0x00000002   PAD
    0x08000228   0x08000228   0x000000be   Code   RO         3545    .emb_text           port.o
    0x080002e6   0x080002e6   0x00000002   PAD
    0x080002e8   0x080002e8   0x00000040   Code   RO          235    .text               startup_stm32f40_41xxx.o
    0x08000328   0x08000328   0x0000008a   Code   RO         3667    .text               c_w.l(rt_memcpy_v6.o)
    0x080003b2   0x080003b2   0x00000010   Code   RO         3669    .text               c_w.l(aeabi_memset.o)
    0x080003c2   0x080003c2   0x00000044   Code   RO         3671    .text               c_w.l(rt_memclr.o)
    0x08000406   0x08000406   0x0000004e   Code   RO         3673    .text               c_w.l(rt_memclr_w.o)
    0x08000454   0x08000454   0x00000006   Code   RO         3675    .text               c_w.l(heapauxi.o)
    0x0800045a   0x0800045a   0x00000064   Code   RO         3689    .text               c_w.l(rt_memcpy_w.o)
    0x080004be   0x080004be   0x0000004a   Code   RO         3708    .text               c_w.l(sys_stackheap_outer.o)
    0x08000508   0x08000508   0x00000012   Code   RO         3710    .text               c_w.l(exit.o)
    0x0800051a   0x0800051a   0x00000002   PAD
    0x0800051c   0x0800051c   0x00000008   Code   RO         3718    .text               c_w.l(libspace.o)
    0x08000524   0x08000524   0x0000000c   Code   RO         3779    .text               c_w.l(sys_exit.o)
    0x08000530   0x08000530   0x00000002   Code   RO         3790    .text               c_w.l(use_no_semi.o)
    0x08000532   0x08000532   0x00000000   Code   RO         3792    .text               c_w.l(indicate_semi.o)
    0x08000532   0x08000532   0x00000002   PAD
    0x08000534   0x08000534   0x00000034   Code   RO         2260    i.BUTTON_Init       button.o
    0x08000568   0x08000568   0x00000040   Code   RO         2228    i.BUZ_Init          buz.o
    0x080005a8   0x080005a8   0x00000002   Code   RO          241    i.BusFault_Handler  stm32f4xx_it.o
    0x080005aa   0x080005aa   0x00000002   Code   RO          242    i.DebugMon_Handler  stm32f4xx_it.o
    0x080005ac   0x080005ac   0x00000078   Code   RO          405    i.GPIO_Init         stm32f4xx_gpio.o
    0x08000624   0x08000624   0x00000020   Code   RO          406    i.GPIO_PinAFConfig  stm32f4xx_gpio.o
    0x08000644   0x08000644   0x00000004   Code   RO          413    i.GPIO_SetBits      stm32f4xx_gpio.o
    0x08000648   0x08000648   0x00000002   Code   RO          243    i.HardFault_Handler  stm32f4xx_it.o
    0x0800064a   0x0800064a   0x00000002   PAD
    0x0800064c   0x0800064c   0x00000040   Code   RO         2072    i.LED_Init          led.o
    0x0800068c   0x0800068c   0x00000002   Code   RO          244    i.MemManage_Handler  stm32f4xx_it.o
    0x0800068e   0x0800068e   0x00000002   Code   RO          245    i.NMI_Handler       stm32f4xx_it.o
    0x08000690   0x08000690   0x00000064   Code   RO          360    i.NVIC_Init         misc.o
    0x080006f4   0x080006f4   0x00000014   Code   RO          361    i.NVIC_PriorityGroupConfig  misc.o
    0x08000708   0x08000708   0x0000002c   Code   RO         2104    i.OLED_Clear        oled.o
    0x08000734   0x08000734   0x0000003c   Code   RO         2107    i.OLED_DrawPoint    oled.o
    0x08000770   0x08000770   0x00000130   Code   RO         2108    i.OLED_Init         oled.o
    0x080008a0   0x080008a0   0x00000048   Code   RO         2109    i.OLED_Refresh_Gram  oled.o
    0x080008e8   0x080008e8   0x00000084   Code   RO         2110    i.OLED_ShowChar     oled.o
    0x0800096c   0x0800096c   0x0000003e   Code   RO         2112    i.OLED_ShowString   oled.o
    0x080009aa   0x080009aa   0x00000002   PAD
    0x080009ac   0x080009ac   0x00000044   Code   RO         2113    i.OLED_WR_Byte      oled.o
    0x080009f0   0x080009f0   0x0000000c   Code   RO          726    i.PWR_BackupAccessCmd  stm32f4xx_pwr.o
    0x080009fc   0x080009fc   0x00000018   Code   RO          848    i.RCC_AHB1PeriphClockCmd  stm32f4xx_rcc.o
    0x08000a14   0x08000a14   0x00000018   Code   RO          857    i.RCC_APB1PeriphClockCmd  stm32f4xx_rcc.o
    0x08000a2c   0x08000a2c   0x00000090   Code   RO          869    i.RCC_GetClocksFreq  stm32f4xx_rcc.o
    0x08000abc   0x08000abc   0x0000001c   Code   RO          878    i.RCC_LSEConfig     stm32f4xx_rcc.o
    0x08000ad8   0x08000ad8   0x000000b4   Code   RO          323    i.SetSysClock       system_stm32f4xx.o
    0x08000b8c   0x08000b8c   0x00000018   Code   RO          364    i.SysTick_CLKSourceConfig  misc.o
    0x08000ba4   0x08000ba4   0x00000014   Code   RO         2017    i.SysTick_Handler   delay.o
    0x08000bb8   0x08000bb8   0x0000005c   Code   RO          325    i.SystemInit        system_stm32f4xx.o
    0x08000c14   0x08000c14   0x0000008c   Code   RO            3    i.USART3_IRQHandler  main.o
    0x08000ca0   0x08000ca0   0x00000014   Code   RO         1789    i.USART_Cmd         stm32f4xx_usart.o
    0x08000cb4   0x08000cb4   0x0000003e   Code   RO         1793    i.USART_GetITStatus  stm32f4xx_usart.o
    0x08000cf2   0x08000cf2   0x00000030   Code   RO         1795    i.USART_ITConfig    stm32f4xx_usart.o
    0x08000d22   0x08000d22   0x00000002   PAD
    0x08000d24   0x08000d24   0x000000ac   Code   RO         1796    i.USART_Init        stm32f4xx_usart.o
    0x08000dd0   0x08000dd0   0x00000008   Code   RO         1803    i.USART_ReceiveData  stm32f4xx_usart.o
    0x08000dd8   0x08000dd8   0x00000002   Code   RO          246    i.UsageFault_Handler  stm32f4xx_it.o
    0x08000dda   0x08000dda   0x00000002   PAD
    0x08000ddc   0x08000ddc   0x00000030   Code   RO         2261    i.button_task       button.o
    0x08000e0c   0x08000e0c   0x00000038   Code   RO         2018    i.delay_init        delay.o
    0x08000e44   0x08000e44   0x00000038   Code   RO         2019    i.delay_ms          delay.o
    0x08000e7c   0x08000e7c   0x00000034   Code   RO         2020    i.delay_us          delay.o
    0x08000eb0   0x08000eb0   0x00000014   Code   RO         2073    i.led_task          led.o
    0x08000ec4   0x08000ec4   0x0000006c   Code   RO            4    i.main              main.o
    0x08000f30   0x08000f30   0x000000d4   Code   RO         2262    i.playSong          button.o
    0x08001004   0x08001004   0x00000088   Code   RO         2940    i.prvAddCurrentTaskToDelayedList  tasks.o
    0x0800108c   0x0800108c   0x000000d4   Code   RO         2941    i.prvAddNewTaskToReadyList  tasks.o
    0x08001160   0x08001160   0x00000050   Code   RO         3315    i.prvCheckForValidListAndQueue  timers.o
    0x080011b0   0x080011b0   0x00000026   Code   RO         2544    i.prvCopyDataFromQueue  queue.o
    0x080011d6   0x080011d6   0x0000006c   Code   RO         2545    i.prvCopyDataToQueue  queue.o
    0x08001242   0x08001242   0x00000014   Code   RO         2942    i.prvDeleteTCB      tasks.o
    0x08001256   0x08001256   0x00000002   PAD
    0x08001258   0x08001258   0x00000044   Code   RO         3476    i.prvHeapInit       heap_4.o
    0x0800129c   0x0800129c   0x00000054   Code   RO         2943    i.prvIdleTask       tasks.o
    0x080012f0   0x080012f0   0x00000084   Code   RO         2944    i.prvInitialiseNewTask  tasks.o
    0x08001374   0x08001374   0x0000004c   Code   RO         3477    i.prvInsertBlockIntoFreeList  heap_4.o
    0x080013c0   0x080013c0   0x00000038   Code   RO         3316    i.prvInsertTimerInActiveList  timers.o
    0x080013f8   0x080013f8   0x0000001a   Code   RO         2546    i.prvIsQueueEmpty   queue.o
    0x08001412   0x08001412   0x0000004e   Code   RO         2547    i.prvNotifyQueueSetContainer  queue.o
    0x08001460   0x08001460   0x00000040   Code   RO         3317    i.prvProcessExpiredTimer  timers.o
    0x080014a0   0x080014a0   0x000000e4   Code   RO         3318    i.prvProcessReceivedCommands  timers.o
    0x08001584   0x08001584   0x0000006c   Code   RO         3319    i.prvProcessTimerOrBlockTask  timers.o
    0x080015f0   0x080015f0   0x00000028   Code   RO         3320    i.prvReloadTimer    timers.o
    0x08001618   0x08001618   0x0000001c   Code   RO         2946    i.prvResetNextTaskUnblockTime  tasks.o
    0x08001634   0x08001634   0x00000048   Code   RO         3321    i.prvSampleTimeNow  timers.o
    0x0800167c   0x0800167c   0x00000010   Code   RO         3546    i.prvTaskExitError  port.o
    0x0800168c   0x0800168c   0x00000028   Code   RO         3322    i.prvTimerTask      timers.o
    0x080016b4   0x080016b4   0x00000076   Code   RO         2548    i.prvUnlockQueue    queue.o
    0x0800172a   0x0800172a   0x00000002   PAD
    0x0800172c   0x0800172c   0x00000098   Code   RO         3479    i.pvPortMalloc      heap_4.o
    0x080017c4   0x080017c4   0x0000002c   Code   RO         3547    i.pxPortInitialiseStack  port.o
    0x080017f0   0x080017f0   0x00000060   Code   RO            5    i.start_task        main.o
    0x08001850   0x08001850   0x0000002c   Code   RO         1973    i.systemInit        system.o
    0x0800187c   0x0800187c   0x000000b0   Code   RO         2311    i.uart3_init        uart.o
    0x0800192c   0x0800192c   0x00000038   Code   RO         2312    i.uart_task         uart.o
    0x08001964   0x08001964   0x00000014   Code   RO         2313    i.usart3_send       uart.o
    0x08001978   0x08001978   0x00000026   Code   RO         2496    i.uxListRemove      list.o
    0x0800199e   0x0800199e   0x00000002   PAD
    0x080019a0   0x080019a0   0x0000000c   Code   RO         2951    i.uxTaskGetNumberOfTasks  tasks.o
    0x080019ac   0x080019ac   0x00000016   Code   RO         2497    i.vListInitialise   list.o
    0x080019c2   0x080019c2   0x00000006   Code   RO         2498    i.vListInitialiseItem  list.o
    0x080019c8   0x080019c8   0x00000030   Code   RO         2499    i.vListInsert       list.o
    0x080019f8   0x080019f8   0x00000018   Code   RO         2500    i.vListInsertEnd    list.o
    0x08001a10   0x08001a10   0x00000028   Code   RO         3549    i.vPortEnterCritical  port.o
    0x08001a38   0x08001a38   0x00000014   Code   RO         3550    i.vPortExitCritical  port.o
    0x08001a4c   0x08001a4c   0x00000044   Code   RO         3480    i.vPortFree         heap_4.o
    0x08001a90   0x08001a90   0x00000024   Code   RO         3551    i.vPortSetupTimerInterrupt  port.o
    0x08001ab4   0x08001ab4   0x0000001c   Code   RO         3552    i.vPortValidateInterruptPriority  port.o
    0x08001ad0   0x08001ad0   0x0000003c   Code   RO         2554    i.vQueueAddToRegistry  queue.o
    0x08001b0c   0x08001b0c   0x00000044   Code   RO         2558    i.vQueueWaitForMessageRestricted  queue.o
    0x08001b50   0x08001b50   0x00000038   Code   RO         2957    i.vTaskDelay        tasks.o
    0x08001b88   0x08001b88   0x000000a0   Code   RO         2958    i.vTaskDelete       tasks.o
    0x08001c28   0x08001c28   0x00000010   Code   RO         2962    i.vTaskInternalSetTimeOutState  tasks.o
    0x08001c38   0x08001c38   0x0000000c   Code   RO         2964    i.vTaskMissedYield  tasks.o
    0x08001c44   0x08001c44   0x00000024   Code   RO         2965    i.vTaskPlaceOnEventList  tasks.o
    0x08001c68   0x08001c68   0x00000040   Code   RO         2966    i.vTaskPlaceOnEventListRestricted  tasks.o
    0x08001ca8   0x08001ca8   0x00000058   Code   RO         2974    i.vTaskStartScheduler  tasks.o
    0x08001d00   0x08001d00   0x00000010   Code   RO         2976    i.vTaskSuspendAll   tasks.o
    0x08001d10   0x08001d10   0x00000048   Code   RO         2977    i.vTaskSwitchContext  tasks.o
    0x08001d58   0x08001d58   0x0000009c   Code   RO         3553    i.xPortStartScheduler  port.o
    0x08001df4   0x08001df4   0x0000002c   Code   RO         3554    i.xPortSysTickHandler  port.o
    0x08001e20   0x08001e20   0x00000054   Code   RO         2563    i.xQueueGenericCreate  queue.o
    0x08001e74   0x08001e74   0x00000078   Code   RO         2564    i.xQueueGenericReset  queue.o
    0x08001eec   0x08001eec   0x00000104   Code   RO         2565    i.xQueueGenericSend  queue.o
    0x08001ff0   0x08001ff0   0x00000096   Code   RO         2566    i.xQueueGenericSendFromISR  queue.o
    0x08002086   0x08002086   0x00000002   PAD
    0x08002088   0x08002088   0x000000e0   Code   RO         2573    i.xQueueReceive     queue.o
    0x08002168   0x08002168   0x00000058   Code   RO         2979    i.xTaskCheckForTimeOut  tasks.o
    0x080021c0   0x080021c0   0x0000005c   Code   RO         2980    i.xTaskCreate       tasks.o
    0x0800221c   0x0800221c   0x0000001c   Code   RO         2987    i.xTaskGetSchedulerState  tasks.o
    0x08002238   0x08002238   0x0000000c   Code   RO         2988    i.xTaskGetTickCount  tasks.o
    0x08002244   0x08002244   0x000000ec   Code   RO         2990    i.xTaskIncrementTick  tasks.o
    0x08002330   0x08002330   0x00000090   Code   RO         2991    i.xTaskPriorityDisinherit  tasks.o
    0x080023c0   0x080023c0   0x000000cc   Code   RO         2993    i.xTaskRemoveFromEventList  tasks.o
    0x0800248c   0x0800248c   0x00000100   Code   RO         2994    i.xTaskResumeAll    tasks.o
    0x0800258c   0x0800258c   0x0000004a   Code   RO         3329    i.xTimerCreate      timers.o
    0x080025d6   0x080025d6   0x00000002   PAD
    0x080025d8   0x080025d8   0x0000003c   Code   RO         3330    i.xTimerCreateTimerTask  timers.o
    0x08002614   0x08002614   0x00000050   Code   RO         3331    i.xTimerGenericCommand  timers.o
    0x08002664   0x08002664   0x0000000a   Code   RO         3777    x$fpl$fpinit        fz_wm.l(fpinit.o)
    0x0800266e   0x0800266e   0x00000a64   Data   RO         2116    .constdata          oled.o
    0x080030d2   0x080030d2   0x00000002   PAD
    0x080030d4   0x080030d4   0x00000069   Data   RO         2263    .conststring        button.o
    0x0800313d   0x0800313d   0x00000003   PAD
    0x08003140   0x08003140   0x00000020   Data   RO         3845    Region$$Table       anon$$obj.o


    Execution Region RW_IRAM1 (Exec base: 0x20000000, Load base: 0x08003160, Size: 0x00005ea8, Max: 0x00020000, ABSOLUTE)

    Exec Addr    Load Addr    Size         Type   Attr      Idx    E Section Name        Object

    0x20000000   0x08003160   0x0000000c   Data   RW            7    .data               main.o
    0x2000000c   0x0800316c   0x00000014   Data   RW          326    .data               system_stm32f4xx.o
    0x20000020   0x08003180   0x00000010   Data   RW          901    .data               stm32f4xx_rcc.o
    0x20000030   0x08003190   0x00000008   Data   RW         2023    .data               delay.o
    0x20000038   0x08003198   0x0000003c   Data   RW         2264    .data               button.o
    0x20000074   0x080031d4   0x00000040   Data   RW         2997    .data               tasks.o
    0x200000b4   0x08003214   0x00000014   Data   RW         3340    .data               timers.o
    0x200000c8   0x08003228   0x0000001c   Data   RW         3486    .data               heap_4.o
    0x200000e4   0x08003244   0x0000000c   Data   RW         3555    .data               port.o
    0x200000f0        -       0x0000000a   Zero   RW            6    .bss                main.o
    0x200000fa        -       0x00000400   Zero   RW         2115    .bss                oled.o
    0x200004fa   0x08003250   0x00000002   PAD
    0x200004fc        -       0x00000040   Zero   RW         2580    .bss                queue.o
    0x2000053c        -       0x000002e4   Zero   RW         2996    .bss                tasks.o
    0x20000820        -       0x00000028   Zero   RW         3339    .bss                timers.o
    0x20000848        -       0x00005000   Zero   RW         3485    .bss                heap_4.o
    0x20005848        -       0x00000060   Zero   RW         3719    .bss                c_w.l(libspace.o)
    0x200058a8        -       0x00000200   Zero   RW          233    HEAP                startup_stm32f40_41xxx.o
    0x20005aa8        -       0x00000400   Zero   RW          232    STACK               startup_stm32f40_41xxx.o


==============================================================================

Image component sizes


      Code (inc. data)   RO Data    RW Data    ZI Data      Debug   Object Name

       312         28        105         60          0       3236   button.o
        64          6          0          0          0        535   buz.o
       184         16          0          8          0       2593   delay.o
         0          0          0          0          0      14596   event_groups.o
       364         22          0         28      20480       4771   heap_4.o
        84         12          0          0          0       1030   led.o
       138          0          0          0          0       3346   list.o
       344        104          0         12         10     282835   main.o
       144         14          0          0          0       2209   misc.o
       742         42       2660          0       1024       5858   oled.o
       574         64          0         12          0      10537   port.o
      1334         16          0          0         64      16422   queue.o
        64         26        392          0       1536        808   startup_stm32f40_41xxx.o
       156          0          0          0          0       2422   stm32f4xx_gpio.o
        12          0          0          0          0       2793   stm32f4xx_it.o
        12          6          0          0          0        550   stm32f4xx_pwr.o
       220         30          0         16          0       4778   stm32f4xx_rcc.o
       310          8          0          0          0       4582   stm32f4xx_usart.o
        44          0          0          0          0        513   system.o
       272         36          0         20          0       1829   system_stm32f4xx.o
      2204        184          0         64        740      33305   tasks.o
       902         88          0         20         40      12820   timers.o
       252         30          0          0          0       2151   uart.o

    ----------------------------------------------------------------------
      8752        732       3194        240      23896     414519   Object Totals
         0          0         32          0          0          0   (incl. Generated)
        20          0          5          0          2          0   (incl. Padding)

    ----------------------------------------------------------------------

      Code (inc. data)   RO Data    RW Data    ZI Data      Debug   Library Member Name

         8          0          0          0          0         68   __main.o
         0          0          0          0          0          0   __rtentry.o
        12          0          0          0          0          0   __rtentry2.o
         6          0          0          0          0          0   __rtentry4.o
        52          8          0          0          0          0   __scatter.o
        26          0          0          0          0          0   __scatter_copy.o
        28          0          0          0          0          0   __scatter_zi.o
        16          0          0          0          0         68   aeabi_memset.o
        18          0          0          0          0         80   exit.o
         6          0          0          0          0        152   heapauxi.o
         0          0          0          0          0          0   indicate_semi.o
         2          0          0          0          0          0   libinit.o
         6          0          0          0          0          0   libinit2.o
         2          0          0          0          0          0   libshutdown.o
         2          0          0          0          0          0   libshutdown2.o
         8          4          0          0         96         68   libspace.o
        68          0          0          0          0         68   rt_memclr.o
        78          0          0          0          0         80   rt_memclr_w.o
       138          0          0          0          0         68   rt_memcpy_v6.o
       100          0          0          0          0         80   rt_memcpy_w.o
         2          0          0          0          0          0   rtexit.o
        10          0          0          0          0          0   rtexit2.o
        12          4          0          0          0         68   sys_exit.o
        74          0          0          0          0         80   sys_stackheap_outer.o
         2          0          0          0          0         68   use_no_semi.o
        10          0          0          0          0        116   fpinit.o

    ----------------------------------------------------------------------
       694         16          0          0         96       1064   Library Totals
         8          0          0          0          0          0   (incl. Padding)

    ----------------------------------------------------------------------

      Code (inc. data)   RO Data    RW Data    ZI Data      Debug   Library Name

       676         16          0          0         96        948   c_w.l
        10          0          0          0          0        116   fz_wm.l

    ----------------------------------------------------------------------
       694         16          0          0         96       1064   Library Totals

    ----------------------------------------------------------------------

==============================================================================


      Code (inc. data)   RO Data    RW Data    ZI Data      Debug   

      9446        748       3194        240      23992     404567   Grand Totals
      9446        748       3194        240      23992     404567   ELF Image Totals
      9446        748       3194        240          0          0   ROM Totals

==============================================================================

    Total RO  Size (Code + RO Data)                12640 (  12.34kB)
    Total RW  Size (RW Data + ZI Data)             24232 (  23.66kB)
    Total ROM Size (Code + RO Data + RW Data)      12880 (  12.58kB)

==============================================================================

