Component: ARM Compiler 5.06 update 5 (build 528) Tool: armlink [4d35e2]

==============================================================================

Section Cross References

    main.o(i.main) refers to system.o(i.systemInit) for systemInit
    main.o(i.main) refers to tasks.o(i.xTaskCreate) for xTaskCreate
    main.o(i.main) refers to tasks.o(i.vTaskStartScheduler) for vTaskStartScheduler
    main.o(i.main) refers to main.o(.data) for .data
    main.o(i.main) refers to main.o(i.start_task) for start_task
    main.o(i.start_task) refers to port.o(i.vPortEnterCritical) for vPortEnterCritical
    main.o(i.start_task) refers to tasks.o(i.xTaskCreate) for xTaskCreate
    main.o(i.start_task) refers to tasks.o(i.vTaskDelete) for vTaskDelete
    main.o(i.start_task) refers to port.o(i.vPortExitCritical) for vPortExitCritical
    main.o(i.start_task) refers to led.o(i.led_task) for led_task
    main.o(i.start_task) refers to buz.o(i.buz_task) for buz_task
    main.o(i.start_task) refers to show.o(i.show_task) for show_task
    main.o(i.start_task) refers to main.o(.data) for .data
    startup_stm32f40_41xxx.o(STACK) refers (Special) to heapauxi.o(.text) for __use_two_region_memory
    startup_stm32f40_41xxx.o(HEAP) refers (Special) to heapauxi.o(.text) for __use_two_region_memory
    startup_stm32f40_41xxx.o(RESET) refers (Special) to heapauxi.o(.text) for __use_two_region_memory
    startup_stm32f40_41xxx.o(RESET) refers to startup_stm32f40_41xxx.o(STACK) for __initial_sp
    startup_stm32f40_41xxx.o(RESET) refers to startup_stm32f40_41xxx.o(.text) for Reset_Handler
    startup_stm32f40_41xxx.o(RESET) refers to stm32f4xx_it.o(i.NMI_Handler) for NMI_Handler
    startup_stm32f40_41xxx.o(RESET) refers to stm32f4xx_it.o(i.HardFault_Handler) for HardFault_Handler
    startup_stm32f40_41xxx.o(RESET) refers to stm32f4xx_it.o(i.MemManage_Handler) for MemManage_Handler
    startup_stm32f40_41xxx.o(RESET) refers to stm32f4xx_it.o(i.BusFault_Handler) for BusFault_Handler
    startup_stm32f40_41xxx.o(RESET) refers to stm32f4xx_it.o(i.UsageFault_Handler) for UsageFault_Handler
    startup_stm32f40_41xxx.o(RESET) refers to port.o(.emb_text) for SVC_Handler
    startup_stm32f40_41xxx.o(RESET) refers to stm32f4xx_it.o(i.DebugMon_Handler) for DebugMon_Handler
    startup_stm32f40_41xxx.o(RESET) refers to delay.o(i.SysTick_Handler) for SysTick_Handler
    startup_stm32f40_41xxx.o(.text) refers (Special) to heapauxi.o(.text) for __use_two_region_memory
    startup_stm32f40_41xxx.o(.text) refers to system_stm32f4xx.o(i.SystemInit) for SystemInit
    startup_stm32f40_41xxx.o(.text) refers to __main.o(!!!main) for __main
    startup_stm32f40_41xxx.o(.text) refers to startup_stm32f40_41xxx.o(HEAP) for Heap_Mem
    startup_stm32f40_41xxx.o(.text) refers to startup_stm32f40_41xxx.o(STACK) for Stack_Mem
    system_stm32f4xx.o(i.SystemCoreClockUpdate) refers to system_stm32f4xx.o(.data) for .data
    system_stm32f4xx.o(i.SystemInit) refers to system_stm32f4xx.o(i.SetSysClock) for SetSysClock
    stm32f4xx_gpio.o(i.GPIO_DeInit) refers to stm32f4xx_rcc.o(i.RCC_AHB1PeriphResetCmd) for RCC_AHB1PeriphResetCmd
    stm32f4xx_i2c.o(i.I2C_DeInit) refers to stm32f4xx_rcc.o(i.RCC_APB1PeriphResetCmd) for RCC_APB1PeriphResetCmd
    stm32f4xx_i2c.o(i.I2C_Init) refers to stm32f4xx_rcc.o(i.RCC_GetClocksFreq) for RCC_GetClocksFreq
    stm32f4xx_pwr.o(i.PWR_DeInit) refers to stm32f4xx_rcc.o(i.RCC_APB1PeriphResetCmd) for RCC_APB1PeriphResetCmd
    stm32f4xx_rcc.o(i.RCC_GetClocksFreq) refers to stm32f4xx_rcc.o(.data) for .data
    stm32f4xx_rcc.o(i.RCC_WaitForHSEStartUp) refers to stm32f4xx_rcc.o(i.RCC_GetFlagStatus) for RCC_GetFlagStatus
    stm32f4xx_syscfg.o(i.SYSCFG_DeInit) refers to stm32f4xx_rcc.o(i.RCC_APB2PeriphResetCmd) for RCC_APB2PeriphResetCmd
    stm32f4xx_tim.o(i.TIM_DeInit) refers to stm32f4xx_rcc.o(i.RCC_APB2PeriphResetCmd) for RCC_APB2PeriphResetCmd
    stm32f4xx_tim.o(i.TIM_DeInit) refers to stm32f4xx_rcc.o(i.RCC_APB1PeriphResetCmd) for RCC_APB1PeriphResetCmd
    stm32f4xx_tim.o(i.TIM_ETRClockMode1Config) refers to stm32f4xx_tim.o(i.TIM_ETRConfig) for TIM_ETRConfig
    stm32f4xx_tim.o(i.TIM_ETRClockMode2Config) refers to stm32f4xx_tim.o(i.TIM_ETRConfig) for TIM_ETRConfig
    stm32f4xx_tim.o(i.TIM_ICInit) refers to stm32f4xx_tim.o(i.TIM_SetIC4Prescaler) for TIM_SetIC4Prescaler
    stm32f4xx_tim.o(i.TIM_ICInit) refers to stm32f4xx_tim.o(i.TI1_Config) for TI1_Config
    stm32f4xx_tim.o(i.TIM_ICInit) refers to stm32f4xx_tim.o(i.TIM_SetIC1Prescaler) for TIM_SetIC1Prescaler
    stm32f4xx_tim.o(i.TIM_ICInit) refers to stm32f4xx_tim.o(i.TI2_Config) for TI2_Config
    stm32f4xx_tim.o(i.TIM_ICInit) refers to stm32f4xx_tim.o(i.TIM_SetIC2Prescaler) for TIM_SetIC2Prescaler
    stm32f4xx_tim.o(i.TIM_ICInit) refers to stm32f4xx_tim.o(i.TIM_SetIC3Prescaler) for TIM_SetIC3Prescaler
    stm32f4xx_tim.o(i.TIM_ITRxExternalClockConfig) refers to stm32f4xx_tim.o(i.TIM_SelectInputTrigger) for TIM_SelectInputTrigger
[...]
    ../clib/angel/startup.s                  0x00000000   Number         0  __main.o ABSOLUTE
    ../clib/angel/sys.s                      0x00000000   Number         0  libspace.o ABSOLUTE
    ../clib/angel/sys.s                      0x00000000   Number         0  indicate_semi.o ABSOLUTE
    ../clib/angel/sys.s                      0x00000000   Number         0  use_no_semi.o ABSOLUTE
    ../clib/angel/sys.s                      0x00000000   Number         0  sys_stackheap_outer.o ABSOLUTE
    ../clib/angel/sysapp.c                   0x00000000   Number         0  sys_command.o ABSOLUTE
    ../clib/angel/sysapp.c                   0x00000000   Number         0  sys_wrch.o ABSOLUTE
    ../clib/angel/sysapp.c                   0x00000000   Number         0  sys_exit.o ABSOLUTE
    ../clib/armsys.c                         0x00000000   Number         0  argv_veneer.o ABSOLUTE
    ../clib/armsys.c                         0x00000000   Number         0  _get_argv_nomalloc.o ABSOLUTE
    ../clib/armsys.c                         0x00000000   Number         0  no_argv.o ABSOLUTE
    ../clib/armsys.c                         0x00000000   Number         0  argv_veneer.o ABSOLUTE
    ../clib/heapalloc.c                      0x00000000   Number         0  hrguard.o ABSOLUTE
    ../clib/heapaux.c                        0x00000000   Number         0  heapauxi.o ABSOLUTE
    ../clib/libinit.s                        0x00000000   Number         0  libinit2.o ABSOLUTE
    ../clib/libinit.s                        0x00000000   Number         0  libinit.o ABSOLUTE
    ../clib/libinit.s                        0x00000000   Number         0  libshutdown2.o ABSOLUTE
    ../clib/libinit.s                        0x00000000   Number         0  libshutdown.o ABSOLUTE
    ../clib/memcpset.s                       0x00000000   Number         0  rt_memcpy_v6.o ABSOLUTE
    ../clib/memcpset.s                       0x00000000   Number         0  rt_memcpy_w.o ABSOLUTE
    ../clib/memcpset.s                       0x00000000   Number         0  rt_memclr_w.o ABSOLUTE
    ../clib/memcpset.s                       0x00000000   Number         0  rt_memclr.o ABSOLUTE
    ../clib/memcpset.s                       0x00000000   Number         0  aeabi_memset.o ABSOLUTE
    ../clib/printf.c                         0x00000000   Number         0  __printf_flags_wp.o ABSOLUTE
    ../clib/printf.c                         0x00000000   Number         0  __printf_ss.o ABSOLUTE
    ../clib/printf.c                         0x00000000   Number         0  __printf_flags_ss.o ABSOLUTE
    ../clib/printf.c                         0x00000000   Number         0  _printf_char.o ABSOLUTE
    ../clib/printf.c                         0x00000000   Number         0  __printf_wp.o ABSOLUTE
    ../clib/printf.c                         0x00000000   Number         0  __printf_nopercent.o ABSOLUTE
    ../clib/printf.c                         0x00000000   Number         0  __printf_flags_ss_wp.o ABSOLUTE
    ../clib/printf.c                         0x00000000   Number         0  _printf_char_common.o ABSOLUTE
    ../clib/printf.c                         0x00000000   Number         0  _printf_intcommon.o ABSOLUTE
    ../clib/printf.c                         0x00000000   Number         0  _sputc.o ABSOLUTE
    ../clib/printf.c                         0x00000000   Number         0  __printf_flags.o ABSOLUTE
    ../clib/printf.c                         0x00000000   Number         0  __2sprintf.o ABSOLUTE
    ../clib/printf.c                         0x00000000   Number         0  noretval__2sprintf.o ABSOLUTE
    ../clib/printf.c                         0x00000000   Number         0  __printf.o ABSOLUTE
    ../clib/printf.c                         0x00000000   Number         0  __printf_ss_wp.o ABSOLUTE
    ../clib/printf.c                         0x00000000   Number         0  _printf_str.o ABSOLUTE
    ../clib/printf.c                         0x00000000   Number         0  _printf_dec.o ABSOLUTE
    ../clib/printf_percent.s                 0x00000000   Number         0  _printf_u.o ABSOLUTE
    ../clib/printf_percent.s                 0x00000000   Number         0  _printf_percent_end.o ABSOLUTE
    ../clib/printf_percent.s                 0x00000000   Number         0  _printf_percent.o ABSOLUTE
    ../clib/printf_percent.s                 0x00000000   Number         0  _printf_c.o ABSOLUTE
    ../clib/signal.c                         0x00000000   Number         0  defsig_cppl_inner.o ABSOLUTE
    ../clib/signal.c                         0x00000000   Number         0  defsig_pvfn_inner.o ABSOLUTE
    ../clib/signal.c                         0x00000000   Number         0  defsig_stak_inner.o ABSOLUTE
    ../clib/signal.c                         0x00000000   Number         0  defsig_rtred_inner.o ABSOLUTE
    ../clib/signal.c                         0x00000000   Number         0  defsig_fpe_inner.o ABSOLUTE
    ../clib/signal.c                         0x00000000   Number         0  defsig_abrt_inner.o ABSOLUTE
    ../clib/signal.c                         0x00000000   Number         0  defsig_general.o ABSOLUTE
    ../clib/signal.c                         0x00000000   Number         0  __raise.o ABSOLUTE
    ../clib/signal.c                         0x00000000   Number         0  defsig_rtmem_inner.o ABSOLUTE
    ../clib/signal.c                         0x00000000   Number         0  defsig_rtmem_formal.o ABSOLUTE
    ../clib/signal.c                         0x00000000   Number         0  defsig_rtmem_outer.o ABSOLUTE
    ../clib/signal.c                         0x00000000   Number         0  defsig_exit.o ABSOLUTE
    ../clib/signal.c                         0x00000000   Number         0  defsig_other.o ABSOLUTE
    ../clib/signal.c                         0x00000000   Number         0  defsig_segv_inner.o ABSOLUTE
    ../clib/signal.s                         0x00000000   Number         0  defsig.o ABSOLUTE
    ../clib/stdlib.c                         0x00000000   Number         0  exit.o ABSOLUTE
    ../clib/string.c                         0x00000000   Number         0  strcpy.o ABSOLUTE
    ../clib/string.c                         0x00000000   Number         0  strlen.o ABSOLUTE
    ../fplib/fpinit.s                        0x00000000   Number         0  fpinit.o ABSOLUTE
    LibraryFiles\CORE\stm32f4xx_it.c         0x00000000   Number         0  stm32f4xx_it.o ABSOLUTE
    LibraryFiles\CORE\system_stm32f4xx.c     0x00000000   Number         0  system_stm32f4xx.o ABSOLUTE
    LibraryFiles\FreeRTOS_CORE\croutine.c    0x00000000   Number         0  croutine.o ABSOLUTE
    LibraryFiles\FreeRTOS_CORE\event_groups.c 0x00000000   Number         0  event_groups.o ABSOLUTE
    LibraryFiles\FreeRTOS_CORE\list.c        0x00000000   Number         0  list.o ABSOLUTE
    LibraryFiles\FreeRTOS_CORE\queue.c       0x00000000   Number         0  queue.o ABSOLUTE
    LibraryFiles\FreeRTOS_CORE\stream_buffer.c 0x00000000   Number         0  stream_buffer.o ABSOLUTE
    LibraryFiles\FreeRTOS_CORE\tasks.c       0x00000000   Number         0  tasks.o ABSOLUTE
    LibraryFiles\FreeRTOS_CORE\timers.c      0x00000000   Number         0  timers.o ABSOLUTE
    LibraryFiles\FreeRTOS_PORTABLE\heap_4.c  0x00000000   Number         0  heap_4.o ABSOLUTE
    LibraryFiles\FreeRTOS_PORTABLE\port.c    0x00000000   Number         0  port.o ABSOLUTE
    LibraryFiles\Hardware\buz.c              0x00000000   Number         0  buz.o ABSOLUTE
    LibraryFiles\Hardware\led.c              0x00000000   Number         0  led.o ABSOLUTE
    LibraryFiles\Hardware\oled.c             0x00000000   Number         0  oled.o ABSOLUTE
    LibraryFiles\Hardware\show.c             0x00000000   Number         0  show.o ABSOLUTE
    LibraryFiles\STM32F4xx_Driver\src\misc.c 0x00000000   Number         0  misc.o ABSOLUTE
    LibraryFiles\STM32F4xx_Driver\src\stm32f4xx_gpio.c 0x00000000   Number         0  stm32f4xx_gpio.o ABSOLUTE
    LibraryFiles\STM32F4xx_Driver\src\stm32f4xx_i2c.c 0x00000000   Number         0  stm32f4xx_i2c.o ABSOLUTE
    LibraryFiles\STM32F4xx_Driver\src\stm32f4xx_pwr.c 0x00000000   Number         0  stm32f4xx_pwr.o ABSOLUTE
    LibraryFiles\STM32F4xx_Driver\src\stm32f4xx_rcc.c 0x00000000   Number         0  stm32f4xx_rcc.o ABSOLUTE
    LibraryFiles\STM32F4xx_Driver\src\stm32f4xx_syscfg.c 0x00000000   Number         0  stm32f4xx_syscfg.o ABSOLUTE
    LibraryFiles\STM32F4xx_Driver\src\stm32f4xx_tim.c 0x00000000   Number         0  stm32f4xx_tim.o ABSOLUTE
    LibraryFiles\STM32F4xx_Driver\src\stm32f4xx_usart.c 0x00000000   Number         0  stm32f4xx_usart.o ABSOLUTE
    LibraryFiles\SYSTEM\delay\delay.c        0x00000000   Number         0  delay.o ABSOLUTE
    LibraryFiles\SYSTEM\sys\sys.c            0x00000000   Number         0  sys.o ABSOLUTE
    LibraryFiles\SYSTEM\sys\system.c         0x00000000   Number         0  system.o ABSOLUTE
    LibraryFiles\\CORE\\stm32f4xx_it.c       0x00000000   Number         0  stm32f4xx_it.o ABSOLUTE
    LibraryFiles\\CORE\\system_stm32f4xx.c   0x00000000   Number         0  system_stm32f4xx.o ABSOLUTE
    LibraryFiles\\FreeRTOS_CORE\\croutine.c  0x00000000   Number         0  croutine.o ABSOLUTE
    LibraryFiles\\FreeRTOS_CORE\\event_groups.c 0x00000000   Number         0  event_groups.o ABSOLUTE
    LibraryFiles\\FreeRTOS_CORE\\list.c      0x00000000   Number         0  list.o ABSOLUTE
    LibraryFiles\\FreeRTOS_CORE\\queue.c     0x00000000   Number         0  queue.o ABSOLUTE
    LibraryFiles\\FreeRTOS_CORE\\stream_buffer.c 0x00000000   Number         0  stream_buffer.o ABSOLUTE
    LibraryFiles\\FreeRTOS_CORE\\tasks.c     0x00000000   Number         0  tasks.o ABSOLUTE
    LibraryFiles\\FreeRTOS_CORE\\timers.c    0x00000000   Number         0  timers.o ABSOLUTE
    LibraryFiles\\FreeRTOS_PORTABLE\\heap_4.c 0x00000000   Number         0  heap_4.o ABSOLUTE
    LibraryFiles\\FreeRTOS_PORTABLE\\port.c  0x00000000   Number         0  port.o ABSOLUTE
    LibraryFiles\\Hardware\\buz.c            0x00000000   Number         0  buz.o ABSOLUTE
    LibraryFiles\\Hardware\\led.c            0x00000000   Number         0  led.o ABSOLUTE
    LibraryFiles\\Hardware\\oled.c           0x00000000   Number         0  oled.o ABSOLUTE
    LibraryFiles\\Hardware\\show.c           0x00000000   Number         0  show.o ABSOLUTE
    LibraryFiles\\STM32F4xx_Driver\\src\\misc.c 0x00000000   Number         0  misc.o ABSOLUTE
    LibraryFiles\\STM32F4xx_Driver\\src\\stm32f4xx_gpio.c 0x00000000   Number         0  stm32f4xx_gpio.o ABSOLUTE
    LibraryFiles\\STM32F4xx_Driver\\src\\stm32f4xx_i2c.c 0x00000000   Number         0  stm32f4xx_i2c.o ABSOLUTE
    LibraryFiles\\STM32F4xx_Driver\\src\\stm32f4xx_pwr.c 0x00000000   Number         0  stm32f4xx_pwr.o ABSOLUTE
    LibraryFiles\\STM32F4xx_Driver\\src\\stm32f4xx_rcc.c 0x00000000   Number         0  stm32f4xx_rcc.o ABSOLUTE
    LibraryFiles\\STM32F4xx_Driver\\src\\stm32f4xx_syscfg.c 0x00000000   Number         0  stm32f4xx_syscfg.o ABSOLUTE
    LibraryFiles\\STM32F4xx_Driver\\src\\stm32f4xx_tim.c 0x00000000   Number         0  stm32f4xx_tim.o ABSOLUTE
    LibraryFiles\\STM32F4xx_Driver\\src\\stm32f4xx_usart.c 0x00000000   Number         0  stm32f4xx_usart.o ABSOLUTE
    LibraryFiles\\SYSTEM\\delay\\delay.c     0x00000000   Number         0  delay.o ABSOLUTE
    LibraryFiles\\SYSTEM\\sys\\sys.c         0x00000000   Number         0  sys.o ABSOLUTE
    LibraryFiles\\SYSTEM\\sys\\system.c      0x00000000   Number         0  system.o ABSOLUTE
    dc.s                                     0x00000000   Number         0  dc.o ABSOLUTE
    main.c                                   0x00000000   Number         0  main.o ABSOLUTE
    main.c                                   0x00000000   Number         0  main.o ABSOLUTE
    startup_stm32f40_41xxx.s                 0x00000000   Number         0  startup_stm32f40_41xxx.o ABSOLUTE
    RESET                                    0x08000000   Section      392  startup_stm32f40_41xxx.o(RESET)
    !!!main                                  0x08000188   Section        8  __main.o(!!!main)
    !!!scatter                               0x08000190   Section       52  __scatter.o(!!!scatter)
    !!handler_copy                           0x080001c4   Section       26  __scatter_copy.o(!!handler_copy)
    !!handler_zi                             0x080001e0   Section       28  __scatter_zi.o(!!handler_zi)
    .ARM.Collect$$libinit$$00000000          0x080001fc   Section        2  libinit.o(.ARM.Collect$$libinit$$00000000)
    .ARM.Collect$$libinit$$00000001          0x080001fe   Section        4  libinit2.o(.ARM.Collect$$libinit$$00000001)
    .ARM.Collect$$libinit$$00000004          0x08000202   Section        0  libinit2.o(.ARM.Collect$$libinit$$00000004)
    .ARM.Collect$$libinit$$0000000A          0x08000202   Section        0  libinit2.o(.ARM.Collect$$libinit$$0000000A)
    .ARM.Collect$$libinit$$0000000C          0x08000202   Section        0  libinit2.o(.ARM.Collect$$libinit$$0000000C)
    .ARM.Collect$$libinit$$0000000E          0x08000202   Section        0  libinit2.o(.ARM.Collect$$libinit$$0000000E)
    .ARM.Collect$$libinit$$00000011          0x08000202   Section        0  libinit2.o(.ARM.Collect$$libinit$$00000011)
    .ARM.Collect$$libinit$$00000013          0x08000202   Section        0  libinit2.o(.ARM.Collect$$libinit$$00000013)
    .ARM.Collect$$libinit$$00000015          0x08000202   Section        0  libinit2.o(.ARM.Collect$$libinit$$00000015)
    .ARM.Collect$$libinit$$00000017          0x08000202   Section        0  libinit2.o(.ARM.Collect$$libinit$$00000017)
    .ARM.Collect$$libinit$$00000019          0x08000202   Section        0  libinit2.o(.ARM.Collect$$libinit$$00000019)
    .ARM.Collect$$libinit$$0000001B          0x08000202   Section        0  libinit2.o(.ARM.Collect$$libinit$$0000001B)
    .ARM.Collect$$libinit$$0000001D          0x08000202   Section        0  libinit2.o(.ARM.Collect$$libinit$$0000001D)
    .ARM.Collect$$libinit$$0000001F          0x08000202   Section        0  libinit2.o(.ARM.Collect$$libinit$$0000001F)
    .ARM.Collect$$libinit$$00000021          0x08000202   Section        0  libinit2.o(.ARM.Collect$$libinit$$00000021)
    .ARM.Collect$$libinit$$00000023          0x08000202   Section        0  libinit2.o(.ARM.Collect$$libinit$$00000023)
    .ARM.Collect$$libinit$$00000025          0x08000202   Section        0  libinit2.o(.ARM.Collect$$libinit$$00000025)
    .ARM.Collect$$libinit$$0000002C          0x08000202   Section        0  libinit2.o(.ARM.Collect$$libinit$$0000002C)
    .ARM.Collect$$libinit$$0000002E          0x08000202   Section        0  libinit2.o(.ARM.Collect$$libinit$$0000002E)
    .ARM.Collect$$libinit$$00000030          0x08000202   Section        0  libinit2.o(.ARM.Collect$$libinit$$00000030)
    .ARM.Collect$$libinit$$00000032          0x08000202   Section        0  libinit2.o(.ARM.Collect$$libinit$$00000032)
    .ARM.Collect$$libinit$$00000033          0x08000202   Section        2  libinit2.o(.ARM.Collect$$libinit$$00000033)
    .ARM.Collect$$libshutdown$$00000000      0x08000204   Section        2  libshutdown.o(.ARM.Collect$$libshutdown$$00000000)
    .ARM.Collect$$libshutdown$$00000002      0x08000206   Section        0  libshutdown2.o(.ARM.Collect$$libshutdown$$00000002)
    .ARM.Collect$$libshutdown$$00000004      0x08000206   Section        0  libshutdown2.o(.ARM.Collect$$libshutdown$$00000004)
    .ARM.Collect$$libshutdown$$00000007      0x08000206   Section        0  libshutdown2.o(.ARM.Collect$$libshutdown$$00000007)
    .ARM.Collect$$libshutdown$$0000000A      0x08000206   Section        0  libshutdown2.o(.ARM.Collect$$libshutdown$$0000000A)
    .ARM.Collect$$libshutdown$$0000000C      0x08000206   Section        0  libshutdown2.o(.ARM.Collect$$libshutdown$$0000000C)
    .ARM.Collect$$libshutdown$$0000000F      0x08000206   Section        0  libshutdown2.o(.ARM.Collect$$libshutdown$$0000000F)
    .ARM.Collect$$libshutdown$$00000010      0x08000206   Section        2  libshutdown2.o(.ARM.Collect$$libshutdown$$00000010)
    .ARM.Collect$$rtentry$$00000000          0x08000208   Section        0  __rtentry.o(.ARM.Collect$$rtentry$$00000000)
    .ARM.Collect$$rtentry$$00000002          0x08000208   Section        0  __rtentry2.o(.ARM.Collect$$rtentry$$00000002)
    .ARM.Collect$$rtentry$$00000004          0x08000208   Section        6  __rtentry4.o(.ARM.Collect$$rtentry$$00000004)
    .ARM.Collect$$rtentry$$00000009          0x0800020e   Section        0  __rtentry2.o(.ARM.Collect$$rtentry$$00000009)
    .ARM.Collect$$rtentry$$0000000A          0x0800020e   Section        4  __rtentry2.o(.ARM.Collect$$rtentry$$0000000A)
    .ARM.Collect$$rtentry$$0000000C          0x08000212   Section        0  __rtentry2.o(.ARM.Collect$$rtentry$$0000000C)
    .ARM.Collect$$rtentry$$0000000D          0x08000212   Section        8  __rtentry2.o(.ARM.Collect$$rtentry$$0000000D)
    .ARM.Collect$$rtexit$$00000000           0x0800021a   Section        2  rtexit.o(.ARM.Collect$$rtexit$$00000000)
    .ARM.Collect$$rtexit$$00000002           0x0800021c   Section        0  rtexit2.o(.ARM.Collect$$rtexit$$00000002)
    .ARM.Collect$$rtexit$$00000003           0x0800021c   Section        4  rtexit2.o(.ARM.Collect$$rtexit$$00000003)
    .ARM.Collect$$rtexit$$00000004           0x08000220   Section        6  rtexit2.o(.ARM.Collect$$rtexit$$00000004)
    .emb_text                                0x08000228   Section      190  port.o(.emb_text)
    $v0                                      0x08000228   Number         0  port.o(.emb_text)
    .text                                    0x080002e8   Section       64  startup_stm32f40_41xxx.o(.text)
    $v0                                      0x080002e8   Number         0  startup_stm32f40_41xxx.o(.text)
    .text                                    0x08000328   Section      138  rt_memcpy_v6.o(.text)
    .text                                    0x080003b2   Section       16  aeabi_memset.o(.text)
    .text                                    0x080003c2   Section       68  rt_memclr.o(.text)
    .text                                    0x08000406   Section       78  rt_memclr_w.o(.text)
    .text                                    0x08000454   Section        0  heapauxi.o(.text)
    .text                                    0x0800045a   Section      100  rt_memcpy_w.o(.text)
    .text                                    0x080004be   Section       74  sys_stackheap_outer.o(.text)
    .text                                    0x08000508   Section        0  exit.o(.text)
    .text                                    0x0800051c   Section        8  libspace.o(.text)
    .text                                    0x08000524   Section        0  sys_exit.o(.text)
    .text                                    0x08000530   Section        2  use_no_semi.o(.text)
    .text                                    0x08000532   Section        0  indicate_semi.o(.text)
    i.BUZ_Init                               0x08000534   Section        0  buz.o(i.BUZ_Init)
    i.BusFault_Handler                       0x08000574   Section        0  stm32f4xx_it.o(i.BusFault_Handler)
    i.DebugMon_Handler                       0x08000576   Section        0  stm32f4xx_it.o(i.DebugMon_Handler)
    i.GPIO_Init                              0x08000578   Section        0  stm32f4xx_gpio.o(i.GPIO_Init)
    i.GPIO_SetBits                           0x080005f0   Section        0  stm32f4xx_gpio.o(i.GPIO_SetBits)
    i.HardFault_Handler                      0x080005f4   Section        0  stm32f4xx_it.o(i.HardFault_Handler)
    i.LED_Init                               0x080005f8   Section        0  led.o(i.LED_Init)
    i.MemManage_Handler                      0x08000638   Section        0  stm32f4xx_it.o(i.MemManage_Handler)
    i.NMI_Handler                            0x0800063a   Section        0  stm32f4xx_it.o(i.NMI_Handler)
    i.NVIC_PriorityGroupConfig               0x0800063c   Section        0  misc.o(i.NVIC_PriorityGroupConfig)
    i.OLED_Clear                             0x08000650   Section        0  oled.o(i.OLED_Clear)
    i.OLED_Display_On                        0x0800067c   Section        0  oled.o(i.OLED_Display_On)
    i.OLED_DrawPoint                         0x0800069c   Section        0  oled.o(i.OLED_DrawPoint)
    i.OLED_Init                              0x080006d8   Section        0  oled.o(i.OLED_Init)
    i.OLED_Refresh_Gram                      0x08000808   Section        0  oled.o(i.OLED_Refresh_Gram)
    i.OLED_ShowChar                          0x08000850   Section        0  oled.o(i.OLED_ShowChar)
    i.OLED_ShowNumber                        0x080008d4   Section        0  oled.o(i.OLED_ShowNumber)
    i.OLED_ShowString                        0x0800094c   Section        0  oled.o(i.OLED_ShowString)
    i.OLED_WR_Byte                           0x0800098c   Section        0  oled.o(i.OLED_WR_Byte)
    i.PWR_BackupAccessCmd                    0x080009d0   Section        0  stm32f4xx_pwr.o(i.PWR_BackupAccessCmd)
    i.RCC_AHB1PeriphClockCmd                 0x080009dc   Section        0  stm32f4xx_rcc.o(i.RCC_AHB1PeriphClockCmd)
    i.RCC_APB1PeriphClockCmd                 0x080009f4   Section        0  stm32f4xx_rcc.o(i.RCC_APB1PeriphClockCmd)
    i.RCC_LSEConfig                          0x08000a0c   Section        0  stm32f4xx_rcc.o(i.RCC_LSEConfig)
    i.SetSysClock                            0x08000a28   Section        0  system_stm32f4xx.o(i.SetSysClock)
    SetSysClock                              0x08000a29   Thumb Code   162  system_stm32f4xx.o(i.SetSysClock)
    i.SysTick_CLKSourceConfig                0x08000adc   Section        0  misc.o(i.SysTick_CLKSourceConfig)
    i.SysTick_Handler                        0x08000af4   Section        0  delay.o(i.SysTick_Handler)
    i.SystemInit                             0x08000b08   Section        0  system_stm32f4xx.o(i.SystemInit)
    i.UsageFault_Handler                     0x08000b64   Section        0  stm32f4xx_it.o(i.UsageFault_Handler)
    i.buz_task                               0x08000b68   Section        0  buz.o(i.buz_task)
    i.delay_init                             0x08000b88   Section        0  delay.o(i.delay_init)
    i.delay_ms                               0x08000bc0   Section        0  delay.o(i.delay_ms)
    i.delay_us                               0x08000bf8   Section        0  delay.o(i.delay_us)
    i.getSysTickCnt                          0x08000c2c   Section        0  delay.o(i.getSysTickCnt)
    i.led_task                               0x08000c48   Section        0  led.o(i.led_task)
    i.main                                   0x08000c68   Section        0  main.o(i.main)
    i.oled_pow                               0x08000ca0   Section        0  oled.o(i.oled_pow)
    i.oled_show                              0x08000cb0   Section        0  show.o(i.oled_show)
    i.prvAddCurrentTaskToDelayedList         0x08000d38   Section        0  tasks.o(i.prvAddCurrentTaskToDelayedList)
    prvAddCurrentTaskToDelayedList           0x08000d39   Thumb Code   128  tasks.o(i.prvAddCurrentTaskToDelayedList)
    i.prvAddNewTaskToReadyList               0x08000dc0   Section        0  tasks.o(i.prvAddNewTaskToReadyList)
    prvAddNewTaskToReadyList                 0x08000dc1   Thumb Code   224  tasks.o(i.prvAddNewTaskToReadyList)
    i.prvCheckForValidListAndQueue           0x08000eb0   Section        0  timers.o(i.prvCheckForValidListAndQueue)
    prvCheckForValidListAndQueue             0x08000eb1   Thumb Code    62  timers.o(i.prvCheckForValidListAndQueue)
    i.prvCopyDataFromQueue                   0x08000f00   Section        0  queue.o(i.prvCopyDataFromQueue)
    prvCopyDataFromQueue                     0x08000f01   Thumb Code    38  queue.o(i.prvCopyDataFromQueue)
    i.prvCopyDataToQueue                     0x08000f26   Section        0  queue.o(i.prvCopyDataToQueue)
    prvCopyDataToQueue                       0x08000f27   Thumb Code   108  queue.o(i.prvCopyDataToQueue)
    i.prvDeleteTCB                           0x08000f92   Section        0  tasks.o(i.prvDeleteTCB)
    prvDeleteTCB                             0x08000f93   Thumb Code    20  tasks.o(i.prvDeleteTCB)
    i.prvHeapInit                            0x08000fa8   Section        0  heap_4.o(i.prvHeapInit)
    prvHeapInit                              0x08000fa9   Thumb Code    60  heap_4.o(i.prvHeapInit)
    i.prvIdleTask                            0x08000fec   Section        0  tasks.o(i.prvIdleTask)
    prvIdleTask                              0x08000fed   Thumb Code    80  tasks.o(i.prvIdleTask)
    i.prvInitialiseNewTask                   0x08001048   Section        0  tasks.o(i.prvInitialiseNewTask)
    prvInitialiseNewTask                     0x08001049   Thumb Code   132  tasks.o(i.prvInitialiseNewTask)
    i.prvInsertBlockIntoFreeList             0x080010cc   Section        0  heap_4.o(i.prvInsertBlockIntoFreeList)
    prvInsertBlockIntoFreeList               0x080010cd   Thumb Code    72  heap_4.o(i.prvInsertBlockIntoFreeList)
    i.prvInsertTimerInActiveList             0x08001118   Section        0  timers.o(i.prvInsertTimerInActiveList)
    prvInsertTimerInActiveList               0x08001119   Thumb Code    52  timers.o(i.prvInsertTimerInActiveList)
    i.prvIsQueueEmpty                        0x08001150   Section        0  queue.o(i.prvIsQueueEmpty)
    prvIsQueueEmpty                          0x08001151   Thumb Code    26  queue.o(i.prvIsQueueEmpty)
    i.prvNotifyQueueSetContainer             0x0800116a   Section        0  queue.o(i.prvNotifyQueueSetContainer)
    prvNotifyQueueSetContainer               0x0800116b   Thumb Code    78  queue.o(i.prvNotifyQueueSetContainer)
    i.prvProcessExpiredTimer                 0x080011b8   Section        0  timers.o(i.prvProcessExpiredTimer)
    prvProcessExpiredTimer                   0x080011b9   Thumb Code    58  timers.o(i.prvProcessExpiredTimer)
    i.prvProcessReceivedCommands             0x080011f8   Section        0  timers.o(i.prvProcessReceivedCommands)
    prvProcessReceivedCommands               0x080011f9   Thumb Code   222  timers.o(i.prvProcessReceivedCommands)
    i.prvProcessTimerOrBlockTask             0x080012dc   Section        0  timers.o(i.prvProcessTimerOrBlockTask)
    prvProcessTimerOrBlockTask               0x080012dd   Thumb Code    98  timers.o(i.prvProcessTimerOrBlockTask)
    i.prvReloadTimer                         0x08001348   Section        0  timers.o(i.prvReloadTimer)
    prvReloadTimer                           0x08001349   Thumb Code    40  timers.o(i.prvReloadTimer)
    i.prvResetNextTaskUnblockTime            0x08001370   Section        0  tasks.o(i.prvResetNextTaskUnblockTime)
    prvResetNextTaskUnblockTime              0x08001371   Thumb Code    24  tasks.o(i.prvResetNextTaskUnblockTime)
    i.prvSampleTimeNow                       0x0800138c   Section        0  timers.o(i.prvSampleTimeNow)
    prvSampleTimeNow                         0x0800138d   Thumb Code    66  timers.o(i.prvSampleTimeNow)
    i.prvTaskExitError                       0x080013d4   Section        0  port.o(i.prvTaskExitError)
    prvTaskExitError                         0x080013d5   Thumb Code    16  port.o(i.prvTaskExitError)
    i.prvTimerTask                           0x080013e4   Section        0  timers.o(i.prvTimerTask)
    prvTimerTask                             0x080013e5   Thumb Code    34  timers.o(i.prvTimerTask)
    i.prvUnlockQueue                         0x0800140c   Section        0  queue.o(i.prvUnlockQueue)
    prvUnlockQueue                           0x0800140d   Thumb Code   118  queue.o(i.prvUnlockQueue)
    i.pvPortMalloc                           0x08001484   Section        0  heap_4.o(i.pvPortMalloc)
    i.pxPortInitialiseStack                  0x0800151c   Section        0  port.o(i.pxPortInitialiseStack)
    i.show_task                              0x08001548   Section        0  show.o(i.show_task)
    i.start_task                             0x0800155c   Section        0  main.o(i.start_task)
    i.systemInit                             0x080015dc   Section        0  system.o(i.systemInit)
    i.uxListRemove                           0x080015fc   Section        0  list.o(i.uxListRemove)
    i.uxTaskGetNumberOfTasks                 0x08001624   Section        0  tasks.o(i.uxTaskGetNumberOfTasks)
    i.vListInitialise                        0x08001630   Section        0  list.o(i.vListInitialise)
    i.vListInitialiseItem                    0x08001646   Section        0  list.o(i.vListInitialiseItem)
    i.vListInsert                            0x0800164c   Section        0  list.o(i.vListInsert)
    i.vListInsertEnd                         0x0800167c   Section        0  list.o(i.vListInsertEnd)
    i.vPortEnterCritical                     0x08001694   Section        0  port.o(i.vPortEnterCritical)
    i.vPortExitCritical                      0x080016bc   Section        0  port.o(i.vPortExitCritical)
    i.vPortFree                              0x080016d0   Section        0  heap_4.o(i.vPortFree)
    i.vPortSetupTimerInterrupt               0x08001714   Section        0  port.o(i.vPortSetupTimerInterrupt)
    i.vQueueAddToRegistry                    0x08001738   Section        0  queue.o(i.vQueueAddToRegistry)
    i.vQueueWaitForMessageRestricted         0x08001774   Section        0  queue.o(i.vQueueWaitForMessageRestricted)
    i.vTaskDelay                             0x080017b8   Section        0  tasks.o(i.vTaskDelay)
    i.vTaskDelete                            0x080017f0   Section        0  tasks.o(i.vTaskDelete)
    i.vTaskInternalSetTimeOutState           0x08001890   Section        0  tasks.o(i.vTaskInternalSetTimeOutState)
    i.vTaskMissedYield                       0x080018a0   Section        0  tasks.o(i.vTaskMissedYield)
    i.vTaskPlaceOnEventList                  0x080018ac   Section        0  tasks.o(i.vTaskPlaceOnEventList)
    i.vTaskPlaceOnEventListRestricted        0x080018d0   Section        0  tasks.o(i.vTaskPlaceOnEventListRestricted)
    i.vTaskStartScheduler                    0x08001910   Section        0  tasks.o(i.vTaskStartScheduler)
    i.vTaskSuspendAll                        0x08001968   Section        0  tasks.o(i.vTaskSuspendAll)
    i.vTaskSwitchContext                     0x08001978   Section        0  tasks.o(i.vTaskSwitchContext)
    i.xPortStartScheduler                    0x080019c0   Section        0  port.o(i.xPortStartScheduler)
    i.xPortSysTickHandler                    0x08001a5c   Section        0  port.o(i.xPortSysTickHandler)
    i.xQueueGenericCreate                    0x08001a88   Section        0  queue.o(i.xQueueGenericCreate)
    i.xQueueGenericReset                     0x08001adc   Section        0  queue.o(i.xQueueGenericReset)
    i.xQueueReceive                          0x08001b70   Section        0  queue.o(i.xQueueReceive)
    i.xTaskCheckForTimeOut                   0x08001c64   Section        0  tasks.o(i.xTaskCheckForTimeOut)
    i.xTaskCreate                            0x08001cbc   Section        0  tasks.o(i.xTaskCreate)
    i.xTaskDelayUntil                        0x08001d18   Section        0  tasks.o(i.xTaskDelayUntil)
    i.xTaskGetSchedulerState                 0x08001d70   Section        0  tasks.o(i.xTaskGetSchedulerState)
    i.xTaskGetTickCount                      0x08001d8c   Section        0  tasks.o(i.xTaskGetTickCount)
    i.xTaskIncrementTick                     0x08001d98   Section        0  tasks.o(i.xTaskIncrementTick)
    i.xTaskPriorityDisinherit                0x08001eac   Section        0  tasks.o(i.xTaskPriorityDisinherit)
    i.xTaskRemoveFromEventList               0x08001f3c   Section        0  tasks.o(i.xTaskRemoveFromEventList)
    i.xTaskResumeAll                         0x08002008   Section        0  tasks.o(i.xTaskResumeAll)
    i.xTimerCreateTimerTask                  0x08002120   Section        0  timers.o(i.xTimerCreateTimerTask)
    x$fpl$fpinit                             0x0800215c   Section       10  fpinit.o(x$fpl$fpinit)
    $v0                                      0x0800215c   Number         0  fpinit.o(x$fpl$fpinit)
    .constdata                               0x08002166   Section     2660  oled.o(.constdata)
    .data                                    0x20000000   Section        4  main.o(.data)
    .data                                    0x20000004   Section       20  system_stm32f4xx.o(.data)
    .data                                    0x20000018   Section        8  delay.o(.data)
    fac_us                                   0x20000018   Data           1  delay.o(.data)
    fac_ms                                   0x2000001a   Data           2  delay.o(.data)
    sysTickCnt                               0x2000001c   Data           4  delay.o(.data)
    .data                                    0x20000020   Section        4  led.o(.data)
    .data                                    0x20000024   Section        4  buz.o(.data)
    .data                                    0x20000028   Section       64  tasks.o(.data)
    uxDeletedTasksWaitingCleanUp             0x2000002c   Data           4  tasks.o(.data)
    uxCurrentNumberOfTasks                   0x20000030   Data           4  tasks.o(.data)
    xTickCount                               0x20000034   Data           4  tasks.o(.data)
    uxTopReadyPriority                       0x20000038   Data           4  tasks.o(.data)
    xSchedulerRunning                        0x2000003c   Data           4  tasks.o(.data)
    xPendedTicks                             0x20000040   Data           4  tasks.o(.data)
    xYieldPending                            0x20000044   Data           4  tasks.o(.data)
    xNumOfOverflows                          0x20000048   Data           4  tasks.o(.data)
    uxTaskNumber                             0x2000004c   Data           4  tasks.o(.data)
    xNextTaskUnblockTime                     0x20000050   Data           4  tasks.o(.data)
    xIdleTaskHandle                          0x20000054   Data           4  tasks.o(.data)
    uxSchedulerSuspended                     0x2000005c   Data           4  tasks.o(.data)
    pxDelayedTaskList                        0x20000060   Data           4  tasks.o(.data)
    pxOverflowDelayedTaskList                0x20000064   Data           4  tasks.o(.data)
    .data                                    0x20000068   Section       20  timers.o(.data)
    xTimerQueue                              0x20000068   Data           4  timers.o(.data)
    xTimerTaskHandle                         0x2000006c   Data           4  timers.o(.data)
    xLastTime                                0x20000070   Data           4  timers.o(.data)
    pxCurrentTimerList                       0x20000074   Data           4  timers.o(.data)
    pxOverflowTimerList                      0x20000078   Data           4  timers.o(.data)
    .data                                    0x2000007c   Section       28  heap_4.o(.data)
    pxEnd                                    0x2000007c   Data           4  heap_4.o(.data)
    xFreeBytesRemaining                      0x20000080   Data           4  heap_4.o(.data)
    xMinimumEverFreeBytesRemaining           0x20000084   Data           4  heap_4.o(.data)
    xNumberOfSuccessfulAllocations           0x20000088   Data           4  heap_4.o(.data)
    xNumberOfSuccessfulFrees                 0x2000008c   Data           4  heap_4.o(.data)
    xStart                                   0x20000090   Data           8  heap_4.o(.data)
    .data                                    0x20000098   Section       12  port.o(.data)
    ucMaxSysCallPriority                     0x20000098   Data           1  port.o(.data)
    uxCriticalNesting                        0x2000009c   Data           4  port.o(.data)
    ulMaxPRIGROUPValue                       0x200000a0   Data           4  port.o(.data)
    .bss                                     0x200000a4   Section     1024  oled.o(.bss)
    .bss                                     0x200004a4   Section       64  queue.o(.bss)
    .bss                                     0x200004e4   Section      740  tasks.o(.bss)
    pxReadyTasksLists                        0x200004e4   Data         640  tasks.o(.bss)
    xDelayedTaskList1                        0x20000764   Data          20  tasks.o(.bss)
    xDelayedTaskList2                        0x20000778   Data          20  tasks.o(.bss)
    xPendingReadyList                        0x2000078c   Data          20  tasks.o(.bss)
    xTasksWaitingTermination                 0x200007a0   Data          20  tasks.o(.bss)
    xSuspendedTaskList                       0x200007b4   Data          20  tasks.o(.bss)
    .bss                                     0x200007c8   Section       40  timers.o(.bss)
    xActiveTimerList1                        0x200007c8   Data          20  timers.o(.bss)
    xActiveTimerList2                        0x200007dc   Data          20  timers.o(.bss)
    .bss                                     0x200007f0   Section    20480  heap_4.o(.bss)
    ucHeap                                   0x200007f0   Data       20480  heap_4.o(.bss)
    .bss                                     0x200057f0   Section       96  libspace.o(.bss)
    HEAP                                     0x20005850   Section      512  startup_stm32f40_41xxx.o(HEAP)
    Heap_Mem                                 0x20005850   Data         512  startup_stm32f40_41xxx.o(HEAP)
    STACK                                    0x20005a50   Section     1024  startup_stm32f40_41xxx.o(STACK)
    Stack_Mem                                0x20005a50   Data        1024  startup_stm32f40_41xxx.o(STACK)
    __initial_sp                             0x20005e50   Data           0  startup_stm32f40_41xxx.o(STACK)

    Global Symbols

    Symbol Name                              Value     Ov Type        Size  Object(Section)

    BuildAttributes$$THM_ISAv4$E$P$D$K$B$S$7EM$VFPi3$EXTD16$VFPS$VFMA$PE$A:L22UL41UL21$X:L11$S22US41US21$IEEE1$IW$USESV6$~STKCKD$USESV7$~SHL$OSPACE$ROPI$EBA8$UX$STANDARDLIB$REQ8$PRES8$EABIv2 0x00000000   Number         0  anon$$obj.o ABSOLUTE
    __ARM_use_no_argv                        0x00000000   Number         0  main.o ABSOLUTE
    __ARM_exceptions_init                     - Undefined Weak Reference
    __alloca_initialize                       - Undefined Weak Reference
    __arm_preinit_                            - Undefined Weak Reference
    __cpp_initialize__aeabi_                  - Undefined Weak Reference
    __cxa_finalize                            - Undefined Weak Reference
    __rt_locale                               - Undefined Weak Reference
    __sigvec_lookup                           - Undefined Weak Reference
    _atexit_init                              - Undefined Weak Reference
    _call_atexit_fns                          - Undefined Weak Reference
    _clock_init                               - Undefined Weak Reference
    _fp_trap_init                             - Undefined Weak Reference
    _fp_trap_shutdown                         - Undefined Weak Reference
    _get_lc_collate                           - Undefined Weak Reference
    _get_lc_ctype                             - Undefined Weak Reference
    _get_lc_monetary                          - Undefined Weak Reference
    _get_lc_numeric                           - Undefined Weak Reference
    _get_lc_time                              - Undefined Weak Reference
    _getenv_init                              - Undefined Weak Reference
    _handle_redirection                       - Undefined Weak Reference
    _init_alloc                               - Undefined Weak Reference
    _init_user_alloc                          - Undefined Weak Reference
    _initio                                   - Undefined Weak Reference
    _printf_mbtowc                            - Undefined Weak Reference
    _printf_post_padding                      - Undefined Weak Reference
    _printf_pre_padding                       - Undefined Weak Reference
    _printf_truncate_signed                   - Undefined Weak Reference
    _printf_truncate_unsigned                 - Undefined Weak Reference
    _rand_init                                - Undefined Weak Reference
    _signal_finish                            - Undefined Weak Reference
    _signal_init                              - Undefined Weak Reference
    _terminate_alloc                          - Undefined Weak Reference
    _terminate_user_alloc                     - Undefined Weak Reference
    _terminateio                              - Undefined Weak Reference
    __Vectors_Size                           0x00000188   Number         0  startup_stm32f40_41xxx.o ABSOLUTE
    __Vectors                                0x08000000   Data           4  startup_stm32f40_41xxx.o(RESET)
    __Vectors_End                            0x08000188   Data           0  startup_stm32f40_41xxx.o(RESET)
    __main                                   0x08000189   Thumb Code     8  __main.o(!!!main)
    __scatterload                            0x08000191   Thumb Code     0  __scatter.o(!!!scatter)
    __scatterload_rt2                        0x08000191   Thumb Code    44  __scatter.o(!!!scatter)
    __scatterload_rt2_thumb_only             0x08000191   Thumb Code     0  __scatter.o(!!!scatter)
    __scatterload_null                       0x0800019f   Thumb Code     0  __scatter.o(!!!scatter)
    __scatterload_copy                       0x080001c5   Thumb Code    26  __scatter_copy.o(!!handler_copy)
    __scatterload_zeroinit                   0x080001e1   Thumb Code    28  __scatter_zi.o(!!handler_zi)
    __rt_lib_init                            0x080001fd   Thumb Code     0  libinit.o(.ARM.Collect$$libinit$$00000000)
    __rt_lib_init_fp_1                       0x080001ff   Thumb Code     0  libinit2.o(.ARM.Collect$$libinit$$00000001)
    __rt_lib_init_alloca_1                   0x08000203   Thumb Code     0  libinit2.o(.ARM.Collect$$libinit$$0000002E)
    __rt_lib_init_argv_1                     0x08000203   Thumb Code     0  libinit2.o(.ARM.Collect$$libinit$$0000002C)
    __rt_lib_init_atexit_1                   0x08000203   Thumb Code     0  libinit2.o(.ARM.Collect$$libinit$$0000001B)
    __rt_lib_init_clock_1                    0x08000203   Thumb Code     0  libinit2.o(.ARM.Collect$$libinit$$00000021)
    __rt_lib_init_cpp_1                      0x08000203   Thumb Code     0  libinit2.o(.ARM.Collect$$libinit$$00000032)
    __rt_lib_init_exceptions_1               0x08000203   Thumb Code     0  libinit2.o(.ARM.Collect$$libinit$$00000030)
    __rt_lib_init_fp_trap_1                  0x08000203   Thumb Code     0  libinit2.o(.ARM.Collect$$libinit$$0000001F)
    __rt_lib_init_getenv_1                   0x08000203   Thumb Code     0  libinit2.o(.ARM.Collect$$libinit$$00000023)
    __rt_lib_init_heap_1                     0x08000203   Thumb Code     0  libinit2.o(.ARM.Collect$$libinit$$0000000A)
    __rt_lib_init_lc_collate_1               0x08000203   Thumb Code     0  libinit2.o(.ARM.Collect$$libinit$$00000011)
    __rt_lib_init_lc_ctype_1                 0x08000203   Thumb Code     0  libinit2.o(.ARM.Collect$$libinit$$00000013)
    __rt_lib_init_lc_monetary_1              0x08000203   Thumb Code     0  libinit2.o(.ARM.Collect$$libinit$$00000015)
    __rt_lib_init_lc_numeric_1               0x08000203   Thumb Code     0  libinit2.o(.ARM.Collect$$libinit$$00000017)
    __rt_lib_init_lc_time_1                  0x08000203   Thumb Code     0  libinit2.o(.ARM.Collect$$libinit$$00000019)
    __rt_lib_init_preinit_1                  0x08000203   Thumb Code     0  libinit2.o(.ARM.Collect$$libinit$$00000004)
    __rt_lib_init_rand_1                     0x08000203   Thumb Code     0  libinit2.o(.ARM.Collect$$libinit$$0000000E)
    __rt_lib_init_return                     0x08000203   Thumb Code     0  libinit2.o(.ARM.Collect$$libinit$$00000033)
    __rt_lib_init_signal_1                   0x08000203   Thumb Code     0  libinit2.o(.ARM.Collect$$libinit$$0000001D)
    __rt_lib_init_stdio_1                    0x08000203   Thumb Code     0  libinit2.o(.ARM.Collect$$libinit$$00000025)
    __rt_lib_init_user_alloc_1               0x08000203   Thumb Code     0  libinit2.o(.ARM.Collect$$libinit$$0000000C)
    __rt_lib_shutdown                        0x08000205   Thumb Code     0  libshutdown.o(.ARM.Collect$$libshutdown$$00000000)
    __rt_lib_shutdown_cpp_1                  0x08000207   Thumb Code     0  libshutdown2.o(.ARM.Collect$$libshutdown$$00000002)
    __rt_lib_shutdown_fp_trap_1              0x08000207   Thumb Code     0  libshutdown2.o(.ARM.Collect$$libshutdown$$00000007)
    __rt_lib_shutdown_heap_1                 0x08000207   Thumb Code     0  libshutdown2.o(.ARM.Collect$$libshutdown$$0000000F)
    __rt_lib_shutdown_return                 0x08000207   Thumb Code     0  libshutdown2.o(.ARM.Collect$$libshutdown$$00000010)
    __rt_lib_shutdown_signal_1               0x08000207   Thumb Code     0  libshutdown2.o(.ARM.Collect$$libshutdown$$0000000A)
    __rt_lib_shutdown_stdio_1                0x08000207   Thumb Code     0  libshutdown2.o(.ARM.Collect$$libshutdown$$00000004)
    __rt_lib_shutdown_user_alloc_1           0x08000207   Thumb Code     0  libshutdown2.o(.ARM.Collect$$libshutdown$$0000000C)
    __rt_entry                               0x08000209   Thumb Code     0  __rtentry.o(.ARM.Collect$$rtentry$$00000000)
    __rt_entry_presh_1                       0x08000209   Thumb Code     0  __rtentry2.o(.ARM.Collect$$rtentry$$00000002)
    __rt_entry_sh                            0x08000209   Thumb Code     0  __rtentry4.o(.ARM.Collect$$rtentry$$00000004)
    __rt_entry_li                            0x0800020f   Thumb Code     0  __rtentry2.o(.ARM.Collect$$rtentry$$0000000A)
    __rt_entry_postsh_1                      0x0800020f   Thumb Code     0  __rtentry2.o(.ARM.Collect$$rtentry$$00000009)
    __rt_entry_main                          0x08000213   Thumb Code     0  __rtentry2.o(.ARM.Collect$$rtentry$$0000000D)
    __rt_entry_postli_1                      0x08000213   Thumb Code     0  __rtentry2.o(.ARM.Collect$$rtentry$$0000000C)
    __rt_exit                                0x0800021b   Thumb Code     0  rtexit.o(.ARM.Collect$$rtexit$$00000000)
    __rt_exit_ls                             0x0800021d   Thumb Code     0  rtexit2.o(.ARM.Collect$$rtexit$$00000003)
    __rt_exit_prels_1                        0x0800021d   Thumb Code     0  rtexit2.o(.ARM.Collect$$rtexit$$00000002)
    __rt_exit_exit                           0x08000221   Thumb Code     0  rtexit2.o(.ARM.Collect$$rtexit$$00000004)
    SVC_Handler                              0x08000229   Thumb Code    28  port.o(.emb_text)
    __asm___6_port_c_39a90d8d__prvStartFirstTask 0x08000249   Thumb Code    36  port.o(.emb_text)
    __asm___6_port_c_39a90d8d__prvEnableVFP  0x08000271   Thumb Code    16  port.o(.emb_text)
    PendSV_Handler                           0x08000285   Thumb Code    88  port.o(.emb_text)
    vPortGetIPSR                             0x080002e1   Thumb Code     6  port.o(.emb_text)
    Reset_Handler                            0x080002e9   Thumb Code     8  startup_stm32f40_41xxx.o(.text)
    ADC_IRQHandler                           0x08000303   Thumb Code     0  startup_stm32f40_41xxx.o(.text)
    CAN1_RX0_IRQHandler                      0x08000303   Thumb Code     0  startup_stm32f40_41xxx.o(.text)
    CAN1_RX1_IRQHandler                      0x08000303   Thumb Code     0  startup_stm32f40_41xxx.o(.text)
    CAN1_SCE_IRQHandler                      0x08000303   Thumb Code     0  startup_stm32f40_41xxx.o(.text)
    CAN1_TX_IRQHandler                       0x08000303   Thumb Code     0  startup_stm32f40_41xxx.o(.text)
    CAN2_RX0_IRQHandler                      0x08000303   Thumb Code     0  startup_stm32f40_41xxx.o(.text)
    CAN2_RX1_IRQHandler                      0x08000303   Thumb Code     0  startup_stm32f40_41xxx.o(.text)
    CAN2_SCE_IRQHandler                      0x08000303   Thumb Code     0  startup_stm32f40_41xxx.o(.text)
    CAN2_TX_IRQHandler                       0x08000303   Thumb Code     0  startup_stm32f40_41xxx.o(.text)
    CRYP_IRQHandler                          0x08000303   Thumb Code     0  startup_stm32f40_41xxx.o(.text)
    DCMI_IRQHandler                          0x08000303   Thumb Code     0  startup_stm32f40_41xxx.o(.text)
    DMA1_Stream0_IRQHandler                  0x08000303   Thumb Code     0  startup_stm32f40_41xxx.o(.text)
    DMA1_Stream1_IRQHandler                  0x08000303   Thumb Code     0  startup_stm32f40_41xxx.o(.text)
    DMA1_Stream2_IRQHandler                  0x08000303   Thumb Code     0  startup_stm32f40_41xxx.o(.text)
    DMA1_Stream3_IRQHandler                  0x08000303   Thumb Code     0  startup_stm32f40_41xxx.o(.text)
    DMA1_Stream4_IRQHandler                  0x08000303   Thumb Code     0  startup_stm32f40_41xxx.o(.text)
    DMA1_Stream5_IRQHandler                  0x08000303   Thumb Code     0  startup_stm32f40_41xxx.o(.text)
    DMA1_Stream6_IRQHandler                  0x08000303   Thumb Code     0  startup_stm32f40_41xxx.o(.text)
    DMA1_Stream7_IRQHandler                  0x08000303   Thumb Code     0  startup_stm32f40_41xxx.o(.text)
    DMA2_Stream0_IRQHandler                  0x08000303   Thumb Code     0  startup_stm32f40_41xxx.o(.text)
    DMA2_Stream1_IRQHandler                  0x08000303   Thumb Code     0  startup_stm32f40_41xxx.o(.text)
    DMA2_Stream2_IRQHandler                  0x08000303   Thumb Code     0  startup_stm32f40_41xxx.o(.text)
    DMA2_Stream3_IRQHandler                  0x08000303   Thumb Code     0  startup_stm32f40_41xxx.o(.text)
    DMA2_Stream4_IRQHandler                  0x08000303   Thumb Code     0  startup_stm32f40_41xxx.o(.text)
    DMA2_Stream5_IRQHandler                  0x08000303   Thumb Code     0  startup_stm32f40_41xxx.o(.text)
    DMA2_Stream6_IRQHandler                  0x08000303   Thumb Code     0  startup_stm32f40_41xxx.o(.text)
    DMA2_Stream7_IRQHandler                  0x08000303   Thumb Code     0  startup_stm32f40_41xxx.o(.text)
    ETH_IRQHandler                           0x08000303   Thumb Code     0  startup_stm32f40_41xxx.o(.text)
    ETH_WKUP_IRQHandler                      0x08000303   Thumb Code     0  startup_stm32f40_41xxx.o(.text)
    EXTI0_IRQHandler                         0x08000303   Thumb Code     0  startup_stm32f40_41xxx.o(.text)
    EXTI15_10_IRQHandler                     0x08000303   Thumb Code     0  startup_stm32f40_41xxx.o(.text)
    EXTI1_IRQHandler                         0x08000303   Thumb Code     0  startup_stm32f40_41xxx.o(.text)
    EXTI2_IRQHandler                         0x08000303   Thumb Code     0  startup_stm32f40_41xxx.o(.text)
    EXTI3_IRQHandler                         0x08000303   Thumb Code     0  startup_stm32f40_41xxx.o(.text)
    EXTI4_IRQHandler                         0x08000303   Thumb Code     0  startup_stm32f40_41xxx.o(.text)
    EXTI9_5_IRQHandler                       0x08000303   Thumb Code     0  startup_stm32f40_41xxx.o(.text)
    FLASH_IRQHandler                         0x08000303   Thumb Code     0  startup_stm32f40_41xxx.o(.text)
    FPU_IRQHandler                           0x08000303   Thumb Code     0  startup_stm32f40_41xxx.o(.text)
    FSMC_IRQHandler                          0x08000303   Thumb Code     0  startup_stm32f40_41xxx.o(.text)
    HASH_RNG_IRQHandler                      0x08000303   Thumb Code     0  startup_stm32f40_41xxx.o(.text)
    I2C1_ER_IRQHandler                       0x08000303   Thumb Code     0  startup_stm32f40_41xxx.o(.text)
    I2C1_EV_IRQHandler                       0x08000303   Thumb Code     0  startup_stm32f40_41xxx.o(.text)
    I2C2_ER_IRQHandler                       0x08000303   Thumb Code     0  startup_stm32f40_41xxx.o(.text)
    I2C2_EV_IRQHandler                       0x08000303   Thumb Code     0  startup_stm32f40_41xxx.o(.text)
    I2C3_ER_IRQHandler                       0x08000303   Thumb Code     0  startup_stm32f40_41xxx.o(.text)
    I2C3_EV_IRQHandler                       0x08000303   Thumb Code     0  startup_stm32f40_41xxx.o(.text)
    OTG_FS_IRQHandler                        0x08000303   Thumb Code     0  startup_stm32f40_41xxx.o(.text)
    OTG_FS_WKUP_IRQHandler                   0x08000303   Thumb Code     0  startup_stm32f40_41xxx.o(.text)
    OTG_HS_EP1_IN_IRQHandler                 0x08000303   Thumb Code     0  startup_stm32f40_41xxx.o(.text)
    OTG_HS_EP1_OUT_IRQHandler                0x08000303   Thumb Code     0  startup_stm32f40_41xxx.o(.text)
    OTG_HS_IRQHandler                        0x08000303   Thumb Code     0  startup_stm32f40_41xxx.o(.text)
    OTG_HS_WKUP_IRQHandler                   0x08000303   Thumb Code     0  startup_stm32f40_41xxx.o(.text)
    PVD_IRQHandler                           0x08000303   Thumb Code     0  startup_stm32f40_41xxx.o(.text)
    RCC_IRQHandler                           0x08000303   Thumb Code     0  startup_stm32f40_41xxx.o(.text)
    RTC_Alarm_IRQHandler                     0x08000303   Thumb Code     0  startup_stm32f40_41xxx.o(.text)
    RTC_WKUP_IRQHandler                      0x08000303   Thumb Code     0  startup_stm32f40_41xxx.o(.text)
    SDIO_IRQHandler                          0x08000303   Thumb Code     0  startup_stm32f40_41xxx.o(.text)
    SPI1_IRQHandler                          0x08000303   Thumb Code     0  startup_stm32f40_41xxx.o(.text)
    SPI2_IRQHandler                          0x08000303   Thumb Code     0  startup_stm32f40_41xxx.o(.text)
    SPI3_IRQHandler                          0x08000303   Thumb Code     0  startup_stm32f40_41xxx.o(.text)
    TAMP_STAMP_IRQHandler                    0x08000303   Thumb Code     0  startup_stm32f40_41xxx.o(.text)
    TIM1_BRK_TIM9_IRQHandler                 0x08000303   Thumb Code     0  startup_stm32f40_41xxx.o(.text)
    TIM1_CC_IRQHandler                       0x08000303   Thumb Code     0  startup_stm32f40_41xxx.o(.text)
    TIM1_TRG_COM_TIM11_IRQHandler            0x08000303   Thumb Code     0  startup_stm32f40_41xxx.o(.text)
    TIM1_UP_TIM10_IRQHandler                 0x08000303   Thumb Code     0  startup_stm32f40_41xxx.o(.text)
    TIM2_IRQHandler                          0x08000303   Thumb Code     0  startup_stm32f40_41xxx.o(.text)
    TIM3_IRQHandler                          0x08000303   Thumb Code     0  startup_stm32f40_41xxx.o(.text)
    TIM4_IRQHandler                          0x08000303   Thumb Code     0  startup_stm32f40_41xxx.o(.text)
    TIM5_IRQHandler                          0x08000303   Thumb Code     0  startup_stm32f40_41xxx.o(.text)
    TIM6_DAC_IRQHandler                      0x08000303   Thumb Code     0  startup_stm32f40_41xxx.o(.text)
    TIM7_IRQHandler                          0x08000303   Thumb Code     0  startup_stm32f40_41xxx.o(.text)
    TIM8_BRK_TIM12_IRQHandler                0x08000303   Thumb Code     0  startup_stm32f40_41xxx.o(.text)
    TIM8_CC_IRQHandler                       0x08000303   Thumb Code     0  startup_stm32f40_41xxx.o(.text)
    TIM8_TRG_COM_TIM14_IRQHandler            0x08000303   Thumb Code     0  startup_stm32f40_41xxx.o(.text)
    TIM8_UP_TIM13_IRQHandler                 0x08000303   Thumb Code     0  startup_stm32f40_41xxx.o(.text)
    UART4_IRQHandler                         0x08000303   Thumb Code     0  startup_stm32f40_41xxx.o(.text)
    UART5_IRQHandler                         0x08000303   Thumb Code     0  startup_stm32f40_41xxx.o(.text)
    USART1_IRQHandler                        0x08000303   Thumb Code     0  startup_stm32f40_41xxx.o(.text)
    USART2_IRQHandler                        0x08000303   Thumb Code     0  startup_stm32f40_41xxx.o(.text)
    USART3_IRQHandler                        0x08000303   Thumb Code     0  startup_stm32f40_41xxx.o(.text)
    USART6_IRQHandler                        0x08000303   Thumb Code     0  startup_stm32f40_41xxx.o(.text)
    WWDG_IRQHandler                          0x08000303   Thumb Code     0  startup_stm32f40_41xxx.o(.text)
    __user_initial_stackheap                 0x08000305   Thumb Code     0  startup_stm32f40_41xxx.o(.text)
    __aeabi_memcpy                           0x08000329   Thumb Code     0  rt_memcpy_v6.o(.text)
    __rt_memcpy                              0x08000329   Thumb Code   138  rt_memcpy_v6.o(.text)
    _memcpy_lastbytes                        0x0800038f   Thumb Code     0  rt_memcpy_v6.o(.text)
    __aeabi_memset                           0x080003b3   Thumb Code    16  aeabi_memset.o(.text)
    __aeabi_memclr                           0x080003c3   Thumb Code     0  rt_memclr.o(.text)
    __rt_memclr                              0x080003c3   Thumb Code    68  rt_memclr.o(.text)
    _memset                                  0x080003c7   Thumb Code     0  rt_memclr.o(.text)
    __aeabi_memclr4                          0x08000407   Thumb Code     0  rt_memclr_w.o(.text)
    __aeabi_memclr8                          0x08000407   Thumb Code     0  rt_memclr_w.o(.text)
    __rt_memclr_w                            0x08000407   Thumb Code    78  rt_memclr_w.o(.text)
    _memset_w                                0x0800040b   Thumb Code     0  rt_memclr_w.o(.text)
    __use_two_region_memory                  0x08000455   Thumb Code     2  heapauxi.o(.text)
    __rt_heap_escrow$2region                 0x08000457   Thumb Code     2  heapauxi.o(.text)
    __rt_heap_expand$2region                 0x08000459   Thumb Code     2  heapauxi.o(.text)
    __aeabi_memcpy4                          0x0800045b   Thumb Code     0  rt_memcpy_w.o(.text)
    __aeabi_memcpy8                          0x0800045b   Thumb Code     0  rt_memcpy_w.o(.text)
    __rt_memcpy_w                            0x0800045b   Thumb Code   100  rt_memcpy_w.o(.text)
    _memcpy_lastbytes_aligned                0x080004a3   Thumb Code     0  rt_memcpy_w.o(.text)
    __user_setup_stackheap                   0x080004bf   Thumb Code    74  sys_stackheap_outer.o(.text)
    exit                                     0x08000509   Thumb Code    18  exit.o(.text)
    __user_libspace                          0x0800051d   Thumb Code     8  libspace.o(.text)
    __user_perproc_libspace                  0x0800051d   Thumb Code     0  libspace.o(.text)
    __user_perthread_libspace                0x0800051d   Thumb Code     0  libspace.o(.text)
    _sys_exit                                0x08000525   Thumb Code     8  sys_exit.o(.text)
    __I$use$semihosting                      0x08000531   Thumb Code     0  use_no_semi.o(.text)
    __use_no_semihosting_swi                 0x08000531   Thumb Code     2  use_no_semi.o(.text)
    __semihosting_library_function           0x08000533   Thumb Code     0  indicate_semi.o(.text)
    BUZ_Init                                 0x08000535   Thumb Code    58  buz.o(i.BUZ_Init)
    BusFault_Handler                         0x08000575   Thumb Code     2  stm32f4xx_it.o(i.BusFault_Handler)
    DebugMon_Handler                         0x08000577   Thumb Code     2  stm32f4xx_it.o(i.DebugMon_Handler)
    GPIO_Init                                0x08000579   Thumb Code   120  stm32f4xx_gpio.o(i.GPIO_Init)
    GPIO_SetBits                             0x080005f1   Thumb Code     4  stm32f4xx_gpio.o(i.GPIO_SetBits)
    HardFault_Handler                        0x080005f5   Thumb Code     2  stm32f4xx_it.o(i.HardFault_Handler)
    LED_Init                                 0x080005f9   Thumb Code    58  led.o(i.LED_Init)
    MemManage_Handler                        0x08000639   Thumb Code     2  stm32f4xx_it.o(i.MemManage_Handler)
    NMI_Handler                              0x0800063b   Thumb Code     2  stm32f4xx_it.o(i.NMI_Handler)
    NVIC_PriorityGroupConfig                 0x0800063d   Thumb Code    10  misc.o(i.NVIC_PriorityGroupConfig)
    OLED_Clear                               0x08000651   Thumb Code    38  oled.o(i.OLED_Clear)
    OLED_Display_On                          0x0800067d   Thumb Code    30  oled.o(i.OLED_Display_On)
    OLED_DrawPoint                           0x0800069d   Thumb Code    54  oled.o(i.OLED_DrawPoint)
    OLED_Init                                0x080006d9   Thumb Code   294  oled.o(i.OLED_Init)
    OLED_Refresh_Gram                        0x08000809   Thumb Code    66  oled.o(i.OLED_Refresh_Gram)
    OLED_ShowChar                            0x08000851   Thumb Code   124  oled.o(i.OLED_ShowChar)
    OLED_ShowNumber                          0x080008d5   Thumb Code   120  oled.o(i.OLED_ShowNumber)
    OLED_ShowString                          0x0800094d   Thumb Code    62  oled.o(i.OLED_ShowString)
    OLED_WR_Byte                             0x0800098d   Thumb Code    62  oled.o(i.OLED_WR_Byte)
    PWR_BackupAccessCmd                      0x080009d1   Thumb Code     6  stm32f4xx_pwr.o(i.PWR_BackupAccessCmd)
    RCC_AHB1PeriphClockCmd                   0x080009dd   Thumb Code    18  stm32f4xx_rcc.o(i.RCC_AHB1PeriphClockCmd)
    RCC_APB1PeriphClockCmd                   0x080009f5   Thumb Code    18  stm32f4xx_rcc.o(i.RCC_APB1PeriphClockCmd)
    RCC_LSEConfig                            0x08000a0d   Thumb Code    22  stm32f4xx_rcc.o(i.RCC_LSEConfig)
    SysTick_CLKSourceConfig                  0x08000add   Thumb Code    24  misc.o(i.SysTick_CLKSourceConfig)
    SysTick_Handler                          0x08000af5   Thumb Code    20  delay.o(i.SysTick_Handler)
    SystemInit                               0x08000b09   Thumb Code    74  system_stm32f4xx.o(i.SystemInit)
    UsageFault_Handler                       0x08000b65   Thumb Code     2  stm32f4xx_it.o(i.UsageFault_Handler)
    buz_task                                 0x08000b69   Thumb Code    22  buz.o(i.buz_task)
    delay_init                               0x08000b89   Thumb Code    50  delay.o(i.delay_init)
    delay_ms                                 0x08000bc1   Thumb Code    50  delay.o(i.delay_ms)
    delay_us                                 0x08000bf9   Thumb Code    48  delay.o(i.delay_us)
    getSysTickCnt                            0x08000c2d   Thumb Code    24  delay.o(i.getSysTickCnt)
    led_task                                 0x08000c49   Thumb Code    22  led.o(i.led_task)
    main                                     0x08000c69   Thumb Code    34  main.o(i.main)
    oled_pow                                 0x08000ca1   Thumb Code    16  oled.o(i.oled_pow)
    oled_show                                0x08000cb1   Thumb Code   120  show.o(i.oled_show)
    pvPortMalloc                             0x08001485   Thumb Code   146  heap_4.o(i.pvPortMalloc)
    pxPortInitialiseStack                    0x0800151d   Thumb Code    40  port.o(i.pxPortInitialiseStack)
    show_task                                0x08001549   Thumb Code    20  show.o(i.show_task)
    start_task                               0x0800155d   Thumb Code    76  main.o(i.start_task)
    systemInit                               0x080015dd   Thumb Code    32  system.o(i.systemInit)
    uxListRemove                             0x080015fd   Thumb Code    38  list.o(i.uxListRemove)
    uxTaskGetNumberOfTasks                   0x08001625   Thumb Code     6  tasks.o(i.uxTaskGetNumberOfTasks)
    vListInitialise                          0x08001631   Thumb Code    22  list.o(i.vListInitialise)
    vListInitialiseItem                      0x08001647   Thumb Code     6  list.o(i.vListInitialiseItem)
    vListInsert                              0x0800164d   Thumb Code    48  list.o(i.vListInsert)
    vListInsertEnd                           0x0800167d   Thumb Code    24  list.o(i.vListInsertEnd)
    vPortEnterCritical                       0x08001695   Thumb Code    32  port.o(i.vPortEnterCritical)
    vPortExitCritical                        0x080016bd   Thumb Code    16  port.o(i.vPortExitCritical)
    vPortFree                                0x080016d1   Thumb Code    64  heap_4.o(i.vPortFree)
    vPortSetupTimerInterrupt                 0x08001715   Thumb Code    32  port.o(i.vPortSetupTimerInterrupt)
    vQueueAddToRegistry                      0x08001739   Thumb Code    54  queue.o(i.vQueueAddToRegistry)
    vQueueWaitForMessageRestricted           0x08001775   Thumb Code    68  queue.o(i.vQueueWaitForMessageRestricted)
    vTaskDelay                               0x080017b9   Thumb Code    48  tasks.o(i.vTaskDelay)
    vTaskDelete                              0x080017f1   Thumb Code   144  tasks.o(i.vTaskDelete)
    vTaskInternalSetTimeOutState             0x08001891   Thumb Code    12  tasks.o(i.vTaskInternalSetTimeOutState)
    vTaskMissedYield                         0x080018a1   Thumb Code     8  tasks.o(i.vTaskMissedYield)
    vTaskPlaceOnEventList                    0x080018ad   Thumb Code    30  tasks.o(i.vTaskPlaceOnEventList)
    vTaskPlaceOnEventListRestricted          0x080018d1   Thumb Code    58  tasks.o(i.vTaskPlaceOnEventListRestricted)
    vTaskStartScheduler                      0x08001911   Thumb Code    72  tasks.o(i.vTaskStartScheduler)
    vTaskSuspendAll                          0x08001969   Thumb Code    10  tasks.o(i.vTaskSuspendAll)
    vTaskSwitchContext                       0x08001979   Thumb Code    64  tasks.o(i.vTaskSwitchContext)
    xPortStartScheduler                      0x080019c1   Thumb Code   138  port.o(i.xPortStartScheduler)
    xPortSysTickHandler                      0x08001a5d   Thumb Code    38  port.o(i.xPortSysTickHandler)
    xQueueGenericCreate                      0x08001a89   Thumb Code    84  queue.o(i.xQueueGenericCreate)
    xQueueGenericReset                       0x08001add   Thumb Code   142  queue.o(i.xQueueGenericReset)
    xQueueReceive                            0x08001b71   Thumb Code   238  queue.o(i.xQueueReceive)
    xTaskCheckForTimeOut                     0x08001c65   Thumb Code    82  tasks.o(i.xTaskCheckForTimeOut)
    xTaskCreate                              0x08001cbd   Thumb Code    92  tasks.o(i.xTaskCreate)
    xTaskDelayUntil                          0x08001d19   Thumb Code    80  tasks.o(i.xTaskDelayUntil)
    xTaskGetSchedulerState                   0x08001d71   Thumb Code    22  tasks.o(i.xTaskGetSchedulerState)
    xTaskGetTickCount                        0x08001d8d   Thumb Code     6  tasks.o(i.xTaskGetTickCount)
    xTaskIncrementTick                       0x08001d99   Thumb Code   268  tasks.o(i.xTaskIncrementTick)
    xTaskPriorityDisinherit                  0x08001ead   Thumb Code   134  tasks.o(i.xTaskPriorityDisinherit)
    xTaskRemoveFromEventList                 0x08001f3d   Thumb Code   190  tasks.o(i.xTaskRemoveFromEventList)
    xTaskResumeAll                           0x08002009   Thumb Code   264  tasks.o(i.xTaskResumeAll)
    xTimerCreateTimerTask                    0x08002121   Thumb Code    44  timers.o(i.xTimerCreateTimerTask)
    _fp_init                                 0x0800215d   Thumb Code    10  fpinit.o(x$fpl$fpinit)
    __fplib_config_fpu_vfp                   0x08002165   Thumb Code     0  fpinit.o(x$fpl$fpinit)
    __fplib_config_pureend_doubles           0x08002165   Thumb Code     0  fpinit.o(x$fpl$fpinit)
    oled_asc2_1206                           0x08002166   Data        1140  oled.o(.constdata)
    oled_asc2_1608                           0x080025da   Data        1520  oled.o(.constdata)
    Region$$Table$$Base                      0x08002bcc   Number         0  anon$$obj.o(Region$$Table)
    Region$$Table$$Limit                     0x08002bec   Number         0  anon$$obj.o(Region$$Table)
    StartTask_Handler                        0x20000000   Data           4  main.o(.data)
    SystemCoreClock                          0x20000004   Data           4  system_stm32f4xx.o(.data)
    AHBPrescTable                            0x20000008   Data          16  system_stm32f4xx.o(.data)
    Led_Count                                0x20000020   Data           4  led.o(.data)
    Buz_Count                                0x20000024   Data           4  buz.o(.data)
    pxCurrentTCB                             0x20000028   Data           4  tasks.o(.data)
    uxTopUsedPriority                        0x20000058   Data           4  tasks.o(.data)
    OLED_GRAM                                0x200000a4   Data        1024  oled.o(.bss)
    xQueueRegistry                           0x200004a4   Data          64  queue.o(.bss)
    __libspace_start                         0x200057f0   Data          96  libspace.o(.bss)
    __temporary_stack_top$libspace           0x20005850   Data           0  libspace.o(.bss)



==============================================================================

Memory Map of the image

  Image Entry point : 0x08000189

  Load Region LR_IROM1 (Base: 0x08000000, Size: 0x00002c90, Max: 0x00080000, ABSOLUTE)

    Execution Region ER_IROM1 (Exec base: 0x08000000, Load base: 0x08000000, Size: 0x00002bec, Max: 0x00080000, ABSOLUTE)

    Exec Addr    Load Addr    Size         Type   Attr      Idx    E Section Name        Object

    0x08000000   0x08000000   0x00000188   Data   RO          221    RESET               startup_stm32f40_41xxx.o
    0x08000188   0x08000188   0x00000008   Code   RO         3575  * !!!main             c_w.l(__main.o)
    0x08000190   0x08000190   0x00000034   Code   RO         3745    !!!scatter          c_w.l(__scatter.o)
    0x080001c4   0x080001c4   0x0000001a   Code   RO         3747    !!handler_copy      c_w.l(__scatter_copy.o)
    0x080001de   0x080001de   0x00000002   PAD
    0x080001e0   0x080001e0   0x0000001c   Code   RO         3749    !!handler_zi        c_w.l(__scatter_zi.o)
    0x080001fc   0x080001fc   0x00000002   Code   RO         3615    .ARM.Collect$$libinit$$00000000  c_w.l(libinit.o)
    0x080001fe   0x080001fe   0x00000004   Code   RO         3621    .ARM.Collect$$libinit$$00000001  c_w.l(libinit2.o)
    0x08000202   0x08000202   0x00000000   Code   RO         3624    .ARM.Collect$$libinit$$00000004  c_w.l(libinit2.o)
    0x08000202   0x08000202   0x00000000   Code   RO         3627    .ARM.Collect$$libinit$$0000000A  c_w.l(libinit2.o)
    0x08000202   0x08000202   0x00000000   Code   RO         3629    .ARM.Collect$$libinit$$0000000C  c_w.l(libinit2.o)
    0x08000202   0x08000202   0x00000000   Code   RO         3631    .ARM.Collect$$libinit$$0000000E  c_w.l(libinit2.o)
    0x08000202   0x08000202   0x00000000   Code   RO         3634    .ARM.Collect$$libinit$$00000011  c_w.l(libinit2.o)
    0x08000202   0x08000202   0x00000000   Code   RO         3636    .ARM.Collect$$libinit$$00000013  c_w.l(libinit2.o)
    0x08000202   0x08000202   0x00000000   Code   RO         3638    .ARM.Collect$$libinit$$00000015  c_w.l(libinit2.o)
    0x08000202   0x08000202   0x00000000   Code   RO         3640    .ARM.Collect$$libinit$$00000017  c_w.l(libinit2.o)
    0x08000202   0x08000202   0x00000000   Code   RO         3642    .ARM.Collect$$libinit$$00000019  c_w.l(libinit2.o)
    0x08000202   0x08000202   0x00000000   Code   RO         3644    .ARM.Collect$$libinit$$0000001B  c_w.l(libinit2.o)
    0x08000202   0x08000202   0x00000000   Code   RO         3646    .ARM.Collect$$libinit$$0000001D  c_w.l(libinit2.o)
    0x08000202   0x08000202   0x00000000   Code   RO         3648    .ARM.Collect$$libinit$$0000001F  c_w.l(libinit2.o)
    0x08000202   0x08000202   0x00000000   Code   RO         3650    .ARM.Collect$$libinit$$00000021  c_w.l(libinit2.o)
    0x08000202   0x08000202   0x00000000   Code   RO         3652    .ARM.Collect$$libinit$$00000023  c_w.l(libinit2.o)
    0x08000202   0x08000202   0x00000000   Code   RO         3654    .ARM.Collect$$libinit$$00000025  c_w.l(libinit2.o)
    0x08000202   0x08000202   0x00000000   Code   RO         3658    .ARM.Collect$$libinit$$0000002C  c_w.l(libinit2.o)
    0x08000202   0x08000202   0x00000000   Code   RO         3660    .ARM.Collect$$libinit$$0000002E  c_w.l(libinit2.o)
    0x08000202   0x08000202   0x00000000   Code   RO         3662    .ARM.Collect$$libinit$$00000030  c_w.l(libinit2.o)
    0x08000202   0x08000202   0x00000000   Code   RO         3664    .ARM.Collect$$libinit$$00000032  c_w.l(libinit2.o)
    0x08000202   0x08000202   0x00000002   Code   RO         3665    .ARM.Collect$$libinit$$00000033  c_w.l(libinit2.o)
    0x08000204   0x08000204   0x00000002   Code   RO         3685    .ARM.Collect$$libshutdown$$00000000  c_w.l(libshutdown.o)
    0x08000206   0x08000206   0x00000000   Code   RO         3698    .ARM.Collect$$libshutdown$$00000002  c_w.l(libshutdown2.o)
    0x08000206   0x08000206   0x00000000   Code   RO         3700    .ARM.Collect$$libshutdown$$00000004  c_w.l(libshutdown2.o)
    0x08000206   0x08000206   0x00000000   Code   RO         3703    .ARM.Collect$$libshutdown$$00000007  c_w.l(libshutdown2.o)
    0x08000206   0x08000206   0x00000000   Code   RO         3706    .ARM.Collect$$libshutdown$$0000000A  c_w.l(libshutdown2.o)
    0x08000206   0x08000206   0x00000000   Code   RO         3708    .ARM.Collect$$libshutdown$$0000000C  c_w.l(libshutdown2.o)
    0x08000206   0x08000206   0x00000000   Code   RO         3711    .ARM.Collect$$libshutdown$$0000000F  c_w.l(libshutdown2.o)
    0x08000206   0x08000206   0x00000002   Code   RO         3712    .ARM.Collect$$libshutdown$$00000010  c_w.l(libshutdown2.o)
    0x08000208   0x08000208   0x00000000   Code   RO         3577    .ARM.Collect$$rtentry$$00000000  c_w.l(__rtentry.o)
    0x08000208   0x08000208   0x00000000   Code   RO         3590    .ARM.Collect$$rtentry$$00000002  c_w.l(__rtentry2.o)
    0x08000208   0x08000208   0x00000006   Code   RO         3602    .ARM.Collect$$rtentry$$00000004  c_w.l(__rtentry4.o)
    0x0800020e   0x0800020e   0x00000000   Code   RO         3592    .ARM.Collect$$rtentry$$00000009  c_w.l(__rtentry2.o)
    0x0800020e   0x0800020e   0x00000004   Code   RO         3593    .ARM.Collect$$rtentry$$0000000A  c_w.l(__rtentry2.o)
    0x08000212   0x08000212   0x00000000   Code   RO         3595    .ARM.Collect$$rtentry$$0000000C  c_w.l(__rtentry2.o)
    0x08000212   0x08000212   0x00000008   Code   RO         3596    .ARM.Collect$$rtentry$$0000000D  c_w.l(__rtentry2.o)
    0x0800021a   0x0800021a   0x00000002   Code   RO         3619    .ARM.Collect$$rtexit$$00000000  c_w.l(rtexit.o)
    0x0800021c   0x0800021c   0x00000000   Code   RO         3667    .ARM.Collect$$rtexit$$00000002  c_w.l(rtexit2.o)
    0x0800021c   0x0800021c   0x00000004   Code   RO         3668    .ARM.Collect$$rtexit$$00000003  c_w.l(rtexit2.o)
    0x08000220   0x08000220   0x00000006   Code   RO         3669    .ARM.Collect$$rtexit$$00000004  c_w.l(rtexit2.o)
    0x08000226   0x08000226   0x00000002   PAD
    0x08000228   0x08000228   0x000000be   Code   RO         3443    .emb_text           port.o
    0x080002e6   0x080002e6   0x00000002   PAD
    0x080002e8   0x080002e8   0x00000040   Code   RO          222    .text               startup_stm32f40_41xxx.o
    0x08000328   0x08000328   0x0000008a   Code   RO         3565    .text               c_w.l(rt_memcpy_v6.o)
    0x080003b2   0x080003b2   0x00000010   Code   RO         3567    .text               c_w.l(aeabi_memset.o)
    0x080003c2   0x080003c2   0x00000044   Code   RO         3569    .text               c_w.l(rt_memclr.o)
    0x08000406   0x08000406   0x0000004e   Code   RO         3571    .text               c_w.l(rt_memclr_w.o)
    0x08000454   0x08000454   0x00000006   Code   RO         3573    .text               c_w.l(heapauxi.o)
    0x0800045a   0x0800045a   0x00000064   Code   RO         3587    .text               c_w.l(rt_memcpy_w.o)
    0x080004be   0x080004be   0x0000004a   Code   RO         3606    .text               c_w.l(sys_stackheap_outer.o)
    0x08000508   0x08000508   0x00000012   Code   RO         3608    .text               c_w.l(exit.o)
    0x0800051a   0x0800051a   0x00000002   PAD
    0x0800051c   0x0800051c   0x00000008   Code   RO         3616    .text               c_w.l(libspace.o)
    0x08000524   0x08000524   0x0000000c   Code   RO         3677    .text               c_w.l(sys_exit.o)
    0x08000530   0x08000530   0x00000002   Code   RO         3688    .text               c_w.l(use_no_semi.o)
    0x08000532   0x08000532   0x00000000   Code   RO         3690    .text               c_w.l(indicate_semi.o)
    0x08000532   0x08000532   0x00000002   PAD
    0x08000534   0x08000534   0x00000040   Code   RO         2209    i.BUZ_Init          buz.o
    0x08000574   0x08000574   0x00000002   Code   RO          228    i.BusFault_Handler  stm32f4xx_it.o
    0x08000576   0x08000576   0x00000002   Code   RO          229    i.DebugMon_Handler  stm32f4xx_it.o
    0x08000578   0x08000578   0x00000078   Code   RO          392    i.GPIO_Init         stm32f4xx_gpio.o
    0x080005f0   0x080005f0   0x00000004   Code   RO          400    i.GPIO_SetBits      stm32f4xx_gpio.o
    0x080005f4   0x080005f4   0x00000002   Code   RO          230    i.HardFault_Handler  stm32f4xx_it.o
    0x080005f6   0x080005f6   0x00000002   PAD
    0x080005f8   0x080005f8   0x00000040   Code   RO         2059    i.LED_Init          led.o
    0x08000638   0x08000638   0x00000002   Code   RO          231    i.MemManage_Handler  stm32f4xx_it.o
    0x0800063a   0x0800063a   0x00000002   Code   RO          232    i.NMI_Handler       stm32f4xx_it.o
    0x0800063c   0x0800063c   0x00000014   Code   RO          348    i.NVIC_PriorityGroupConfig  misc.o
    0x08000650   0x08000650   0x0000002c   Code   RO         2091    i.OLED_Clear        oled.o
    0x0800067c   0x0800067c   0x0000001e   Code   RO         2093    i.OLED_Display_On   oled.o
    0x0800069a   0x0800069a   0x00000002   PAD
    0x0800069c   0x0800069c   0x0000003c   Code   RO         2094    i.OLED_DrawPoint    oled.o
    0x080006d8   0x080006d8   0x00000130   Code   RO         2095    i.OLED_Init         oled.o
    0x08000808   0x08000808   0x00000048   Code   RO         2096    i.OLED_Refresh_Gram  oled.o
    0x08000850   0x08000850   0x00000084   Code   RO         2097    i.OLED_ShowChar     oled.o
    0x080008d4   0x080008d4   0x00000078   Code   RO         2098    i.OLED_ShowNumber   oled.o
    0x0800094c   0x0800094c   0x0000003e   Code   RO         2099    i.OLED_ShowString   oled.o
    0x0800098a   0x0800098a   0x00000002   PAD
    0x0800098c   0x0800098c   0x00000044   Code   RO         2100    i.OLED_WR_Byte      oled.o
    0x080009d0   0x080009d0   0x0000000c   Code   RO          713    i.PWR_BackupAccessCmd  stm32f4xx_pwr.o
    0x080009dc   0x080009dc   0x00000018   Code   RO          835    i.RCC_AHB1PeriphClockCmd  stm32f4xx_rcc.o
    0x080009f4   0x080009f4   0x00000018   Code   RO          844    i.RCC_APB1PeriphClockCmd  stm32f4xx_rcc.o
    0x08000a0c   0x08000a0c   0x0000001c   Code   RO          865    i.RCC_LSEConfig     stm32f4xx_rcc.o
    0x08000a28   0x08000a28   0x000000b4   Code   RO          310    i.SetSysClock       system_stm32f4xx.o
    0x08000adc   0x08000adc   0x00000018   Code   RO          351    i.SysTick_CLKSourceConfig  misc.o
    0x08000af4   0x08000af4   0x00000014   Code   RO         2004    i.SysTick_Handler   delay.o
    0x08000b08   0x08000b08   0x0000005c   Code   RO          312    i.SystemInit        system_stm32f4xx.o
    0x08000b64   0x08000b64   0x00000002   Code   RO          233    i.UsageFault_Handler  stm32f4xx_it.o
    0x08000b66   0x08000b66   0x00000002   PAD
    0x08000b68   0x08000b68   0x00000020   Code   RO         2210    i.buz_task          buz.o
    0x08000b88   0x08000b88   0x00000038   Code   RO         2005    i.delay_init        delay.o
    0x08000bc0   0x08000bc0   0x00000038   Code   RO         2006    i.delay_ms          delay.o
    0x08000bf8   0x08000bf8   0x00000034   Code   RO         2007    i.delay_us          delay.o
    0x08000c2c   0x08000c2c   0x0000001c   Code   RO         2009    i.getSysTickCnt     delay.o
    0x08000c48   0x08000c48   0x00000020   Code   RO         2060    i.led_task          led.o
    0x08000c68   0x08000c68   0x00000038   Code   RO            3    i.main              main.o
    0x08000ca0   0x08000ca0   0x00000010   Code   RO         2101    i.oled_pow          oled.o
    0x08000cb0   0x08000cb0   0x00000088   Code   RO         2180    i.oled_show         show.o
    0x08000d38   0x08000d38   0x00000088   Code   RO         2838    i.prvAddCurrentTaskToDelayedList  tasks.o
    0x08000dc0   0x08000dc0   0x000000f0   Code   RO         2839    i.prvAddNewTaskToReadyList  tasks.o
    0x08000eb0   0x08000eb0   0x00000050   Code   RO         3213    i.prvCheckForValidListAndQueue  timers.o
    0x08000f00   0x08000f00   0x00000026   Code   RO         2442    i.prvCopyDataFromQueue  queue.o
    0x08000f26   0x08000f26   0x0000006c   Code   RO         2443    i.prvCopyDataToQueue  queue.o
    0x08000f92   0x08000f92   0x00000014   Code   RO         2840    i.prvDeleteTCB      tasks.o
    0x08000fa6   0x08000fa6   0x00000002   PAD
    0x08000fa8   0x08000fa8   0x00000044   Code   RO         3374    i.prvHeapInit       heap_4.o
    0x08000fec   0x08000fec   0x0000005c   Code   RO         2841    i.prvIdleTask       tasks.o
    0x08001048   0x08001048   0x00000084   Code   RO         2842    i.prvInitialiseNewTask  tasks.o
    0x080010cc   0x080010cc   0x0000004c   Code   RO         3375    i.prvInsertBlockIntoFreeList  heap_4.o
    0x08001118   0x08001118   0x00000038   Code   RO         3214    i.prvInsertTimerInActiveList  timers.o
    0x08001150   0x08001150   0x0000001a   Code   RO         2444    i.prvIsQueueEmpty   queue.o
    0x0800116a   0x0800116a   0x0000004e   Code   RO         2445    i.prvNotifyQueueSetContainer  queue.o
    0x080011b8   0x080011b8   0x00000040   Code   RO         3215    i.prvProcessExpiredTimer  timers.o
    0x080011f8   0x080011f8   0x000000e4   Code   RO         3216    i.prvProcessReceivedCommands  timers.o
    0x080012dc   0x080012dc   0x0000006c   Code   RO         3217    i.prvProcessTimerOrBlockTask  timers.o
    0x08001348   0x08001348   0x00000028   Code   RO         3218    i.prvReloadTimer    timers.o
    0x08001370   0x08001370   0x0000001c   Code   RO         2844    i.prvResetNextTaskUnblockTime  tasks.o
    0x0800138c   0x0800138c   0x00000048   Code   RO         3219    i.prvSampleTimeNow  timers.o
    0x080013d4   0x080013d4   0x00000010   Code   RO         3444    i.prvTaskExitError  port.o
    0x080013e4   0x080013e4   0x00000028   Code   RO         3220    i.prvTimerTask      timers.o
    0x0800140c   0x0800140c   0x00000076   Code   RO         2446    i.prvUnlockQueue    queue.o
    0x08001482   0x08001482   0x00000002   PAD
    0x08001484   0x08001484   0x00000098   Code   RO         3377    i.pvPortMalloc      heap_4.o
    0x0800151c   0x0800151c   0x0000002c   Code   RO         3445    i.pxPortInitialiseStack  port.o
    0x08001548   0x08001548   0x00000014   Code   RO         2181    i.show_task         show.o
    0x0800155c   0x0800155c   0x00000080   Code   RO            4    i.start_task        main.o
    0x080015dc   0x080015dc   0x00000020   Code   RO         1960    i.systemInit        system.o
    0x080015fc   0x080015fc   0x00000026   Code   RO         2394    i.uxListRemove      list.o
    0x08001622   0x08001622   0x00000002   PAD
    0x08001624   0x08001624   0x0000000c   Code   RO         2849    i.uxTaskGetNumberOfTasks  tasks.o
    0x08001630   0x08001630   0x00000016   Code   RO         2395    i.vListInitialise   list.o
    0x08001646   0x08001646   0x00000006   Code   RO         2396    i.vListInitialiseItem  list.o
    0x0800164c   0x0800164c   0x00000030   Code   RO         2397    i.vListInsert       list.o
    0x0800167c   0x0800167c   0x00000018   Code   RO         2398    i.vListInsertEnd    list.o
    0x08001694   0x08001694   0x00000028   Code   RO         3447    i.vPortEnterCritical  port.o
    0x080016bc   0x080016bc   0x00000014   Code   RO         3448    i.vPortExitCritical  port.o
    0x080016d0   0x080016d0   0x00000044   Code   RO         3378    i.vPortFree         heap_4.o
    0x08001714   0x08001714   0x00000024   Code   RO         3449    i.vPortSetupTimerInterrupt  port.o
    0x08001738   0x08001738   0x0000003c   Code   RO         2452    i.vQueueAddToRegistry  queue.o
    0x08001774   0x08001774   0x00000044   Code   RO         2456    i.vQueueWaitForMessageRestricted  queue.o
    0x080017b8   0x080017b8   0x00000038   Code   RO         2855    i.vTaskDelay        tasks.o
    0x080017f0   0x080017f0   0x000000a0   Code   RO         2856    i.vTaskDelete       tasks.o
    0x08001890   0x08001890   0x00000010   Code   RO         2860    i.vTaskInternalSetTimeOutState  tasks.o
    0x080018a0   0x080018a0   0x0000000c   Code   RO         2862    i.vTaskMissedYield  tasks.o
    0x080018ac   0x080018ac   0x00000024   Code   RO         2863    i.vTaskPlaceOnEventList  tasks.o
    0x080018d0   0x080018d0   0x00000040   Code   RO         2864    i.vTaskPlaceOnEventListRestricted  tasks.o
    0x08001910   0x08001910   0x00000058   Code   RO         2872    i.vTaskStartScheduler  tasks.o
    0x08001968   0x08001968   0x00000010   Code   RO         2874    i.vTaskSuspendAll   tasks.o
    0x08001978   0x08001978   0x00000048   Code   RO         2875    i.vTaskSwitchContext  tasks.o
    0x080019c0   0x080019c0   0x0000009c   Code   RO         3451    i.xPortStartScheduler  port.o
    0x08001a5c   0x08001a5c   0x0000002c   Code   RO         3452    i.xPortSysTickHandler  port.o
    0x08001a88   0x08001a88   0x00000054   Code   RO         2461    i.xQueueGenericCreate  queue.o
    0x08001adc   0x08001adc   0x00000094   Code   RO         2462    i.xQueueGenericReset  queue.o
    0x08001b70   0x08001b70   0x000000f4   Code   RO         2471    i.xQueueReceive     queue.o
    0x08001c64   0x08001c64   0x00000058   Code   RO         2877    i.xTaskCheckForTimeOut  tasks.o
    0x08001cbc   0x08001cbc   0x0000005c   Code   RO         2878    i.xTaskCreate       tasks.o
    0x08001d18   0x08001d18   0x00000058   Code   RO         2879    i.xTaskDelayUntil   tasks.o
    0x08001d70   0x08001d70   0x0000001c   Code   RO         2885    i.xTaskGetSchedulerState  tasks.o
    0x08001d8c   0x08001d8c   0x0000000c   Code   RO         2886    i.xTaskGetTickCount  tasks.o
    0x08001d98   0x08001d98   0x00000114   Code   RO         2888    i.xTaskIncrementTick  tasks.o
    0x08001eac   0x08001eac   0x00000090   Code   RO         2889    i.xTaskPriorityDisinherit  tasks.o
    0x08001f3c   0x08001f3c   0x000000cc   Code   RO         2891    i.xTaskRemoveFromEventList  tasks.o
    0x08002008   0x08002008   0x00000118   Code   RO         2892    i.xTaskResumeAll    tasks.o
    0x08002120   0x08002120   0x0000003c   Code   RO         3228    i.xTimerCreateTimerTask  timers.o
    0x0800215c   0x0800215c   0x0000000a   Code   RO         3675    x$fpl$fpinit        fz_wm.l(fpinit.o)
    0x08002166   0x08002166   0x00000a64   Data   RO         2103    .constdata          oled.o
    0x08002bca   0x08002bca   0x00000002   PAD
    0x08002bcc   0x08002bcc   0x00000020   Data   RO         3743    Region$$Table       anon$$obj.o


    Execution Region RW_IRAM1 (Exec base: 0x20000000, Load base: 0x08002bec, Size: 0x00005e50, Max: 0x00020000, ABSOLUTE)

    Exec Addr    Load Addr    Size         Type   Attr      Idx    E Section Name        Object

    0x20000000   0x08002bec   0x00000004   Data   RW            5    .data               main.o
    0x20000004   0x08002bf0   0x00000014   Data   RW          313    .data               system_stm32f4xx.o
    0x20000018   0x08002c04   0x00000008   Data   RW         2010    .data               delay.o
    0x20000020   0x08002c0c   0x00000004   Data   RW         2061    .data               led.o
    0x20000024   0x08002c10   0x00000004   Data   RW         2211    .data               buz.o
    0x20000028   0x08002c14   0x00000040   Data   RW         2895    .data               tasks.o
    0x20000068   0x08002c54   0x00000014   Data   RW         3238    .data               timers.o
    0x2000007c   0x08002c68   0x0000001c   Data   RW         3384    .data               heap_4.o
    0x20000098   0x08002c84   0x0000000c   Data   RW         3453    .data               port.o
    0x200000a4        -       0x00000400   Zero   RW         2102    .bss                oled.o
    0x200004a4        -       0x00000040   Zero   RW         2478    .bss                queue.o
    0x200004e4        -       0x000002e4   Zero   RW         2894    .bss                tasks.o
    0x200007c8        -       0x00000028   Zero   RW         3237    .bss                timers.o
    0x200007f0        -       0x00005000   Zero   RW         3383    .bss                heap_4.o
    0x200057f0        -       0x00000060   Zero   RW         3617    .bss                c_w.l(libspace.o)
    0x20005850        -       0x00000200   Zero   RW          220    HEAP                startup_stm32f40_41xxx.o
    0x20005a50        -       0x00000400   Zero   RW          219    STACK               startup_stm32f40_41xxx.o


==============================================================================

Image component sizes


      Code (inc. data)   RO Data    RW Data    ZI Data      Debug   Object Name

        96         16          0          4          0       1254   buz.o
       212         20          0          8          0       3161   delay.o
         0          0          0          0          0      14604   event_groups.o
       364         22          0         28      20480       4791   heap_4.o
        96         16          0          4          0       1254   led.o
       138          0          0          0          0       3358   list.o
       184         74          0          4          0     256772   main.o
        44         10          0          0          0       1137   misc.o
       908         42       2660          0       1024       7774   oled.o
       546         60          0         12          0       9940   port.o
       972         18          0          0         64      13643   queue.o
       156         16          0          0          0       1212   show.o
        64         26        392          0       1536        808   startup_stm32f40_41xxx.o
       124          0          0          0          0       1735   stm32f4xx_gpio.o
        12          0          0          0          0       2805   stm32f4xx_it.o
        12          6          0          0          0        550   stm32f4xx_pwr.o
        76         18          0          0          0       1814   stm32f4xx_rcc.o
        32          0          0          0          0        509   system.o
       272         36          0         20          0       1829   system_stm32f4xx.o
      2392        194          0         64        740      34419   tasks.o
       748         82          0         20         40      10878   timers.o

    ----------------------------------------------------------------------
      7464        656       3086        164      23884     374247   Object Totals
         0          0         32          0          0          0   (incl. Generated)
        16          0          2          0          0          0   (incl. Padding)

    ----------------------------------------------------------------------

      Code (inc. data)   RO Data    RW Data    ZI Data      Debug   Library Member Name

         8          0          0          0          0         68   __main.o
         0          0          0          0          0          0   __rtentry.o
        12          0          0          0          0          0   __rtentry2.o
         6          0          0          0          0          0   __rtentry4.o
        52          8          0          0          0          0   __scatter.o
        26          0          0          0          0          0   __scatter_copy.o
        28          0          0          0          0          0   __scatter_zi.o
        16          0          0          0          0         68   aeabi_memset.o
        18          0          0          0          0         80   exit.o
         6          0          0          0          0        152   heapauxi.o
         0          0          0          0          0          0   indicate_semi.o
         2          0          0          0          0          0   libinit.o
         6          0          0          0          0          0   libinit2.o
         2          0          0          0          0          0   libshutdown.o
         2          0          0          0          0          0   libshutdown2.o
         8          4          0          0         96         68   libspace.o
        68          0          0          0          0         68   rt_memclr.o
        78          0          0          0          0         80   rt_memclr_w.o
       138          0          0          0          0         68   rt_memcpy_v6.o
       100          0          0          0          0         80   rt_memcpy_w.o
         2          0          0          0          0          0   rtexit.o
        10          0          0          0          0          0   rtexit2.o
        12          4          0          0          0         68   sys_exit.o
        74          0          0          0          0         80   sys_stackheap_outer.o
         2          0          0          0          0         68   use_no_semi.o
        10          0          0          0          0        116   fpinit.o

    ----------------------------------------------------------------------
       694         16          0          0         96       1064   Library Totals
         8          0          0          0          0          0   (incl. Padding)

    ----------------------------------------------------------------------

      Code (inc. data)   RO Data    RW Data    ZI Data      Debug   Library Name

       676         16          0          0         96        948   c_w.l
        10          0          0          0          0        116   fz_wm.l

    ----------------------------------------------------------------------
       694         16          0          0         96       1064   Library Totals

    ----------------------------------------------------------------------

==============================================================================


      Code (inc. data)   RO Data    RW Data    ZI Data      Debug   

      8158        672       3086        164      23980     365495   Grand Totals
      8158        672       3086        164      23980     365495   ELF Image Totals
      8158        672       3086        164          0          0   ROM Totals

==============================================================================

    Total RO  Size (Code + RO Data)                11244 (  10.98kB)
    Total RW  Size (RW Data + ZI Data)             24144 (  23.58kB)
    Total ROM Size (Code + RO Data + RW Data)      11408 (  11.14kB)

==============================================================================

